Archive member included to satisfy reference by file (symbol)

C:\SE\MFRC522\Release\libMFRC522.a(mfrc522.o)
                              ./src/Lab_5.o (MFRC522_Init)
C:\SE\SE1819\Debug\libSE1819.a(lcd.o)
                              ./src/Lab_5.o (LCDText_Init)
C:\SE\SE1819\Debug\libSE1819.a(mfrc.o)
                              C:\SE\MFRC522\Release\libMFRC522.a(mfrc522.o) (MFRC522_PreInit)
C:\SE\SE1819\Debug\libSE1819.a(spi.o)
                              C:\SE\SE1819\Debug\libSE1819.a(mfrc.o) (SPI_Init)
C:\SE\SE1819\Debug\libSE1819.a(wait.o)
                              ./src/Lab_5.o (WAIT_Init)
C:\SE\SE1819\Debug\libSE1819.a(waitos.o)
                              C:\SE\SE1819\Debug\libSE1819.a(mfrc.o) (WAITOS_Ms)
C:\SE\CMSIS_CORE_LPC17xx\Debug\libCMSIS_CORE_LPC17xx.a(system_LPC17xx.o)
                              ./src/cr_startup_lpc175x_6x.o (SystemInit)
c:/nxp/mcuxpressoide_10.2.1_795/ide/tools/bin/../lib/gcc/arm-none-eabi/7.2.1/../../../../arm-none-eabi/lib/thumb/v7-m\libcr_semihost.a(_cr__main.o)
                              ./src/cr_startup_lpc175x_6x.o (__main)
c:/nxp/mcuxpressoide_10.2.1_795/ide/tools/bin/../lib/gcc/arm-none-eabi/7.2.1/../../../../arm-none-eabi/lib/thumb/v7-m\libcr_c.a(memcpy.o)
                              C:\SE\MFRC522\Release\libMFRC522.a(mfrc522.o) (memcpy)
c:/nxp/mcuxpressoide_10.2.1_795/ide/tools/bin/../lib/gcc/arm-none-eabi/7.2.1/../../../../arm-none-eabi/lib/thumb/v7-m\libcr_c.a(memset.o)
                              ./src/Lab_5.o (memset)
c:/nxp/mcuxpressoide_10.2.1_795/ide/tools/bin/../lib/gcc/arm-none-eabi/7.2.1/../../../../arm-none-eabi/lib/thumb/v7-m\libcr_c.a(alloc.o)
                              ./src/Lab_5.o (malloc)
c:/nxp/mcuxpressoide_10.2.1_795/ide/tools/bin/../lib/gcc/arm-none-eabi/7.2.1/../../../../arm-none-eabi/lib/thumb/v7-m\libcr_c.a(fpprintf.o)
                              C:\SE\SE1819\Debug\libSE1819.a(lcd.o) (vsprintf)
c:/nxp/mcuxpressoide_10.2.1_795/ide/tools/bin/../lib/gcc/arm-none-eabi/7.2.1/../../../../arm-none-eabi/lib/thumb/v7-m\libcr_c.a(initio.o)
                              c:/nxp/mcuxpressoide_10.2.1_795/ide/tools/bin/../lib/gcc/arm-none-eabi/7.2.1/../../../../arm-none-eabi/lib/thumb/v7-m\libcr_semihost.a(_cr__main.o) (_initio)
c:/nxp/mcuxpressoide_10.2.1_795/ide/tools/bin/../lib/gcc/arm-none-eabi/7.2.1/../../../../arm-none-eabi/lib/thumb/v7-m\libcr_c.a(itoa.o)
                              ./src/Lab_5.o (itoa)
c:/nxp/mcuxpressoide_10.2.1_795/ide/tools/bin/../lib/gcc/arm-none-eabi/7.2.1/../../../../arm-none-eabi/lib/thumb/v7-m\libcr_c.a(printf.o)
                              c:/nxp/mcuxpressoide_10.2.1_795/ide/tools/bin/../lib/gcc/arm-none-eabi/7.2.1/../../../../arm-none-eabi/lib/thumb/v7-m\libcr_c.a(fpprintf.o) (__vfprintf)
c:/nxp/mcuxpressoide_10.2.1_795/ide/tools/bin/../lib/gcc/arm-none-eabi/7.2.1/../../../../arm-none-eabi/lib/thumb/v7-m\libcr_c.a(setvbuf.o)
                              c:/nxp/mcuxpressoide_10.2.1_795/ide/tools/bin/../lib/gcc/arm-none-eabi/7.2.1/../../../../arm-none-eabi/lib/thumb/v7-m\libcr_c.a(initio.o) (setvbuf)
c:/nxp/mcuxpressoide_10.2.1_795/ide/tools/bin/../lib/gcc/arm-none-eabi/7.2.1/../../../../arm-none-eabi/lib/thumb/v7-m\libcr_c.a(strcat.o)
                              ./src/Lab_5.o (strcat)
c:/nxp/mcuxpressoide_10.2.1_795/ide/tools/bin/../lib/gcc/arm-none-eabi/7.2.1/../../../../arm-none-eabi/lib/thumb/v7-m\libcr_c.a(strlen.o)
                              c:/nxp/mcuxpressoide_10.2.1_795/ide/tools/bin/../lib/gcc/arm-none-eabi/7.2.1/../../../../arm-none-eabi/lib/thumb/v7-m\libcr_c.a(printf.o) (strlen)
c:/nxp/mcuxpressoide_10.2.1_795/ide/tools/bin/../lib/gcc/arm-none-eabi/7.2.1/../../../../arm-none-eabi/lib/thumb/v7-m\libcr_c.a(__init_alloc.o)
                              c:/nxp/mcuxpressoide_10.2.1_795/ide/tools/bin/../lib/gcc/arm-none-eabi/7.2.1/../../../../arm-none-eabi/lib/thumb/v7-m\libcr_c.a(alloc.o) (__heaps)
c:/nxp/mcuxpressoide_10.2.1_795/ide/tools/bin/../lib/gcc/arm-none-eabi/7.2.1/../../../../arm-none-eabi/lib/thumb/v7-m\libcr_c.a(_cr_sbrk.o)
                              c:/nxp/mcuxpressoide_10.2.1_795/ide/tools/bin/../lib/gcc/arm-none-eabi/7.2.1/../../../../arm-none-eabi/lib/thumb/v7-m\libcr_c.a(alloc.o) (_sbrk)
c:/nxp/mcuxpressoide_10.2.1_795/ide/tools/bin/../lib/gcc/arm-none-eabi/7.2.1/../../../../arm-none-eabi/lib/thumb/v7-m\libcr_c.a(_deferredlazyseek.o)
                              c:/nxp/mcuxpressoide_10.2.1_795/ide/tools/bin/../lib/gcc/arm-none-eabi/7.2.1/../../../../arm-none-eabi/lib/thumb/v7-m\libcr_c.a(fpprintf.o) (__flsbuf)
c:/nxp/mcuxpressoide_10.2.1_795/ide/tools/bin/../lib/gcc/arm-none-eabi/7.2.1/../../../../arm-none-eabi/lib/thumb/v7-m\libcr_c.a(_fdopen.o)
                              c:/nxp/mcuxpressoide_10.2.1_795/ide/tools/bin/../lib/gcc/arm-none-eabi/7.2.1/../../../../arm-none-eabi/lib/thumb/v7-m\libcr_c.a(initio.o) (_fdopen)
c:/nxp/mcuxpressoide_10.2.1_795/ide/tools/bin/../lib/gcc/arm-none-eabi/7.2.1/../../../../arm-none-eabi/lib/thumb/v7-m\libcr_c.a(_fflush.o)
[...]
Memory Configuration

Name             Origin             Length             Attributes
MFlash512        0x00000000         0x00080000         xr
RamLoc32         0x10000000         0x00008000         xrw
RamAHB32         0x2007c000         0x00008000         xrw
*default*        0x00000000         0xffffffff

Linker script and memory map

LOAD ./src/Lab_5.o
LOAD ./src/cr_startup_lpc175x_6x.o
LOAD ./src/crp.o
LOAD C:\SE\MFRC522\Release\libMFRC522.a
LOAD C:\SE\SE1819\Debug\libSE1819.a
LOAD C:\SE\CMSIS_CORE_LPC17xx\Debug\libCMSIS_CORE_LPC17xx.a
START GROUP
LOAD c:/nxp/mcuxpressoide_10.2.1_795/ide/tools/bin/../lib/gcc/arm-none-eabi/7.2.1/../../../../arm-none-eabi/lib/thumb/v7-m\libcr_semihost.a
LOAD c:/nxp/mcuxpressoide_10.2.1_795/ide/tools/bin/../lib/gcc/arm-none-eabi/7.2.1/../../../../arm-none-eabi/lib/thumb/v7-m\libcr_c.a
LOAD c:/nxp/mcuxpressoide_10.2.1_795/ide/tools/bin/../lib/gcc/arm-none-eabi/7.2.1/thumb/v7-m\libcr_eabihelpers.a
END GROUP
                0x00000000                __base_MFlash512 = 0x0
                0x00000000                __base_Flash = 0x0
                0x00080000                __top_MFlash512 = 0x80000
                0x00080000                __top_Flash = 0x80000
                0x10000000                __base_RamLoc32 = 0x10000000
                0x10000000                __base_RAM = 0x10000000
                0x10008000                __top_RamLoc32 = 0x10008000
                0x10008000                __top_RAM = 0x10008000
                0x2007c000                __base_RamAHB32 = 0x2007c000
                0x2007c000                __base_RAM2 = 0x2007c000
                0x20084000                __top_RamAHB32 = 0x20084000
                0x20084000                __top_RAM2 = 0x20084000

.text           0x00000000     0x38c4
 FILL mask 0xff
                0x00000000                __vectors_start__ = ABSOLUTE (.)
 *(.isr_vector)
 .isr_vector    0x00000000       0xcc ./src/cr_startup_lpc175x_6x.o
                0x00000000                g_pfnVectors
                0x000000cc                . = ALIGN (0x4)
                0x000000cc                __section_table_start = .
                0x000000cc                __data_section_table = .
                0x000000cc        0x4 LONG 0x38c4 LOADADDR (.data)
                0x000000d0        0x4 LONG 0x10000000 ADDR (.data)
                0x000000d4        0x4 LONG 0x4 SIZEOF (.data)
                0x000000d8        0x4 LONG 0x38c4 LOADADDR (.data_RAM2)
                0x000000dc        0x4 LONG 0x2007c000 ADDR (.data_RAM2)
                0x000000e0        0x4 LONG 0x0 SIZEOF (.data_RAM2)
                0x000000e4                __data_section_table_end = .
                0x000000e4                __bss_section_table = .
                0x000000e4        0x4 LONG 0x10000004 ADDR (.bss)
                0x000000e8        0x4 LONG 0x1fc SIZEOF (.bss)
                0x000000ec        0x4 LONG 0x2007c000 ADDR (.bss_RAM2)
                0x000000f0        0x4 LONG 0x0 SIZEOF (.bss_RAM2)
                0x000000f4                __bss_section_table_end = .
                0x000000f4                __section_table_end = .
 *(.after_vectors*)
 .after_vectors
                0x000000f4      0x12c ./src/cr_startup_lpc175x_6x.o
                0x000000f4                data_init
                0x00000136                bss_init
                0x0000016c                ResetISR
                0x000001e4                NMI_Handler
                0x000001ea                HardFault_Handler
                0x000001f0                MemManage_Handler
                0x000001f6                BusFault_Handler
                0x000001fc                UsageFault_Handler
                0x00000202                SVC_Handler
                0x00000208                DebugMon_Handler
                0x0000020e                PendSV_Handler
                0x0000021a                UART1_IRQHandler
                0x0000021a                EINT3_IRQHandler
                0x0000021a                CANActivity_IRQHandler
                0x0000021a                TIMER3_IRQHandler
                0x0000021a                UART0_IRQHandler
                0x0000021a                USBActivity_IRQHandler
                0x0000021a                EINT2_IRQHandler
                0x0000021a                IntDefaultHandler
                0x0000021a                PLL0_IRQHandler
                0x0000021a                CAN_IRQHandler
                0x0000021a                I2C0_IRQHandler
                0x0000021a                SSP0_IRQHandler
                0x0000021a                I2C1_IRQHandler
                0x0000021a                I2C2_IRQHandler
                0x0000021a                RTC_IRQHandler
                0x0000021a                TIMER0_IRQHandler
                0x0000021a                SPI_IRQHandler
                0x0000021a                RIT_IRQHandler
                0x0000021a                EINT1_IRQHandler
                0x0000021a                TIMER1_IRQHandler
                0x0000021a                UART2_IRQHandler
                0x0000021a                ADC_IRQHandler
                0x0000021a                SSP1_IRQHandler
                0x0000021a                USB_IRQHandler
                0x0000021a                BOD_IRQHandler
                0x0000021a                PWM1_IRQHandler
                0x0000021a                WDT_IRQHandler
                0x0000021a                I2S_IRQHandler
                0x0000021a                QEI_IRQHandler
                0x0000021a                EINT0_IRQHandler
                0x0000021a                PLL1_IRQHandler
                0x0000021a                DMA_IRQHandler
                0x0000021a                TIMER2_IRQHandler
                0x0000021a                UART3_IRQHandler
                0x0000021a                MCPWM_IRQHandler
                0x0000021a                ENET_IRQHandler
                0x000002fc                . = 0x2fc
 *fill*         0x00000220       0xdc ff
                0x000002fc                PROVIDE (__CRP_WORD_START__, .)
 *(.crp)
 .crp           0x000002fc        0x4 ./src/crp.o
                0x000002fc                CRP_WORD
                0x00000300                PROVIDE (__CRP_WORD_END__, .)
                0x00000001                ASSERT (! ((__CRP_WORD_START__ == __CRP_WORD_END__)), Linker CRP Enabled, but no CRP_WORD provided within application)
 *(.text*)
 .text.print_inLCD
                0x00000300       0x80 ./src/Lab_5.o
                0x00000300                print_inLCD
 .text.main     0x00000380       0x64 ./src/Lab_5.o
                0x00000380                main
 .text.PCD_WriteRegister
                0x000003e4       0x24 C:\SE\MFRC522\Release\libMFRC522.a(mfrc522.o)
                0x000003e4                PCD_WriteRegister
 .text.PCD_WriteRegisterMultiple
                0x00000408       0x32 C:\SE\MFRC522\Release\libMFRC522.a(mfrc522.o)
                0x00000408                PCD_WriteRegisterMultiple
 .text.PCD_ReadRegister
                0x0000043a       0x24 C:\SE\MFRC522\Release\libMFRC522.a(mfrc522.o)
                0x0000043a                PCD_ReadRegister
 .text.PCD_AntennaOn
                0x0000045e       0x22 C:\SE\MFRC522\Release\libMFRC522.a(mfrc522.o)
                0x0000045e                PCD_AntennaOn
 .text.PCD_Init
                0x00000480       0x5a C:\SE\MFRC522\Release\libMFRC522.a(mfrc522.o)
                0x00000480                PCD_Init
 .text.MFRC522_Init
                0x000004da        0xe C:\SE\MFRC522\Release\libMFRC522.a(mfrc522.o)
                0x000004da                MFRC522_Init
 .text.PCD_ReadRegisterMultiple
                0x000004e8       0x8e C:\SE\MFRC522\Release\libMFRC522.a(mfrc522.o)
                0x000004e8                PCD_ReadRegisterMultiple
 .text.PCD_SetRegisterBits
                0x00000576       0x1a C:\SE\MFRC522\Release\libMFRC522.a(mfrc522.o)
                0x00000576                PCD_SetRegisterBits
 .text.PCD_ClrRegisterBits
                0x00000590       0x1a C:\SE\MFRC522\Release\libMFRC522.a(mfrc522.o)
                0x00000590                PCD_ClrRegisterBits
 .text.PCD_CalculateCRC
                0x000005aa       0x68 C:\SE\MFRC522\Release\libMFRC522.a(mfrc522.o)
                0x000005aa                PCD_CalculateCRC
 .text.PCD_CommunicateWithPICC
                0x00000612      0x12e C:\SE\MFRC522\Release\libMFRC522.a(mfrc522.o)
                0x00000612                PCD_CommunicateWithPICC
 .text.PCD_TransceiveData
                0x00000740       0x28 C:\SE\MFRC522\Release\libMFRC522.a(mfrc522.o)
                0x00000740                PCD_TransceiveData
 .text.PICC_REQA_or_WUPA
                0x00000768       0x5c C:\SE\MFRC522\Release\libMFRC522.a(mfrc522.o)
                0x00000768                PICC_REQA_or_WUPA
 .text.PICC_RequestA
                0x000007c4        0xa C:\SE\MFRC522\Release\libMFRC522.a(mfrc522.o)
                0x000007c4                PICC_RequestA
 .text.PICC_Select
                0x000007ce      0x288 C:\SE\MFRC522\Release\libMFRC522.a(mfrc522.o)
                0x000007ce                PICC_Select
 .text.PICC_IsNewCardPresent
                0x00000a56       0x20 C:\SE\MFRC522\Release\libMFRC522.a(mfrc522.o)
                0x00000a56                PICC_IsNewCardPresent
 *fill*         0x00000a76        0x2 ff
 .text.PICC_ReadCardSerial
                0x00000a78       0x28 C:\SE\MFRC522\Release\libMFRC522.a(mfrc522.o)
                0x00000a78                PICC_ReadCardSerial
 .text.WriteHalf
                0x00000aa0       0x4c C:\SE\SE1819\Debug\libSE1819.a(lcd.o)
                0x00000aa0                WriteHalf
 .text.WriteByte
                0x00000aec       0x3e C:\SE\SE1819\Debug\libSE1819.a(lcd.o)
 .text.WriteCmd
                0x00000b2a       0x18 C:\SE\SE1819\Debug\libSE1819.a(lcd.o)
 .text.WriteData
                0x00000b42       0x18 C:\SE\SE1819\Debug\libSE1819.a(lcd.o)
 *fill*         0x00000b5a        0x2 ff
 .text.LCDText_Init
                0x00000b5c       0x6c C:\SE\SE1819\Debug\libSE1819.a(lcd.o)
                0x00000b5c                LCDText_Init
 .text.LCDText_WriteString
                0x00000bc8       0x36 C:\SE\SE1819\Debug\libSE1819.a(lcd.o)
                0x00000bc8                LCDText_WriteString
 .text.LCDText_Printf
                0x00000bfe       0x34 C:\SE\SE1819\Debug\libSE1819.a(lcd.o)
                0x00000bfe                LCDText_Printf
 *fill*         0x00000c32        0x2 ff
 .text.MFRC522_PreInit
                0x00000c34       0x64 C:\SE\SE1819\Debug\libSE1819.a(mfrc.o)
                0x00000c34                MFRC522_PreInit
 .text.MFRC522_Reset
                0x00000c98       0x34 C:\SE\SE1819\Debug\libSE1819.a(mfrc.o)
                0x00000c98                MFRC522_Reset
 .text.MFRC522_Select
                0x00000ccc       0x2a C:\SE\SE1819\Debug\libSE1819.a(mfrc.o)
                0x00000ccc                MFRC522_Select
 .text.MFRC522_Transfer
                0x00000cf6       0x2c C:\SE\SE1819\Debug\libSE1819.a(mfrc.o)
                0x00000cf6                MFRC522_Transfer
 .text.MFRC522_WaitMs
                0x00000d22       0x16 C:\SE\SE1819\Debug\libSE1819.a(mfrc.o)
                0x00000d22                MFRC522_WaitMs
 .text.SPI_Init
                0x00000d38       0x68 C:\SE\SE1819\Debug\libSE1819.a(spi.o)
                0x00000d38                SPI_Init
 .text.SPI_ConfigTransfer
                0x00000da0       0x84 C:\SE\SE1819\Debug\libSE1819.a(spi.o)
                0x00000da0                SPI_ConfigTransfer
 .text.SPI_BeginTransfer
                0x00000e24       0x1c C:\SE\SE1819\Debug\libSE1819.a(spi.o)
                0x00000e24                SPI_BeginTransfer
 .text.SPI_EndTransfer
                0x00000e40       0x1c C:\SE\SE1819\Debug\libSE1819.a(spi.o)
                0x00000e40                SPI_EndTransfer
 .text.SPI_Transfer
                0x00000e5c       0xa8 C:\SE\SE1819\Debug\libSE1819.a(spi.o)
                0x00000e5c                SPI_Transfer
 .text.NVIC_SetPriority
                0x00000f04       0x54 C:\SE\SE1819\Debug\libSE1819.a(wait.o)
 .text.SysTick_Config
                0x00000f58       0x44 C:\SE\SE1819\Debug\libSE1819.a(wait.o)
 .text.SysTick_Handler
                0x00000f9c       0x1c C:\SE\SE1819\Debug\libSE1819.a(wait.o)
                0x00000f9c                SysTick_Handler
 .text.WAIT_Init
                0x00000fb8       0x24 C:\SE\SE1819\Debug\libSE1819.a(wait.o)
                0x00000fb8                WAIT_Init
 .text.WAIT_Ms  0x00000fdc       0x40 C:\SE\SE1819\Debug\libSE1819.a(wait.o)
                0x00000fdc                WAIT_Ms
 .text.WAITOS_Ms
                0x0000101c       0x16 C:\SE\SE1819\Debug\libSE1819.a(waitos.o)
                0x0000101c                WAITOS_Ms
 *fill*         0x00001032        0x2 ff
 .text.SystemInit
                0x00001034       0xdc C:\SE\CMSIS_CORE_LPC17xx\Debug\libCMSIS_CORE_LPC17xx.a(system_LPC17xx.o)
                0x00001034                SystemInit
 .text.__main   0x00001110        0xe c:/nxp/mcuxpressoide_10.2.1_795/ide/tools/bin/../lib/gcc/arm-none-eabi/7.2.1/../../../../arm-none-eabi/lib/thumb/v7-m\libcr_semihost.a(_cr__main.o)
                0x00001110                __CR_SEMIHOST
                0x00001110                __main
 .text.memcpy   0x0000111e        0x4 c:/nxp/mcuxpressoide_10.2.1_795/ide/tools/bin/../lib/gcc/arm-none-eabi/7.2.1/../../../../arm-none-eabi/lib/thumb/v7-m\libcr_c.a(memcpy.o)
                0x0000111e                memcpy
 .text.memset   0x00001122        0x4 c:/nxp/mcuxpressoide_10.2.1_795/ide/tools/bin/../lib/gcc/arm-none-eabi/7.2.1/../../../../arm-none-eabi/lib/thumb/v7-m\libcr_c.a(memset.o)
                0x00001122                memset
 *fill*         0x00001126        0x2 ff
 .text.malloc   0x00001128       0xc8 c:/nxp/mcuxpressoide_10.2.1_795/ide/tools/bin/../lib/gcc/arm-none-eabi/7.2.1/../../../../arm-none-eabi/lib/thumb/v7-m\libcr_c.a(alloc.o)
                0x00001128                malloc
 .text.free     0x000011f0       0x30 c:/nxp/mcuxpressoide_10.2.1_795/ide/tools/bin/../lib/gcc/arm-none-eabi/7.2.1/../../../../arm-none-eabi/lib/thumb/v7-m\libcr_c.a(alloc.o)
                0x000011f0                free
 .text._Csys_alloc
                0x00001220       0x20 c:/nxp/mcuxpressoide_10.2.1_795/ide/tools/bin/../lib/gcc/arm-none-eabi/7.2.1/../../../../arm-none-eabi/lib/thumb/v7-m\libcr_c.a(alloc.o)
                0x00001220                _Csys_alloc
 .text.fp_round
                0x00001240       0x4c c:/nxp/mcuxpressoide_10.2.1_795/ide/tools/bin/../lib/gcc/arm-none-eabi/7.2.1/../../../../arm-none-eabi/lib/thumb/v7-m\libcr_c.a(fpprintf.o)
 .text.pr_dec.constprop.1
                0x0000128c       0x26 c:/nxp/mcuxpressoide_10.2.1_795/ide/tools/bin/../lib/gcc/arm-none-eabi/7.2.1/../../../../arm-none-eabi/lib/thumb/v7-m\libcr_c.a(fpprintf.o)
 *fill*         0x000012b2        0x2 ff
 .text.sprintf  0x000012b4       0x6c c:/nxp/mcuxpressoide_10.2.1_795/ide/tools/bin/../lib/gcc/arm-none-eabi/7.2.1/../../../../arm-none-eabi/lib/thumb/v7-m\libcr_c.a(fpprintf.o)
                0x000012b4                sprintf
 .text.fp_display
                0x00001320      0x96c c:/nxp/mcuxpressoide_10.2.1_795/ide/tools/bin/../lib/gcc/arm-none-eabi/7.2.1/../../../../arm-none-eabi/lib/thumb/v7-m\libcr_c.a(fpprintf.o)
 .text.vsprintf
                0x00001c8c       0x5c c:/nxp/mcuxpressoide_10.2.1_795/ide/tools/bin/../lib/gcc/arm-none-eabi/7.2.1/../../../../arm-none-eabi/lib/thumb/v7-m\libcr_c.a(fpprintf.o)
                0x00001c8c                vsprintf
 .text.vsnprintf
                0x00001ce8       0x5c c:/nxp/mcuxpressoide_10.2.1_795/ide/tools/bin/../lib/gcc/arm-none-eabi/7.2.1/../../../../arm-none-eabi/lib/thumb/v7-m\libcr_c.a(fpprintf.o)
                0x00001ce8                vsnprintf
 .text.printf   0x00001d44       0x54 c:/nxp/mcuxpressoide_10.2.1_795/ide/tools/bin/../lib/gcc/arm-none-eabi/7.2.1/../../../../arm-none-eabi/lib/thumb/v7-m\libcr_c.a(fpprintf.o)
                0x00001d44                printf
 .text._initio  0x00001d98       0x78 c:/nxp/mcuxpressoide_10.2.1_795/ide/tools/bin/../lib/gcc/arm-none-eabi/7.2.1/../../../../arm-none-eabi/lib/thumb/v7-m\libcr_c.a(initio.o)
                0x00001d98                _initio
 .text.itoa     0x00001e10       0x5c c:/nxp/mcuxpressoide_10.2.1_795/ide/tools/bin/../lib/gcc/arm-none-eabi/7.2.1/../../../../arm-none-eabi/lib/thumb/v7-m\libcr_c.a(itoa.o)
                0x00001e10                itoa
 .text.__vfprintf
                0x00001e6c      0xb98 c:/nxp/mcuxpressoide_10.2.1_795/ide/tools/bin/../lib/gcc/arm-none-eabi/7.2.1/../../../../arm-none-eabi/lib/thumb/v7-m\libcr_c.a(printf.o)
                0x00001e6c                __vfprintf
 .text.setvbuf  0x00002a04       0x40 c:/nxp/mcuxpressoide_10.2.1_795/ide/tools/bin/../lib/gcc/arm-none-eabi/7.2.1/../../../../arm-none-eabi/lib/thumb/v7-m\libcr_c.a(setvbuf.o)
                0x00002a04                setvbuf
 .text.strcat   0x00002a44       0x1e c:/nxp/mcuxpressoide_10.2.1_795/ide/tools/bin/../lib/gcc/arm-none-eabi/7.2.1/../../../../arm-none-eabi/lib/thumb/v7-m\libcr_c.a(strcat.o)
                0x00002a44                strcat
 .text.strlen   0x00002a62       0x4a c:/nxp/mcuxpressoide_10.2.1_795/ide/tools/bin/../lib/gcc/arm-none-eabi/7.2.1/../../../../arm-none-eabi/lib/thumb/v7-m\libcr_c.a(strlen.o)
                0x00002a62                strlen
 .text._sbrk    0x00002aac       0x3c c:/nxp/mcuxpressoide_10.2.1_795/ide/tools/bin/../lib/gcc/arm-none-eabi/7.2.1/../../../../arm-none-eabi/lib/thumb/v7-m\libcr_c.a(_cr_sbrk.o)
                0x00002aac                _sbrk
 .text._deferredlazyseek
                0x00002ae8       0x40 c:/nxp/mcuxpressoide_10.2.1_795/ide/tools/bin/../lib/gcc/arm-none-eabi/7.2.1/../../../../arm-none-eabi/lib/thumb/v7-m\libcr_c.a(_deferredlazyseek.o)
                0x00002ae8                _deferredlazyseek
 .text.__flsbuf
                0x00002b28      0x140 c:/nxp/mcuxpressoide_10.2.1_795/ide/tools/bin/../lib/gcc/arm-none-eabi/7.2.1/../../../../arm-none-eabi/lib/thumb/v7-m\libcr_c.a(_deferredlazyseek.o)
                0x00002b28                __flsbuf
 .text._fdopen  0x00002c68       0x68 c:/nxp/mcuxpressoide_10.2.1_795/ide/tools/bin/../lib/gcc/arm-none-eabi/7.2.1/../../../../arm-none-eabi/lib/thumb/v7-m\libcr_c.a(_fdopen.o)
                0x00002c68                _fdopen
 .text._fflush  0x00002cd0       0x52 c:/nxp/mcuxpressoide_10.2.1_795/ide/tools/bin/../lib/gcc/arm-none-eabi/7.2.1/../../../../arm-none-eabi/lib/thumb/v7-m\libcr_c.a(_fflush.o)
                0x00002cd0                _fflush
 .text._frexpl  0x00002d22       0x56 c:/nxp/mcuxpressoide_10.2.1_795/ide/tools/bin/../lib/gcc/arm-none-eabi/7.2.1/../../../../arm-none-eabi/lib/thumb/v7-m\libcr_c.a(_frexpl.o)
                0x00002d22                _frexpl
 .text._ldexpl  0x00002d78       0x4c c:/nxp/mcuxpressoide_10.2.1_795/ide/tools/bin/../lib/gcc/arm-none-eabi/7.2.1/../../../../arm-none-eabi/lib/thumb/v7-m\libcr_c.a(_ldexpl.o)
                0x00002d78                _ldexpl
 .text._Cwritebuf
                0x00002dc4       0x6c c:/nxp/mcuxpressoide_10.2.1_795/ide/tools/bin/../lib/gcc/arm-none-eabi/7.2.1/../../../../arm-none-eabi/lib/thumb/v7-m\libcr_c.a(_writebuf.o)
                0x00002dc4                _Cwritebuf
 .text.fclose   0x00002e30       0x58 c:/nxp/mcuxpressoide_10.2.1_795/ide/tools/bin/../lib/gcc/arm-none-eabi/7.2.1/../../../../arm-none-eabi/lib/thumb/v7-m\libcr_c.a(fclose.o)
                0x00002e30                fclose
 .text.fflush   0x00002e88       0x44 c:/nxp/mcuxpressoide_10.2.1_795/ide/tools/bin/../lib/gcc/arm-none-eabi/7.2.1/../../../../arm-none-eabi/lib/thumb/v7-m\libcr_c.a(fflush.o)
                0x00002e88                fflush
 .text.fseek    0x00002ecc      0x100 c:/nxp/mcuxpressoide_10.2.1_795/ide/tools/bin/../lib/gcc/arm-none-eabi/7.2.1/../../../../arm-none-eabi/lib/thumb/v7-m\libcr_c.a(fseek.o)
                0x00002ecc                fseek
 .text.ftell    0x00002fcc       0x44 c:/nxp/mcuxpressoide_10.2.1_795/ide/tools/bin/../lib/gcc/arm-none-eabi/7.2.1/../../../../arm-none-eabi/lib/thumb/v7-m\libcr_c.a(ftell.o)
                0x00002fcc                ftell
 .text.remove   0x00003010       0x14 c:/nxp/mcuxpressoide_10.2.1_795/ide/tools/bin/../lib/gcc/arm-none-eabi/7.2.1/../../../../arm-none-eabi/lib/thumb/v7-m\libcr_c.a(remove.o)
                0x00003010                remove
 .text.__check_heap_overflow
                0x00003024       0x18 c:/nxp/mcuxpressoide_10.2.1_795/ide/tools/bin/../lib/gcc/arm-none-eabi/7.2.1/../../../../arm-none-eabi/lib/thumb/v7-m\libcr_c.a(_cr_check_heap.o)
                0x00003024                __check_heap_overflow
 .text._do_fflush
                0x0000303c       0x40 c:/nxp/mcuxpressoide_10.2.1_795/ide/tools/bin/../lib/gcc/arm-none-eabi/7.2.1/../../../../arm-none-eabi/lib/thumb/v7-m\libcr_c.a(_do_fflush.o)
                0x0000303c                _do_fflush
 .text.__aeabi_dmul
                0x0000307c      0x10c c:/nxp/mcuxpressoide_10.2.1_795/ide/tools/bin/../lib/gcc/arm-none-eabi/7.2.1/thumb/v7-m\libcr_eabihelpers.a(double.o)
                0x0000307c                __aeabi_dmul
 .text.__aeabi_ddiv
                0x00003188      0x130 c:/nxp/mcuxpressoide_10.2.1_795/ide/tools/bin/../lib/gcc/arm-none-eabi/7.2.1/thumb/v7-m\libcr_eabihelpers.a(double.o)
                0x00003188                __aeabi_ddiv
 .text.__aeabi_dsub
                0x000032b8      0x1b0 c:/nxp/mcuxpressoide_10.2.1_795/ide/tools/bin/../lib/gcc/arm-none-eabi/7.2.1/thumb/v7-m\libcr_eabihelpers.a(double.o)
                0x000032b8                __aeabi_dsub
 .text.__aeabi_dadd
                0x00003468      0x10c c:/nxp/mcuxpressoide_10.2.1_795/ide/tools/bin/../lib/gcc/arm-none-eabi/7.2.1/thumb/v7-m\libcr_eabihelpers.a(double.o)
                0x00003468                __aeabi_dadd
 .text.__aeabi_d2iz
                0x00003574       0x40 c:/nxp/mcuxpressoide_10.2.1_795/ide/tools/bin/../lib/gcc/arm-none-eabi/7.2.1/thumb/v7-m\libcr_eabihelpers.a(double.o)
                0x00003574                __aeabi_d2iz
 .text.__bhs_ui2d
                0x000035b4       0x46 c:/nxp/mcuxpressoide_10.2.1_795/ide/tools/bin/../lib/gcc/arm-none-eabi/7.2.1/thumb/v7-m\libcr_eabihelpers.a(double.o)
                0x000035b4                __bhs_ui2d
 .text.__aeabi_i2d
                0x000035fa       0x12 c:/nxp/mcuxpressoide_10.2.1_795/ide/tools/bin/../lib/gcc/arm-none-eabi/7.2.1/thumb/v7-m\libcr_eabihelpers.a(double.o)
                0x000035fa                __aeabi_i2d
 .text.__aeabi_dcmpeq
                0x0000360c       0x2c c:/nxp/mcuxpressoide_10.2.1_795/ide/tools/bin/../lib/gcc/arm-none-eabi/7.2.1/thumb/v7-m\libcr_eabihelpers.a(double.o)
                0x0000360c                __aeabi_dcmpeq
 .text.__aeabi_dcmplt
                0x00003638       0x54 c:/nxp/mcuxpressoide_10.2.1_795/ide/tools/bin/../lib/gcc/arm-none-eabi/7.2.1/thumb/v7-m\libcr_eabihelpers.a(double.o)
                0x00003638                __aeabi_dcmplt
 .text.__aeabi_dcmple
                0x0000368c       0x54 c:/nxp/mcuxpressoide_10.2.1_795/ide/tools/bin/../lib/gcc/arm-none-eabi/7.2.1/thumb/v7-m\libcr_eabihelpers.a(double.o)
                0x0000368c                __aeabi_dcmple
 .text.__aeabi_dcmpge
                0x000036e0       0x54 c:/nxp/mcuxpressoide_10.2.1_795/ide/tools/bin/../lib/gcc/arm-none-eabi/7.2.1/thumb/v7-m\libcr_eabihelpers.a(double.o)
                0x000036e0                __aeabi_dcmpge
 .text.__aeabi_memcpy
                0x00003734       0x34 c:/nxp/mcuxpressoide_10.2.1_795/ide/tools/bin/../lib/gcc/arm-none-eabi/7.2.1/thumb/v7-m\libcr_eabihelpers.a(memcpy.o)
                0x00003734                __aeabi_memcpy
                0x0000373e                __aeabi_memcpy8
                0x0000373e                __aeabi_memcpy4
 .text.__aeabi_memset_lowlevel
                0x00003768       0x32 c:/nxp/mcuxpressoide_10.2.1_795/ide/tools/bin/../lib/gcc/arm-none-eabi/7.2.1/thumb/v7-m\libcr_eabihelpers.a(memcpy.o)
                0x00003768                __aeabi_lowlevel_memset
 *fill*         0x0000379a        0x2 ff
 .text.__sys_appexit
                0x0000379c        0xc c:/nxp/mcuxpressoide_10.2.1_795/ide/tools/bin/../lib/gcc/arm-none-eabi/7.2.1/../../../../arm-none-eabi/lib/thumb/v7-m\libcr_semihost.a(__sys_appexit.o)
                0x0000379c                __sys_appexit
                0x0000379c                __exit
 .text.__sys_close
                0x000037a8        0xc c:/nxp/mcuxpressoide_10.2.1_795/ide/tools/bin/../lib/gcc/arm-none-eabi/7.2.1/../../../../arm-none-eabi/lib/thumb/v7-m\libcr_semihost.a(__sys_close.o)
                0x000037a8                __sys_close
 .text.__sys_flen
                0x000037b4        0xc c:/nxp/mcuxpressoide_10.2.1_795/ide/tools/bin/../lib/gcc/arm-none-eabi/7.2.1/../../../../arm-none-eabi/lib/thumb/v7-m\libcr_semihost.a(__sys_flen.o)
                0x000037b4                __sys_flen
 .text.__sys_istty
                0x000037c0        0xc c:/nxp/mcuxpressoide_10.2.1_795/ide/tools/bin/../lib/gcc/arm-none-eabi/7.2.1/../../../../arm-none-eabi/lib/thumb/v7-m\libcr_semihost.a(__sys_istty.o)
                0x000037c0                __sys_istty
 .text.__sys_remove
                0x000037cc        0xc c:/nxp/mcuxpressoide_10.2.1_795/ide/tools/bin/../lib/gcc/arm-none-eabi/7.2.1/../../../../arm-none-eabi/lib/thumb/v7-m\libcr_semihost.a(__sys_remove.o)
                0x000037cc                __sys_remove
 .text.__sys_seek
                0x000037d8        0xc c:/nxp/mcuxpressoide_10.2.1_795/ide/tools/bin/../lib/gcc/arm-none-eabi/7.2.1/../../../../arm-none-eabi/lib/thumb/v7-m\libcr_semihost.a(__sys_seek.o)
                0x000037d8                __sys_seek
 .text.__sys_tmpnam
                0x000037e4        0xc c:/nxp/mcuxpressoide_10.2.1_795/ide/tools/bin/../lib/gcc/arm-none-eabi/7.2.1/../../../../arm-none-eabi/lib/thumb/v7-m\libcr_semihost.a(__sys_tmpnam.o)
                0x000037e4                __sys_tmpnam
 .text.__sys_write
                0x000037f0        0xc c:/nxp/mcuxpressoide_10.2.1_795/ide/tools/bin/../lib/gcc/arm-none-eabi/7.2.1/../../../../arm-none-eabi/lib/thumb/v7-m\libcr_semihost.a(__sys_write.o)
                0x000037f0                __sys_write
 *(.rodata .rodata.* .constdata .constdata.*)
 .rodata        0x000037fc       0x27 ./src/Lab_5.o
 .rodata._Csys_alloc.str1.1
                0x00003823       0x18 c:/nxp/mcuxpressoide_10.2.1_795/ide/tools/bin/../lib/gcc/arm-none-eabi/7.2.1/../../../../arm-none-eabi/lib/thumb/v7-m\libcr_c.a(alloc.o)
 .rodata.fp_display.str1.1
                0x0000383b       0x34 c:/nxp/mcuxpressoide_10.2.1_795/ide/tools/bin/../lib/gcc/arm-none-eabi/7.2.1/../../../../arm-none-eabi/lib/thumb/v7-m\libcr_c.a(fpprintf.o)
                                 0x35 (size before relaxing)
 .rodata._initio.str1.1
                0x0000386f        0x4 c:/nxp/mcuxpressoide_10.2.1_795/ide/tools/bin/../lib/gcc/arm-none-eabi/7.2.1/../../../../arm-none-eabi/lib/thumb/v7-m\libcr_c.a(initio.o)
 .rodata.digits
                0x00003873       0x11 c:/nxp/mcuxpressoide_10.2.1_795/ide/tools/bin/../lib/gcc/arm-none-eabi/7.2.1/../../../../arm-none-eabi/lib/thumb/v7-m\libcr_c.a(itoa.o)
 .rodata.__vfprintf.str1.1
                0x00003884       0x31 c:/nxp/mcuxpressoide_10.2.1_795/ide/tools/bin/../lib/gcc/arm-none-eabi/7.2.1/../../../../arm-none-eabi/lib/thumb/v7-m\libcr_c.a(printf.o)
                                 0x38 (size before relaxing)
 *fill*         0x000038b5        0x3 ff
 .rodata.__huge_vall
                0x000038b8        0x8 c:/nxp/mcuxpressoide_10.2.1_795/ide/tools/bin/../lib/gcc/arm-none-eabi/7.2.1/../../../../arm-none-eabi/lib/thumb/v7-m\libcr_c.a(_hugeval.o)
                0x000038b8                __huge_vall
 .rodata.__num_Ciob_streams
                0x000038c0        0x4 c:/nxp/mcuxpressoide_10.2.1_795/ide/tools/bin/../lib/gcc/arm-none-eabi/7.2.1/../../../../arm-none-eabi/lib/thumb/v7-m\libcr_semihost.a(__ciob.o)
                0x000038c0                __num_Ciob_streams
                0x000038c4                . = ALIGN (0x4)

.glue_7         0x000038c4        0x0
 .glue_7        0x000038c4        0x0 linker stubs

.glue_7t        0x000038c4        0x0
 .glue_7t       0x000038c4        0x0 linker stubs

.vfp11_veneer   0x000038c4        0x0
 .vfp11_veneer  0x000038c4        0x0 linker stubs

.v4_bx          0x000038c4        0x0
 .v4_bx         0x000038c4        0x0 linker stubs

.iplt           0x000038c4        0x0
 .iplt          0x000038c4        0x0 ./src/Lab_5.o

.rel.dyn        0x000038c4        0x0
 .rel.iplt      0x000038c4        0x0 ./src/Lab_5.o

.ARM.extab
 *(.ARM.extab* .gnu.linkonce.armextab.*)
                0x000038c4                __exidx_start = .

.ARM.exidx
 *(.ARM.exidx* .gnu.linkonce.armexidx.*)
                0x000038c4                __exidx_end = .
                0x000038c4                _etext = .

.data_RAM2      0x2007c000        0x0 load address 0x000038c4
 FILL mask 0xff
                [!provide]                PROVIDE (__start_data_RAM2, .)
 *(.ramfunc.$RAM2)
 *(.ramfunc.$RamAHB32)
 *(.data.$RAM2*)
 *(.data.$RamAHB32*)
                0x2007c000                . = ALIGN (0x4)
                [!provide]                PROVIDE (__end_data_RAM2, .)

.uninit_RESERVED
                0x10000000        0x0
 *(.bss.$RESERVED*)
                0x10000000                . = ALIGN (0x4)
                0x10000000                _end_uninit_RESERVED = .

.data           0x10000000        0x4 load address 0x000038c4
 FILL mask 0xff
                0x10000000                _data = .
 *(vtable)
 *(.ramfunc*)
 *(.data*)
 .data.SystemCoreClock
                0x10000000        0x4 C:\SE\CMSIS_CORE_LPC17xx\Debug\libCMSIS_CORE_LPC17xx.a(system_LPC17xx.o)
                0x10000000                SystemCoreClock
                0x10000004                . = ALIGN (0x4)
                0x10000004                _edata = .

.igot.plt       0x10000004        0x0 load address 0x000038c8
 .igot.plt      0x10000004        0x0 ./src/Lab_5.o

.bss_RAM2       0x2007c000        0x0
                [!provide]                PROVIDE (__start_bss_RAM2, .)
 *(.bss.$RAM2*)
 *(.bss.$RamAHB32*)
                0x2007c000                . = ALIGN ((. != 0x0)?0x4:0x1)
                [!provide]                PROVIDE (__end_bss_RAM2, .)

.bss            0x10000004      0x1fc
                0x10000004                _bss = .
 *(.bss*)
 .bss.uid       0x10000004        0xc C:\SE\MFRC522\Release\libMFRC522.a(mfrc522.o)
                0x10000004                uid
 .bss.milli     0x10000010        0x4 C:\SE\SE1819\Debug\libSE1819.a(wait.o)
                0x10000010                milli
 .bss.__end_of_heap
                0x10000014        0x4 c:/nxp/mcuxpressoide_10.2.1_795/ide/tools/bin/../lib/gcc/arm-none-eabi/7.2.1/../../../../arm-none-eabi/lib/thumb/v7-m\libcr_c.a(__init_alloc.o)
                0x10000014                __end_of_heap
 .bss.__heaps   0x10000018        0x4 c:/nxp/mcuxpressoide_10.2.1_795/ide/tools/bin/../lib/gcc/arm-none-eabi/7.2.1/../../../../arm-none-eabi/lib/thumb/v7-m\libcr_c.a(__init_alloc.o)
                0x10000018                __heaps
 .bss.errno     0x1000001c        0x4 c:/nxp/mcuxpressoide_10.2.1_795/ide/tools/bin/../lib/gcc/arm-none-eabi/7.2.1/../../../../arm-none-eabi/lib/thumb/v7-m\libcr_c.a(errno.o)
                0x1000001c                errno
 .bss.__Ciob    0x10000020      0x1e0 c:/nxp/mcuxpressoide_10.2.1_795/ide/tools/bin/../lib/gcc/arm-none-eabi/7.2.1/../../../../arm-none-eabi/lib/thumb/v7-m\libcr_semihost.a(__ciob.o)
                0x10000020                __Ciob
 *(COMMON)
                0x10000200                . = ALIGN (0x4)
                0x10000200                _ebss = .
                [!provide]                PROVIDE (end, .)

.noinit_RAM2    0x2007c000        0x0
 *(.noinit.$RAM2*)
 *(.noinit.$RamAHB32*)
                0x2007c000                . = ALIGN (0x4)

.noinit         0x10000200        0x0
                0x10000200                _noinit = .
 *(.noinit*)
                0x10000200                . = ALIGN (0x4)
                0x10000200                _end_noinit = .
                0x10000200                PROVIDE (_pvHeapStart, DEFINED (__user_heap_base)?__user_heap_base:.)
                0x10008000                PROVIDE (_vStackTop, DEFINED (__user_stack_top)?__user_stack_top:(__top_RamLoc32 - 0x0))
                0xefff74de                PROVIDE (__valid_user_code_checksum, (0x0 - ((((((_vStackTop + (ResetISR + 0x1)) + (NMI_Handler + 0x1)) + (HardFault_Handler + 0x1)) + (DEFINED (MemManage_Handler)?MemManage_Handler:0x0 + 0x1)) + (DEFINED (BusFault_Handler)?BusFault_Handler:0x0 + 0x1)) + (DEFINED (UsageFault_Handler)?UsageFault_Handler:0x0 + 0x1))))
                0x00000000                _image_start = LOADADDR (.text)
                0x000038c8                _image_end = (LOADADDR (.data) + SIZEOF (.data))
                0x000038c8                _image_size = (_image_end - _image_start)
OUTPUT(Lab_5.axf elf32-littlearm)

.debug_info     0x00000000     0x40a0
 .debug_info    0x00000000      0x2ea ./src/Lab_5.o
 .debug_info    0x000002ea      0x255 ./src/cr_startup_lpc175x_6x.o
 .debug_info    0x0000053f       0x3f ./src/crp.o
 .debug_info    0x0000057e     0x1a69 C:\SE\MFRC522\Release\libMFRC522.a(mfrc522.o)
 .debug_info    0x00001fe7      0x69a C:\SE\SE1819\Debug\libSE1819.a(lcd.o)
 .debug_info    0x00002681      0x5de C:\SE\SE1819\Debug\libSE1819.a(mfrc.o)
 .debug_info    0x00002c5f      0xa16 C:\SE\SE1819\Debug\libSE1819.a(spi.o)
 .debug_info    0x00003675      0x5d9 C:\SE\SE1819\Debug\libSE1819.a(wait.o)
 .debug_info    0x00003c4e      0x105 C:\SE\SE1819\Debug\libSE1819.a(waitos.o)
 .debug_info    0x00003d53      0x34d C:\SE\CMSIS_CORE_LPC17xx\Debug\libCMSIS_CORE_LPC17xx.a(system_LPC17xx.o)

.debug_abbrev   0x00000000      0xd5a
 .debug_abbrev  0x00000000      0x144 ./src/Lab_5.o
 .debug_abbrev  0x00000144      0x114 ./src/cr_startup_lpc175x_6x.o
 .debug_abbrev  0x00000258       0x36 ./src/crp.o
 .debug_abbrev  0x0000028e      0x2ae C:\SE\MFRC522\Release\libMFRC522.a(mfrc522.o)
 .debug_abbrev  0x0000053c      0x196 C:\SE\SE1819\Debug\libSE1819.a(lcd.o)
 .debug_abbrev  0x000006d2      0x156 C:\SE\SE1819\Debug\libSE1819.a(mfrc.o)
 .debug_abbrev  0x00000828      0x1a8 C:\SE\SE1819\Debug\libSE1819.a(spi.o)
 .debug_abbrev  0x000009d0      0x1da C:\SE\SE1819\Debug\libSE1819.a(wait.o)
 .debug_abbrev  0x00000baa       0xa8 C:\SE\SE1819\Debug\libSE1819.a(waitos.o)
 .debug_abbrev  0x00000c52      0x108 C:\SE\CMSIS_CORE_LPC17xx\Debug\libCMSIS_CORE_LPC17xx.a(system_LPC17xx.o)

.debug_aranges  0x00000000      0x360
 .debug_aranges
                0x00000000       0x28 ./src/Lab_5.o
 .debug_aranges
                0x00000028       0x80 ./src/cr_startup_lpc175x_6x.o
 .debug_aranges
                0x000000a8       0x18 ./src/crp.o
 .debug_aranges
                0x000000c0      0x130 C:\SE\MFRC522\Release\libMFRC522.a(mfrc522.o)
 .debug_aranges
                0x000001f0       0x68 C:\SE\SE1819\Debug\libSE1819.a(lcd.o)
 .debug_aranges
                0x00000258       0x40 C:\SE\SE1819\Debug\libSE1819.a(mfrc.o)
 .debug_aranges
                0x00000298       0x40 C:\SE\SE1819\Debug\libSE1819.a(spi.o)
 .debug_aranges
                0x000002d8       0x40 C:\SE\SE1819\Debug\libSE1819.a(wait.o)
 .debug_aranges
                0x00000318       0x20 C:\SE\SE1819\Debug\libSE1819.a(waitos.o)
 .debug_aranges
                0x00000338       0x28 C:\SE\CMSIS_CORE_LPC17xx\Debug\libCMSIS_CORE_LPC17xx.a(system_LPC17xx.o)

.debug_ranges   0x00000000      0x2b8
 .debug_ranges  0x00000000       0x18 ./src/Lab_5.o
 .debug_ranges  0x00000018       0x70 ./src/cr_startup_lpc175x_6x.o
 .debug_ranges  0x00000088      0x120 C:\SE\MFRC522\Release\libMFRC522.a(mfrc522.o)
 .debug_ranges  0x000001a8       0x58 C:\SE\SE1819\Debug\libSE1819.a(lcd.o)
 .debug_ranges  0x00000200       0x30 C:\SE\SE1819\Debug\libSE1819.a(mfrc.o)
 .debug_ranges  0x00000230       0x30 C:\SE\SE1819\Debug\libSE1819.a(spi.o)
 .debug_ranges  0x00000260       0x30 C:\SE\SE1819\Debug\libSE1819.a(wait.o)
 .debug_ranges  0x00000290       0x10 C:\SE\SE1819\Debug\libSE1819.a(waitos.o)
 .debug_ranges  0x000002a0       0x18 C:\SE\CMSIS_CORE_LPC17xx\Debug\libCMSIS_CORE_LPC17xx.a(system_LPC17xx.o)

.debug_macro    0x00000000     0x4851
 .debug_macro   0x00000000       0xf6 ./src/Lab_5.o
 .debug_macro   0x000000f6      0xa6c ./src/Lab_5.o
 .debug_macro   0x00000b62       0x1c ./src/Lab_5.o
 .debug_macro   0x00000b7e       0x3a ./src/Lab_5.o
 .debug_macro   0x00000bb8       0x10 ./src/Lab_5.o
 .debug_macro   0x00000bc8      0x12d ./src/Lab_5.o
 .debug_macro   0x00000cf5      0x5b2 ./src/Lab_5.o
 .debug_macro   0x000012a7       0x2d ./src/Lab_5.o
 .debug_macro   0x000012d4      0xbb1 ./src/Lab_5.o
 .debug_macro   0x00001e85      0x2c7 ./src/Lab_5.o
 .debug_macro   0x0000214c       0x82 ./src/Lab_5.o
 .debug_macro   0x000021ce       0xa0 ./src/Lab_5.o
 .debug_macro   0x0000226e       0x22 ./src/Lab_5.o
 .debug_macro   0x00002290       0x22 ./src/Lab_5.o
 .debug_macro   0x000022b2       0x1d ./src/cr_startup_lpc175x_6x.o
 .debug_macro   0x000022cf       0x1a ./src/crp.o
 .debug_macro   0x000022e9       0x34 ./src/crp.o
 .debug_macro   0x0000231d       0xb9 C:\SE\SE1819\Debug\libSE1819.a(lcd.o)
 .debug_macro   0x000023d6      0xa6c C:\SE\SE1819\Debug\libSE1819.a(lcd.o)
 .debug_macro   0x00002e42       0x16 C:\SE\SE1819\Debug\libSE1819.a(lcd.o)
 .debug_macro   0x00002e58       0x10 C:\SE\SE1819\Debug\libSE1819.a(lcd.o)
 .debug_macro   0x00002e68       0xe8 C:\SE\SE1819\Debug\libSE1819.a(mfrc.o)
 .debug_macro   0x00002f50       0x28 C:\SE\SE1819\Debug\libSE1819.a(mfrc.o)
 .debug_macro   0x00002f78      0x14e C:\SE\SE1819\Debug\libSE1819.a(spi.o)
 .debug_macro   0x000030c6       0x10 C:\SE\SE1819\Debug\libSE1819.a(spi.o)
 .debug_macro   0x000030d6       0xe2 C:\SE\SE1819\Debug\libSE1819.a(spi.o)
 .debug_macro   0x000031b8      0x15a C:\SE\SE1819\Debug\libSE1819.a(spi.o)
 .debug_macro   0x00003312       0xd6 C:\SE\SE1819\Debug\libSE1819.a(spi.o)
 .debug_macro   0x000033e8       0x10 C:\SE\SE1819\Debug\libSE1819.a(spi.o)
 .debug_macro   0x000033f8       0x26 C:\SE\SE1819\Debug\libSE1819.a(spi.o)
 .debug_macro   0x0000341e      0x4d3 C:\SE\SE1819\Debug\libSE1819.a(spi.o)
 .debug_macro   0x000038f1       0xb5 C:\SE\SE1819\Debug\libSE1819.a(spi.o)
 .debug_macro   0x000039a6       0xaa C:\SE\SE1819\Debug\libSE1819.a(spi.o)
 .debug_macro   0x00003a50       0x78 C:\SE\SE1819\Debug\libSE1819.a(wait.o)
 .debug_macro   0x00003ac8       0xfe C:\SE\SE1819\Debug\libSE1819.a(waitos.o)
 .debug_macro   0x00003bc6       0x16 C:\SE\SE1819\Debug\libSE1819.a(waitos.o)
 .debug_macro   0x00003bdc       0xdc C:\SE\SE1819\Debug\libSE1819.a(waitos.o)
 .debug_macro   0x00003cb8      0x12d C:\SE\CMSIS_CORE_LPC17xx\Debug\libCMSIS_CORE_LPC17xx.a(system_LPC17xx.o)
 .debug_macro   0x00003de5      0xa6c C:\SE\CMSIS_CORE_LPC17xx\Debug\libCMSIS_CORE_LPC17xx.a(system_LPC17xx.o)

.debug_line     0x00000000     0x17f3
 .debug_line    0x00000000      0x27b ./src/Lab_5.o
 .debug_line    0x0000027b       0xd3 ./src/cr_startup_lpc175x_6x.o
 .debug_line    0x0000034e       0x75 ./src/crp.o
 .debug_line    0x000003c3      0x64c C:\SE\MFRC522\Release\libMFRC522.a(mfrc522.o)
 .debug_line    0x00000a0f      0x274 C:\SE\SE1819\Debug\libSE1819.a(lcd.o)
 .debug_line    0x00000c83      0x202 C:\SE\SE1819\Debug\libSE1819.a(mfrc.o)
 .debug_line    0x00000e85      0x325 C:\SE\SE1819\Debug\libSE1819.a(spi.o)
 .debug_line    0x000011aa      0x1cb C:\SE\SE1819\Debug\libSE1819.a(wait.o)
 .debug_line    0x00001375      0x285 C:\SE\SE1819\Debug\libSE1819.a(waitos.o)
 .debug_line    0x000015fa      0x1f9 C:\SE\CMSIS_CORE_LPC17xx\Debug\libCMSIS_CORE_LPC17xx.a(system_LPC17xx.o)

.debug_str      0x00000000     0xfdc3
 .debug_str     0x00000000     0xa4fe ./src/Lab_5.o
                               0xa59f (size before relaxing)
 .debug_str     0x0000a4fe      0x1d6 ./src/cr_startup_lpc175x_6x.o
                               0x2ead (size before relaxing)
 .debug_str     0x0000a6d4       0xe9 ./src/crp.o
                               0x2dba (size before relaxing)
 .debug_str     0x0000a7bd      0xb36 C:\SE\MFRC522\Release\libMFRC522.a(mfrc522.o)
                                0xc3c (size before relaxing)
 .debug_str     0x0000b2f3      0x2d6 C:\SE\SE1819\Debug\libSE1819.a(lcd.o)
                               0xa2e7 (size before relaxing)
 .debug_str     0x0000b5c9      0x1ed C:\SE\SE1819\Debug\libSE1819.a(mfrc.o)
                               0xa183 (size before relaxing)
 .debug_str     0x0000b7b6     0x3f32 C:\SE\SE1819\Debug\libSE1819.a(spi.o)
                               0xe1ab (size before relaxing)
 .debug_str     0x0000f6e8      0x2f2 C:\SE\SE1819\Debug\libSE1819.a(wait.o)
                               0xa057 (size before relaxing)
 .debug_str     0x0000f9da       0x1a C:\SE\SE1819\Debug\libSE1819.a(waitos.o)
                               0xd9f4 (size before relaxing)
 .debug_str     0x0000f9f4      0x3cf C:\SE\CMSIS_CORE_LPC17xx\Debug\libCMSIS_CORE_LPC17xx.a(system_LPC17xx.o)
                               0xa135 (size before relaxing)

.comment        0x00000000       0x7e
 .comment       0x00000000       0x7e ./src/Lab_5.o
                                 0x7f (size before relaxing)
 .comment       0x0000007e       0x7f ./src/cr_startup_lpc175x_6x.o
 .comment       0x0000007e       0x7f ./src/crp.o
 .comment       0x0000007e       0x7f C:\SE\MFRC522\Release\libMFRC522.a(mfrc522.o)
 .comment       0x0000007e       0x7f C:\SE\SE1819\Debug\libSE1819.a(lcd.o)
 .comment       0x0000007e       0x7f C:\SE\SE1819\Debug\libSE1819.a(mfrc.o)
 .comment       0x0000007e       0x7f C:\SE\SE1819\Debug\libSE1819.a(spi.o)
 .comment       0x0000007e       0x7f C:\SE\SE1819\Debug\libSE1819.a(wait.o)
 .comment       0x0000007e       0x7f C:\SE\SE1819\Debug\libSE1819.a(waitos.o)
 .comment       0x0000007e       0x7f C:\SE\CMSIS_CORE_LPC17xx\Debug\libCMSIS_CORE_LPC17xx.a(system_LPC17xx.o)
 .comment       0x0000007e       0x7f c:/nxp/mcuxpressoide_10.2.1_795/ide/tools/bin/../lib/gcc/arm-none-eabi/7.2.1/../../../../arm-none-eabi/lib/thumb/v7-m\libcr_semihost.a(_cr__main.o)
 .comment       0x0000007e       0x7f c:/nxp/mcuxpressoide_10.2.1_795/ide/tools/bin/../lib/gcc/arm-none-eabi/7.2.1/../../../../arm-none-eabi/lib/thumb/v7-m\libcr_c.a(memcpy.o)
 .comment       0x0000007e       0x7f c:/nxp/mcuxpressoide_10.2.1_795/ide/tools/bin/../lib/gcc/arm-none-eabi/7.2.1/../../../../arm-none-eabi/lib/thumb/v7-m\libcr_c.a(memset.o)
 .comment       0x0000007e       0x7f c:/nxp/mcuxpressoide_10.2.1_795/ide/tools/bin/../lib/gcc/arm-none-eabi/7.2.1/../../../../arm-none-eabi/lib/thumb/v7-m\libcr_c.a(alloc.o)
 .comment       0x0000007e       0x7f c:/nxp/mcuxpressoide_10.2.1_795/ide/tools/bin/../lib/gcc/arm-none-eabi/7.2.1/../../../../arm-none-eabi/lib/thumb/v7-m\libcr_c.a(fpprintf.o)
 .comment       0x0000007e       0x7f c:/nxp/mcuxpressoide_10.2.1_795/ide/tools/bin/../lib/gcc/arm-none-eabi/7.2.1/../../../../arm-none-eabi/lib/thumb/v7-m\libcr_c.a(initio.o)
 .comment       0x0000007e       0x7f c:/nxp/mcuxpressoide_10.2.1_795/ide/tools/bin/../lib/gcc/arm-none-eabi/7.2.1/../../../../arm-none-eabi/lib/thumb/v7-m\libcr_c.a(itoa.o)
 .comment       0x0000007e       0x7f c:/nxp/mcuxpressoide_10.2.1_795/ide/tools/bin/../lib/gcc/arm-none-eabi/7.2.1/../../../../arm-none-eabi/lib/thumb/v7-m\libcr_c.a(printf.o)
 .comment       0x0000007e       0x7f c:/nxp/mcuxpressoide_10.2.1_795/ide/tools/bin/../lib/gcc/arm-none-eabi/7.2.1/../../../../arm-none-eabi/lib/thumb/v7-m\libcr_c.a(setvbuf.o)
 .comment       0x0000007e       0x7f c:/nxp/mcuxpressoide_10.2.1_795/ide/tools/bin/../lib/gcc/arm-none-eabi/7.2.1/../../../../arm-none-eabi/lib/thumb/v7-m\libcr_c.a(strcat.o)
 .comment       0x0000007e       0x7f c:/nxp/mcuxpressoide_10.2.1_795/ide/tools/bin/../lib/gcc/arm-none-eabi/7.2.1/../../../../arm-none-eabi/lib/thumb/v7-m\libcr_c.a(strlen.o)
 .comment       0x0000007e       0x7f c:/nxp/mcuxpressoide_10.2.1_795/ide/tools/bin/../lib/gcc/arm-none-eabi/7.2.1/../../../../arm-none-eabi/lib/thumb/v7-m\libcr_c.a(__init_alloc.o)
 .comment       0x0000007e       0x7f c:/nxp/mcuxpressoide_10.2.1_795/ide/tools/bin/../lib/gcc/arm-none-eabi/7.2.1/../../../../arm-none-eabi/lib/thumb/v7-m\libcr_c.a(_cr_sbrk.o)
 .comment       0x0000007e       0x7f c:/nxp/mcuxpressoide_10.2.1_795/ide/tools/bin/../lib/gcc/arm-none-eabi/7.2.1/../../../../arm-none-eabi/lib/thumb/v7-m\libcr_c.a(_deferredlazyseek.o)
 .comment       0x0000007e       0x7f c:/nxp/mcuxpressoide_10.2.1_795/ide/tools/bin/../lib/gcc/arm-none-eabi/7.2.1/../../../../arm-none-eabi/lib/thumb/v7-m\libcr_c.a(_fdopen.o)
 .comment       0x0000007e       0x7f c:/nxp/mcuxpressoide_10.2.1_795/ide/tools/bin/../lib/gcc/arm-none-eabi/7.2.1/../../../../arm-none-eabi/lib/thumb/v7-m\libcr_c.a(_fflush.o)
 .comment       0x0000007e       0x7f c:/nxp/mcuxpressoide_10.2.1_795/ide/tools/bin/../lib/gcc/arm-none-eabi/7.2.1/../../../../arm-none-eabi/lib/thumb/v7-m\libcr_c.a(_frexpl.o)
 .comment       0x0000007e       0x7f c:/nxp/mcuxpressoide_10.2.1_795/ide/tools/bin/../lib/gcc/arm-none-eabi/7.2.1/../../../../arm-none-eabi/lib/thumb/v7-m\libcr_c.a(_ldexpl.o)
 .comment       0x0000007e       0x7f c:/nxp/mcuxpressoide_10.2.1_795/ide/tools/bin/../lib/gcc/arm-none-eabi/7.2.1/../../../../arm-none-eabi/lib/thumb/v7-m\libcr_c.a(_writebuf.o)
 .comment       0x0000007e       0x7f c:/nxp/mcuxpressoide_10.2.1_795/ide/tools/bin/../lib/gcc/arm-none-eabi/7.2.1/../../../../arm-none-eabi/lib/thumb/v7-m\libcr_c.a(errno.o)
 .comment       0x0000007e       0x7f c:/nxp/mcuxpressoide_10.2.1_795/ide/tools/bin/../lib/gcc/arm-none-eabi/7.2.1/../../../../arm-none-eabi/lib/thumb/v7-m\libcr_c.a(fclose.o)
 .comment       0x0000007e       0x7f c:/nxp/mcuxpressoide_10.2.1_795/ide/tools/bin/../lib/gcc/arm-none-eabi/7.2.1/../../../../arm-none-eabi/lib/thumb/v7-m\libcr_c.a(fflush.o)
 .comment       0x0000007e       0x7f c:/nxp/mcuxpressoide_10.2.1_795/ide/tools/bin/../lib/gcc/arm-none-eabi/7.2.1/../../../../arm-none-eabi/lib/thumb/v7-m\libcr_c.a(fseek.o)
 .comment       0x0000007e       0x7f c:/nxp/mcuxpressoide_10.2.1_795/ide/tools/bin/../lib/gcc/arm-none-eabi/7.2.1/../../../../arm-none-eabi/lib/thumb/v7-m\libcr_c.a(ftell.o)
 .comment       0x0000007e       0x7f c:/nxp/mcuxpressoide_10.2.1_795/ide/tools/bin/../lib/gcc/arm-none-eabi/7.2.1/../../../../arm-none-eabi/lib/thumb/v7-m\libcr_c.a(remove.o)
 .comment       0x0000007e       0x7f c:/nxp/mcuxpressoide_10.2.1_795/ide/tools/bin/../lib/gcc/arm-none-eabi/7.2.1/../../../../arm-none-eabi/lib/thumb/v7-m\libcr_c.a(_cr_check_heap.o)
 .comment       0x0000007e       0x7f c:/nxp/mcuxpressoide_10.2.1_795/ide/tools/bin/../lib/gcc/arm-none-eabi/7.2.1/../../../../arm-none-eabi/lib/thumb/v7-m\libcr_c.a(_do_fflush.o)
 .comment       0x0000007e       0x7f c:/nxp/mcuxpressoide_10.2.1_795/ide/tools/bin/../lib/gcc/arm-none-eabi/7.2.1/../../../../arm-none-eabi/lib/thumb/v7-m\libcr_c.a(_hugeval.o)
 .comment       0x0000007e       0x7f c:/nxp/mcuxpressoide_10.2.1_795/ide/tools/bin/../lib/gcc/arm-none-eabi/7.2.1/thumb/v7-m\libcr_eabihelpers.a(double.o)
 .comment       0x0000007e       0x7f c:/nxp/mcuxpressoide_10.2.1_795/ide/tools/bin/../lib/gcc/arm-none-eabi/7.2.1/../../../../arm-none-eabi/lib/thumb/v7-m\libcr_semihost.a(__ciob.o)

.ARM.attributes
                0x00000000       0x31
 .ARM.attributes
                0x00000000       0x33 ./src/Lab_5.o
 .ARM.attributes
                0x00000033       0x33 ./src/cr_startup_lpc175x_6x.o
 .ARM.attributes
                0x00000066       0x33 ./src/crp.o
 .ARM.attributes
                0x00000099       0x33 C:\SE\MFRC522\Release\libMFRC522.a(mfrc522.o)
 .ARM.attributes
                0x000000cc       0x33 C:\SE\SE1819\Debug\libSE1819.a(lcd.o)
 .ARM.attributes
                0x000000ff       0x33 C:\SE\SE1819\Debug\libSE1819.a(mfrc.o)
 .ARM.attributes
                0x00000132       0x33 C:\SE\SE1819\Debug\libSE1819.a(spi.o)
 .ARM.attributes
                0x00000165       0x33 C:\SE\SE1819\Debug\libSE1819.a(wait.o)
 .ARM.attributes
                0x00000198       0x33 C:\SE\SE1819\Debug\libSE1819.a(waitos.o)
 .ARM.attributes
                0x000001cb       0x33 C:\SE\CMSIS_CORE_LPC17xx\Debug\libCMSIS_CORE_LPC17xx.a(system_LPC17xx.o)
 .ARM.attributes
                0x000001fe       0x33 c:/nxp/mcuxpressoide_10.2.1_795/ide/tools/bin/../lib/gcc/arm-none-eabi/7.2.1/../../../../arm-none-eabi/lib/thumb/v7-m\libcr_semihost.a(_cr__main.o)
 .ARM.attributes
                0x00000231       0x33 c:/nxp/mcuxpressoide_10.2.1_795/ide/tools/bin/../lib/gcc/arm-none-eabi/7.2.1/../../../../arm-none-eabi/lib/thumb/v7-m\libcr_c.a(memcpy.o)
 .ARM.attributes
                0x00000264       0x33 c:/nxp/mcuxpressoide_10.2.1_795/ide/tools/bin/../lib/gcc/arm-none-eabi/7.2.1/../../../../arm-none-eabi/lib/thumb/v7-m\libcr_c.a(memset.o)
 .ARM.attributes
                0x00000297       0x33 c:/nxp/mcuxpressoide_10.2.1_795/ide/tools/bin/../lib/gcc/arm-none-eabi/7.2.1/../../../../arm-none-eabi/lib/thumb/v7-m\libcr_c.a(alloc.o)
 .ARM.attributes
                0x000002ca       0x33 c:/nxp/mcuxpressoide_10.2.1_795/ide/tools/bin/../lib/gcc/arm-none-eabi/7.2.1/../../../../arm-none-eabi/lib/thumb/v7-m\libcr_c.a(fpprintf.o)
 .ARM.attributes
                0x000002fd       0x33 c:/nxp/mcuxpressoide_10.2.1_795/ide/tools/bin/../lib/gcc/arm-none-eabi/7.2.1/../../../../arm-none-eabi/lib/thumb/v7-m\libcr_c.a(initio.o)
 .ARM.attributes
                0x00000330       0x33 c:/nxp/mcuxpressoide_10.2.1_795/ide/tools/bin/../lib/gcc/arm-none-eabi/7.2.1/../../../../arm-none-eabi/lib/thumb/v7-m\libcr_c.a(itoa.o)
 .ARM.attributes
                0x00000363       0x33 c:/nxp/mcuxpressoide_10.2.1_795/ide/tools/bin/../lib/gcc/arm-none-eabi/7.2.1/../../../../arm-none-eabi/lib/thumb/v7-m\libcr_c.a(printf.o)
 .ARM.attributes
                0x00000396       0x33 c:/nxp/mcuxpressoide_10.2.1_795/ide/tools/bin/../lib/gcc/arm-none-eabi/7.2.1/../../../../arm-none-eabi/lib/thumb/v7-m\libcr_c.a(setvbuf.o)
 .ARM.attributes
                0x000003c9       0x33 c:/nxp/mcuxpressoide_10.2.1_795/ide/tools/bin/../lib/gcc/arm-none-eabi/7.2.1/../../../../arm-none-eabi/lib/thumb/v7-m\libcr_c.a(strcat.o)
 .ARM.attributes
                0x000003fc       0x33 c:/nxp/mcuxpressoide_10.2.1_795/ide/tools/bin/../lib/gcc/arm-none-eabi/7.2.1/../../../../arm-none-eabi/lib/thumb/v7-m\libcr_c.a(strlen.o)
 .ARM.attributes
                0x0000042f       0x33 c:/nxp/mcuxpressoide_10.2.1_795/ide/tools/bin/../lib/gcc/arm-none-eabi/7.2.1/../../../../arm-none-eabi/lib/thumb/v7-m\libcr_c.a(__init_alloc.o)
 .ARM.attributes
                0x00000462       0x33 c:/nxp/mcuxpressoide_10.2.1_795/ide/tools/bin/../lib/gcc/arm-none-eabi/7.2.1/../../../../arm-none-eabi/lib/thumb/v7-m\libcr_c.a(_cr_sbrk.o)
 .ARM.attributes
                0x00000495       0x33 c:/nxp/mcuxpressoide_10.2.1_795/ide/tools/bin/../lib/gcc/arm-none-eabi/7.2.1/../../../../arm-none-eabi/lib/thumb/v7-m\libcr_c.a(_deferredlazyseek.o)
 .ARM.attributes
                0x000004c8       0x33 c:/nxp/mcuxpressoide_10.2.1_795/ide/tools/bin/../lib/gcc/arm-none-eabi/7.2.1/../../../../arm-none-eabi/lib/thumb/v7-m\libcr_c.a(_fdopen.o)
 .ARM.attributes
                0x000004fb       0x33 c:/nxp/mcuxpressoide_10.2.1_795/ide/tools/bin/../lib/gcc/arm-none-eabi/7.2.1/../../../../arm-none-eabi/lib/thumb/v7-m\libcr_c.a(_fflush.o)
 .ARM.attributes
                0x0000052e       0x33 c:/nxp/mcuxpressoide_10.2.1_795/ide/tools/bin/../lib/gcc/arm-none-eabi/7.2.1/../../../../arm-none-eabi/lib/thumb/v7-m\libcr_c.a(_frexpl.o)
 .ARM.attributes
                0x00000561       0x33 c:/nxp/mcuxpressoide_10.2.1_795/ide/tools/bin/../lib/gcc/arm-none-eabi/7.2.1/../../../../arm-none-eabi/lib/thumb/v7-m\libcr_c.a(_ldexpl.o)
 .ARM.attributes
                0x00000594       0x33 c:/nxp/mcuxpressoide_10.2.1_795/ide/tools/bin/../lib/gcc/arm-none-eabi/7.2.1/../../../../arm-none-eabi/lib/thumb/v7-m\libcr_c.a(_writebuf.o)
 .ARM.attributes
                0x000005c7       0x33 c:/nxp/mcuxpressoide_10.2.1_795/ide/tools/bin/../lib/gcc/arm-none-eabi/7.2.1/../../../../arm-none-eabi/lib/thumb/v7-m\libcr_c.a(errno.o)
 .ARM.attributes
                0x000005fa       0x33 c:/nxp/mcuxpressoide_10.2.1_795/ide/tools/bin/../lib/gcc/arm-none-eabi/7.2.1/../../../../arm-none-eabi/lib/thumb/v7-m\libcr_c.a(fclose.o)
 .ARM.attributes
                0x0000062d       0x33 c:/nxp/mcuxpressoide_10.2.1_795/ide/tools/bin/../lib/gcc/arm-none-eabi/7.2.1/../../../../arm-none-eabi/lib/thumb/v7-m\libcr_c.a(fflush.o)
 .ARM.attributes
                0x00000660       0x33 c:/nxp/mcuxpressoide_10.2.1_795/ide/tools/bin/../lib/gcc/arm-none-eabi/7.2.1/../../../../arm-none-eabi/lib/thumb/v7-m\libcr_c.a(fseek.o)
 .ARM.attributes
                0x00000693       0x33 c:/nxp/mcuxpressoide_10.2.1_795/ide/tools/bin/../lib/gcc/arm-none-eabi/7.2.1/../../../../arm-none-eabi/lib/thumb/v7-m\libcr_c.a(ftell.o)
 .ARM.attributes
                0x000006c6       0x33 c:/nxp/mcuxpressoide_10.2.1_795/ide/tools/bin/../lib/gcc/arm-none-eabi/7.2.1/../../../../arm-none-eabi/lib/thumb/v7-m\libcr_c.a(remove.o)
 .ARM.attributes
                0x000006f9       0x33 c:/nxp/mcuxpressoide_10.2.1_795/ide/tools/bin/../lib/gcc/arm-none-eabi/7.2.1/../../../../arm-none-eabi/lib/thumb/v7-m\libcr_c.a(_cr_check_heap.o)
 .ARM.attributes
                0x0000072c       0x33 c:/nxp/mcuxpressoide_10.2.1_795/ide/tools/bin/../lib/gcc/arm-none-eabi/7.2.1/../../../../arm-none-eabi/lib/thumb/v7-m\libcr_c.a(_do_fflush.o)
 .ARM.attributes
                0x0000075f       0x33 c:/nxp/mcuxpressoide_10.2.1_795/ide/tools/bin/../lib/gcc/arm-none-eabi/7.2.1/../../../../arm-none-eabi/lib/thumb/v7-m\libcr_c.a(_hugeval.o)
 .ARM.attributes
                0x00000792       0x33 c:/nxp/mcuxpressoide_10.2.1_795/ide/tools/bin/../lib/gcc/arm-none-eabi/7.2.1/thumb/v7-m\libcr_eabihelpers.a(double.o)
 .ARM.attributes
                0x000007c5       0x21 c:/nxp/mcuxpressoide_10.2.1_795/ide/tools/bin/../lib/gcc/arm-none-eabi/7.2.1/thumb/v7-m\libcr_eabihelpers.a(memcpy.o)
 .ARM.attributes
                0x000007e6       0x33 c:/nxp/mcuxpressoide_10.2.1_795/ide/tools/bin/../lib/gcc/arm-none-eabi/7.2.1/../../../../arm-none-eabi/lib/thumb/v7-m\libcr_semihost.a(__ciob.o)
 .ARM.attributes
                0x00000819       0x21 c:/nxp/mcuxpressoide_10.2.1_795/ide/tools/bin/../lib/gcc/arm-none-eabi/7.2.1/../../../../arm-none-eabi/lib/thumb/v7-m\libcr_semihost.a(__sys_appexit.o)
 .ARM.attributes
                0x0000083a       0x21 c:/nxp/mcuxpressoide_10.2.1_795/ide/tools/bin/../lib/gcc/arm-none-eabi/7.2.1/../../../../arm-none-eabi/lib/thumb/v7-m\libcr_semihost.a(__sys_close.o)
 .ARM.attributes
                0x0000085b       0x21 c:/nxp/mcuxpressoide_10.2.1_795/ide/tools/bin/../lib/gcc/arm-none-eabi/7.2.1/../../../../arm-none-eabi/lib/thumb/v7-m\libcr_semihost.a(__sys_flen.o)
 .ARM.attributes
                0x0000087c       0x21 c:/nxp/mcuxpressoide_10.2.1_795/ide/tools/bin/../lib/gcc/arm-none-eabi/7.2.1/../../../../arm-none-eabi/lib/thumb/v7-m\libcr_semihost.a(__sys_istty.o)
 .ARM.attributes
                0x0000089d       0x21 c:/nxp/mcuxpressoide_10.2.1_795/ide/tools/bin/../lib/gcc/arm-none-eabi/7.2.1/../../../../arm-none-eabi/lib/thumb/v7-m\libcr_semihost.a(__sys_remove.o)
 .ARM.attributes
                0x000008be       0x21 c:/nxp/mcuxpressoide_10.2.1_795/ide/tools/bin/../lib/gcc/arm-none-eabi/7.2.1/../../../../arm-none-eabi/lib/thumb/v7-m\libcr_semihost.a(__sys_seek.o)
 .ARM.attributes
                0x000008df       0x21 c:/nxp/mcuxpressoide_10.2.1_795/ide/tools/bin/../lib/gcc/arm-none-eabi/7.2.1/../../../../arm-none-eabi/lib/thumb/v7-m\libcr_semihost.a(__sys_tmpnam.o)
 .ARM.attributes
                0x00000900       0x21 c:/nxp/mcuxpressoide_10.2.1_795/ide/tools/bin/../lib/gcc/arm-none-eabi/7.2.1/../../../../arm-none-eabi/lib/thumb/v7-m\libcr_semihost.a(__sys_write.o)

.debug_frame    0x00000000      0xa10
 .debug_frame   0x00000000       0x54 ./src/Lab_5.o
 .debug_frame   0x00000054      0x170 ./src/cr_startup_lpc175x_6x.o
 .debug_frame   0x000001c4      0x400 C:\SE\MFRC522\Release\libMFRC522.a(mfrc522.o)
 .debug_frame   0x000005c4      0x184 C:\SE\SE1819\Debug\libSE1819.a(lcd.o)
 .debug_frame   0x00000748       0xc0 C:\SE\SE1819\Debug\libSE1819.a(mfrc.o)
 .debug_frame   0x00000808       0xd8 C:\SE\SE1819\Debug\libSE1819.a(spi.o)
 .debug_frame   0x000008e0       0xc0 C:\SE\SE1819\Debug\libSE1819.a(wait.o)
 .debug_frame   0x000009a0       0x34 C:\SE\SE1819\Debug\libSE1819.a(waitos.o)
 .debug_frame   0x000009d4       0x3c C:\SE\CMSIS_CORE_LPC17xx\Debug\libCMSIS_CORE_LPC17xx.a(system_LPC17xx.o)

.debug_loc      0x00000000     0x15ea
 .debug_loc     0x00000000     0x15ea C:\SE\MFRC522\Release\libMFRC522.a(mfrc522.o)
