Archive member included to satisfy reference by file (symbol)

C:\SE\FreeRTOS10_Library\Debug\libFreeRTOS10_Library.a(heap_4.o)
                              ./src/app.o (pvPortMalloc)
C:\SE\FreeRTOS10_Library\Debug\libFreeRTOS10_Library.a(port.o)
                              ./src/cr_startup_lpc17.o (vPortSVCHandler)
C:\SE\FreeRTOS10_Library\Debug\libFreeRTOS10_Library.a(queue.o)
                              ./src/app.o (xQueueGenericCreate)
C:\SE\FreeRTOS10_Library\Debug\libFreeRTOS10_Library.a(tasks.o)
                              C:\SE\FreeRTOS10_Library\Debug\libFreeRTOS10_Library.a(port.o) (pxCurrentTCB)
C:\SE\FreeRTOS10_Library\Debug\libFreeRTOS10_Library.a(list.o)
                              C:\SE\FreeRTOS10_Library\Debug\libFreeRTOS10_Library.a(queue.o) (vListInitialise)
C:\SE\MFRC522\Release\libMFRC522.a(mfrc522.o)
                              ./src/helper.o (MFRC522_Init)
C:\SE\SE1819\Debug\libSE1819.a(e2prom.o)
                              ./src/helper.o (E2P_Init)
C:\SE\SE1819\Debug\libSE1819.a(esp.o)
                              ./src/helper.o (ESP_Init)
C:\SE\SE1819\Debug\libSE1819.a(i2c.o)
                              C:\SE\SE1819\Debug\libSE1819.a(e2prom.o) (I2C_Init)
C:\SE\SE1819\Debug\libSE1819.a(keypados.o)
                              ./src/app.o (KEYPADOS_Init)
C:\SE\SE1819\Debug\libSE1819.a(lcdos.o)
                              ./src/app.o (LCDOS_Init)
C:\SE\SE1819\Debug\libSE1819.a(led.o)
                              ./src/helper.o (LED_Init)
C:\SE\SE1819\Debug\libSE1819.a(mfrc.o)
                              C:\SE\MFRC522\Release\libMFRC522.a(mfrc522.o) (MFRC522_PreInit)
C:\SE\SE1819\Debug\libSE1819.a(ntp.o)
                              ./src/network.o (NTP_GetTime)
C:\SE\SE1819\Debug\libSE1819.a(rtc.o)
                              ./src/helper.o (RTC_Init)
C:\SE\SE1819\Debug\libSE1819.a(spi.o)
                              C:\SE\SE1819\Debug\libSE1819.a(mfrc.o) (SPI_Init)
C:\SE\SE1819\Debug\libSE1819.a(waitos.o)
                              ./src/helper.o (WAITOS_Ms)
C:\SE\SE1819\Debug\libSE1819.a(wifi.o)
                              C:\SE\SE1819\Debug\libSE1819.a(esp.o) (WIFI_Init)
C:\SE\SE1819\Debug\libSE1819.a(uart.o)
                              C:\SE\SE1819\Debug\libSE1819.a(wifi.o) (ResetBuffers)
C:\SE\SE1819\Debug\libSE1819.a(rb.o)
                              C:\SE\SE1819\Debug\libSE1819.a(uart.o) (RB_Reset)
C:\SE\CMSIS_CORE_LPC17xx\Debug\libCMSIS_CORE_LPC17xx.a(system_LPC17xx.o)
                              ./src/cr_startup_lpc17.o (SystemInit)
c:/nxp/mcuxpressoide_10.2.1_795/ide/tools/bin/../lib/gcc/arm-none-eabi/7.2.1/thumb/v7-m\libgcc.a(_aeabi_ldivmod.o)
                              C:\SE\CMSIS_CORE_LPC17xx\Debug\libCMSIS_CORE_LPC17xx.a(system_LPC17xx.o) (__aeabi_ldivmod)
c:/nxp/mcuxpressoide_10.2.1_795/ide/tools/bin/../lib/gcc/arm-none-eabi/7.2.1/thumb/v7-m\libgcc.a(_aeabi_uldivmod.o)
                              C:\SE\CMSIS_CORE_LPC17xx\Debug\libCMSIS_CORE_LPC17xx.a(system_LPC17xx.o) (__aeabi_uldivmod)
c:/nxp/mcuxpressoide_10.2.1_795/ide/tools/bin/../lib/gcc/arm-none-eabi/7.2.1/thumb/v7-m\libgcc.a(_udivmoddi4.o)
                              c:/nxp/mcuxpressoide_10.2.1_795/ide/tools/bin/../lib/gcc/arm-none-eabi/7.2.1/thumb/v7-m\libgcc.a(_aeabi_ldivmod.o) (__udivmoddi4)
c:/nxp/mcuxpressoide_10.2.1_795/ide/tools/bin/../lib/gcc/arm-none-eabi/7.2.1/thumb/v7-m\libgcc.a(_dvmd_tls.o)
                              c:/nxp/mcuxpressoide_10.2.1_795/ide/tools/bin/../lib/gcc/arm-none-eabi/7.2.1/thumb/v7-m\libgcc.a(_aeabi_ldivmod.o) (__aeabi_ldiv0)
c:/nxp/mcuxpressoide_10.2.1_795/ide/tools/bin/../lib/gcc/arm-none-eabi/7.2.1/../../../../arm-none-eabi/lib/thumb/v7-m\libc_nano.a(lib_a-lcltime_r.o)
                              C:\SE\SE1819\Debug\libSE1819.a(rtc.o) (localtime_r)
c:/nxp/mcuxpressoide_10.2.1_795/ide/tools/bin/../lib/gcc/arm-none-eabi/7.2.1/../../../../arm-none-eabi/lib/thumb/v7-m\libc_nano.a(lib_a-memcpy-stub.o)
                              ./src/helper.o (memcpy)
c:/nxp/mcuxpressoide_10.2.1_795/ide/tools/bin/../lib/gcc/arm-none-eabi/7.2.1/../../../../arm-none-eabi/lib/thumb/v7-m\libc_nano.a(lib_a-memset.o)
                              C:\SE\FreeRTOS10_Library\Debug\libFreeRTOS10_Library.a(tasks.o) (memset)
c:/nxp/mcuxpressoide_10.2.1_795/ide/tools/bin/../lib/gcc/arm-none-eabi/7.2.1/../../../../arm-none-eabi/lib/thumb/v7-m\libc_nano.a(lib_a-mktime.o)
                              C:\SE\SE1819\Debug\libSE1819.a(rtc.o) (mktime)
c:/nxp/mcuxpressoide_10.2.1_795/ide/tools/bin/../lib/gcc/arm-none-eabi/7.2.1/../../../../arm-none-eabi/lib/thumb/v7-m\libc_nano.a(lib_a-month_lengths.o)
                              c:/nxp/mcuxpressoide_10.2.1_795/ide/tools/bin/../lib/gcc/arm-none-eabi/7.2.1/../../../../arm-none-eabi/lib/thumb/v7-m\libc_nano.a(lib_a-lcltime_r.o) (__month_lengths)
c:/nxp/mcuxpressoide_10.2.1_795/ide/tools/bin/../lib/gcc/arm-none-eabi/7.2.1/../../../../arm-none-eabi/lib/thumb/v7-m\libc_nano.a(lib_a-strcpy.o)
[...]
Memory Configuration

Name             Origin             Length             Attributes
MFlash512        0x00000000         0x00080000         xr
RamLoc32         0x10000000         0x00008000         xrw
RamAHB32         0x2007c000         0x00008000         xrw
*default*        0x00000000         0xffffffff

Linker script and memory map

LOAD ./src/app.o
LOAD ./src/app_mem_managment.o
LOAD ./src/cr_startup_lpc17.o
LOAD ./src/helper.o
LOAD ./src/main.o
LOAD ./src/network.o
LOAD ./src/printf-stdarg.o
LOAD C:\SE\FreeRTOS10_Library\Debug\libFreeRTOS10_Library.a
LOAD C:\SE\MFRC522\Release\libMFRC522.a
LOAD C:\SE\SE1819\Debug\libSE1819.a
LOAD C:\SE\CMSIS_CORE_LPC17xx\Debug\libCMSIS_CORE_LPC17xx.a
START GROUP
LOAD c:/nxp/mcuxpressoide_10.2.1_795/ide/tools/bin/../lib/gcc/arm-none-eabi/7.2.1/thumb/v7-m\libgcc.a
LOAD c:/nxp/mcuxpressoide_10.2.1_795/ide/tools/bin/../lib/gcc/arm-none-eabi/7.2.1/../../../../arm-none-eabi/lib/thumb/v7-m\libc_nano.a
LOAD c:/nxp/mcuxpressoide_10.2.1_795/ide/tools/bin/../lib/gcc/arm-none-eabi/7.2.1/../../../../arm-none-eabi/lib/thumb/v7-m\libm.a
LOAD c:/nxp/mcuxpressoide_10.2.1_795/ide/tools/bin/../lib/gcc/arm-none-eabi/7.2.1/../../../../arm-none-eabi/lib/thumb/v7-m\libcr_newlib_nohost.a
END GROUP
                0x00000000                __base_MFlash512 = 0x0
                0x00000000                __base_Flash = 0x0
                0x00080000                __top_MFlash512 = 0x80000
                0x00080000                __top_Flash = 0x80000
                0x10000000                __base_RamLoc32 = 0x10000000
                0x10000000                __base_RAM = 0x10000000
                0x10008000                __top_RamLoc32 = 0x10008000
                0x10008000                __top_RAM = 0x10008000
                0x2007c000                __base_RamAHB32 = 0x2007c000
                0x2007c000                __base_RAM2 = 0x2007c000
                0x20084000                __top_RamAHB32 = 0x20084000
                0x20084000                __top_RAM2 = 0x20084000

.text           0x00000000     0x915c
 FILL mask 0xff
                0x00000000                __vectors_start__ = ABSOLUTE (.)
 *(.isr_vector)
 .isr_vector    0x00000000       0xcc ./src/cr_startup_lpc17.o
                0x00000000                g_pfnVectors
                0x000000cc                . = ALIGN (0x4)
                0x000000cc                __section_table_start = .
                0x000000cc                __data_section_table = .
                0x000000cc        0x4 LONG 0x9164 LOADADDR (.data)
                0x000000d0        0x4 LONG 0x10000000 ADDR (.data)
                0x000000d4        0x4 LONG 0x23c SIZEOF (.data)
                0x000000d8        0x4 LONG 0x9164 LOADADDR (.data_RAM2)
                0x000000dc        0x4 LONG 0x2007c000 ADDR (.data_RAM2)
                0x000000e0        0x4 LONG 0x0 SIZEOF (.data_RAM2)
                0x000000e4                __data_section_table_end = .
                0x000000e4                __bss_section_table = .
                0x000000e4        0x4 LONG 0x1000023c ADDR (.bss)
                0x000000e8        0x4 LONG 0x34fc SIZEOF (.bss)
                0x000000ec        0x4 LONG 0x2007c000 ADDR (.bss_RAM2)
                0x000000f0        0x4 LONG 0x0 SIZEOF (.bss_RAM2)
                0x000000f4                __bss_section_table_end = .
                0x000000f4                __section_table_end = .
 *(.after_vectors*)
 *(.text*)
 .text.MainFunc
                0x000000f4      0x170 ./src/app.o
                0x000000f4                MainFunc
 .text.LCDFunc  0x00000264       0x18 ./src/app.o
                0x00000264                LCDFunc
 .text.KeypadFunc
                0x0000027c       0x48 ./src/app.o
                0x0000027c                KeypadFunc
 .text.InitApp  0x000002c4       0xf0 ./src/app.o
                0x000002c4                InitApp
 .text.IncrementLength
                0x000003b4       0x2c ./src/app_mem_managment.o
                0x000003b4                IncrementLength
 .text.GetLength
                0x000003e0       0x22 ./src/app_mem_managment.o
                0x000003e0                GetLength
 .text.AddRecord
                0x00000402       0x54 ./src/app_mem_managment.o
                0x00000402                AddRecord
 .text.AddLockCard
                0x00000456       0x38 ./src/app_mem_managment.o
                0x00000456                AddLockCard
 .text.AdminCardExists
                0x0000048e       0x4a ./src/app_mem_managment.o
                0x0000048e                AdminCardExists
 .text.CardExists
                0x000004d8       0x52 ./src/app_mem_managment.o
                0x000004d8                CardExists
 .text.GetRecordsLength
                0x0000052a       0x10 ./src/app_mem_managment.o
                0x0000052a                GetRecordsLength
 .text.GetRecord
                0x0000053a       0x4e ./src/app_mem_managment.o
                0x0000053a                GetRecord
 .text.ResetISR
                0x00000588       0x58 ./src/cr_startup_lpc17.o
                0x00000588                ResetISR
 .text.NMI_Handler
                0x000005e0        0x6 ./src/cr_startup_lpc17.o
                0x000005e0                NMI_Handler
 .text.HardFault_Handler
                0x000005e6        0x6 ./src/cr_startup_lpc17.o
                0x000005e6                HardFault_Handler
 .text.MemManage_Handler
                0x000005ec        0x6 ./src/cr_startup_lpc17.o
                0x000005ec                MemManage_Handler
 .text.BusFault_Handler
                0x000005f2        0x6 ./src/cr_startup_lpc17.o
                0x000005f2                BusFault_Handler
 .text.UsageFault_Handler
                0x000005f8        0x6 ./src/cr_startup_lpc17.o
                0x000005f8                UsageFault_Handler
 .text.DebugMon_Handler
                0x000005fe        0x6 ./src/cr_startup_lpc17.o
                0x000005fe                DebugMon_Handler
 .text.IntDefaultHandler
                0x00000604        0x6 ./src/cr_startup_lpc17.o
                0x00000604                TIMER2_IRQHandler
                0x00000604                RIT_IRQHandler
                0x00000604                I2C0_IRQHandler
                0x00000604                USBActivity_IRQHandler
                0x00000604                PWM1_IRQHandler
                0x00000604                I2C1_IRQHandler
                0x00000604                EINT2_IRQHandler
                0x00000604                UART1_IRQHandler
                0x00000604                CANActivity_IRQHandler
                0x00000604                TIMER3_IRQHandler
                0x00000604                IntDefaultHandler
                0x00000604                PLL0_IRQHandler
                0x00000604                CAN_IRQHandler
                0x00000604                PLL1_IRQHandler
                0x00000604                SSP0_IRQHandler
                0x00000604                I2S_IRQHandler
                0x00000604                RTC_IRQHandler
                0x00000604                TIMER0_IRQHandler
                0x00000604                SPI_IRQHandler
                0x00000604                EINT1_IRQHandler
                0x00000604                TIMER1_IRQHandler
                0x00000604                UART2_IRQHandler
                0x00000604                ADC_IRQHandler
                0x00000604                SSP1_IRQHandler
                0x00000604                USB_IRQHandler
                0x00000604                BOD_IRQHandler
                0x00000604                WDT_IRQHandler
                0x00000604                QEI_IRQHandler
                0x00000604                EINT0_IRQHandler
                0x00000604                DMA_IRQHandler
                0x00000604                UART3_IRQHandler
                0x00000604                MCPWM_IRQHandler
                0x00000604                ENET_IRQHandler
 *fill*         0x0000060a        0x2 ff
 .text.InitializeApp
                0x0000060c       0x54 ./src/helper.o
                0x0000060c                InitializeApp
 .text.getUidUint
                0x00000660       0x54 ./src/helper.o
                0x00000660                getUidUint
 .text.RegistAccess
                0x000006b4       0x56 ./src/helper.o
                0x000006b4                RegistAccess
 *fill*         0x0000070a        0x2 ff
 .text.ShowCalendar
                0x0000070c       0x78 ./src/helper.o
                0x0000070c                ShowCalendar
 .text.WaitCard
                0x00000784       0x2e ./src/helper.o
                0x00000784                WaitCard
 .text.VerifyMaintenance
                0x000007b2       0x24 ./src/helper.o
                0x000007b2                VerifyMaintenance
 *fill*         0x000007d6        0x2 ff
 .text.ShowID   0x000007d8       0x38 ./src/helper.o
                0x000007d8                ShowID
 .text.IsValid  0x00000810       0x70 ./src/helper.o
                0x00000810                IsValid
 .text.OpenLock
                0x00000880       0x1c ./src/helper.o
                0x00000880                OpenLock
 .text.RegistValidAccess
                0x0000089c       0x28 ./src/helper.o
                0x0000089c                RegistValidAccess
 .text.RegistInvalidAccess
                0x000008c4       0x28 ./src/helper.o
                0x000008c4                RegistInvalidAccess
 .text.AssureHold
                0x000008ec       0x68 ./src/helper.o
                0x000008ec                AssureHold
 .text.WaitMaintenanceCard
                0x00000954       0x88 ./src/helper.o
                0x00000954                WaitMaintenanceCard
 .text.ValidateAdmin
                0x000009dc       0x80 ./src/helper.o
                0x000009dc                ValidateAdmin
 .text.ShowMenu
                0x00000a5c      0x14c ./src/helper.o
                0x00000a5c                ShowMenu
 .text.VerifyInput
                0x00000ba8       0x40 ./src/helper.o
                0x00000ba8                VerifyInput
 .text.ShowRecords
                0x00000be8       0xf0 ./src/helper.o
                0x00000be8                ShowRecords
 .text.WaitCardToAdd
                0x00000cd8       0x84 ./src/helper.o
                0x00000cd8                WaitCardToAdd
 .text.VerifyExistance
                0x00000d5c       0x84 ./src/helper.o
                0x00000d5c                VerifyExistance
 .text.ConfirmRegist
                0x00000de0       0x64 ./src/helper.o
                0x00000de0                ConfirmRegist
 .text.main     0x00000e44       0x12 ./src/main.o
                0x00000e44                main
 .text.vApplicationStackOverflowHook
                0x00000e56        0xc ./src/main.o
                0x00000e56                vApplicationStackOverflowHook
 *fill*         0x00000e62        0x2 ff
 .text.vConfigureTimerForRunTimeStats
                0x00000e64       0x78 ./src/main.o
                0x00000e64                vConfigureTimerForRunTimeStats
 .text.ConnectToAP
                0x00000edc       0x68 ./src/network.o
                0x00000edc                ConnectToAP
 .text.GetCurrentTime
                0x00000f44       0x30 ./src/network.o
                0x00000f44                GetCurrentTime
 .text.__semihost
                0x00000f74       0x22 ./src/printf-stdarg.o
 .text.semihost_write
                0x00000f96       0x36 ./src/printf-stdarg.o
 .text.putchar  0x00000fcc       0x1c ./src/printf-stdarg.o
 .text.printchar
                0x00000fe8       0x34 ./src/printf-stdarg.o
 .text.prints   0x0000101c       0xb6 ./src/printf-stdarg.o
 .text.printi   0x000010d2       0xda ./src/printf-stdarg.o
 .text.print    0x000011ac      0x1e8 ./src/printf-stdarg.o
 .text.printf   0x00001394       0x28 ./src/printf-stdarg.o
                0x00001394                printf
 .text.sprintf  0x000013bc       0x2c ./src/printf-stdarg.o
                0x000013bc                sprintf
 .text.snprintf
                0x000013e8       0x2e ./src/printf-stdarg.o
                0x000013e8                snprintf
 *fill*         0x00001416        0x2 ff
 .text          0x00001418      0x344 C:\SE\FreeRTOS10_Library\Debug\libFreeRTOS10_Library.a(heap_4.o)
                0x00001418                pvPortMalloc
                0x00001540                vPortFree
                0x000015b4                xPortGetFreeHeapSize
                0x000015c8                xPortGetMinimumEverFreeHeapSize
                0x000015dc                vPortInitialiseBlocks
 *fill*         0x0000175c        0x4 ff
 .text          0x00001760      0x250 C:\SE\FreeRTOS10_Library\Debug\libFreeRTOS10_Library.a(port.o)
                0x00001760                pxPortInitialiseStack
                0x000017e6                vPortSVCHandler
                0x00001832                xPortStartScheduler
                0x00001874                vPortEndScheduler
                0x00001880                vPortEnterCritical
                0x000018b0                vPortExitCritical
                0x000018e0                xPortPendSVHandler
                0x00001926                xPortSysTickHandler
                0x00001968                vPortSetupTimerInterrupt
 .text          0x000019b0      0xe20 C:\SE\FreeRTOS10_Library\Debug\libFreeRTOS10_Library.a(queue.o)
                0x000019b0                xQueueGenericReset
                0x00001a64                xQueueGenericCreate
                0x00001b3a                xQueueCreateMutex
                0x00001b6a                xQueueCreateCountingSemaphore
                0x00001b96                xQueueGenericSend
                0x00001cec                xQueueGenericSendFromISR
                0x00001d9e                xQueueGiveFromISR
                0x00001e44                xQueueReceive
                0x00001f88                xQueueSemaphoreTake
                0x00002118                xQueuePeek
                0x00002260                xQueueReceiveFromISR
                0x0000230c                xQueuePeekFromISR
                0x00002370                uxQueueMessagesWaiting
                0x00002390                uxQueueSpacesAvailable
                0x000023ba                uxQueueMessagesWaitingFromISR
                0x000023d8                vQueueDelete
                0x000023f8                uxQueueGetQueueNumber
                0x0000240e                vQueueSetQueueNumber
                0x00002428                ucQueueGetQueueType
                0x0000265e                xQueueIsQueueEmptyFromISR
                0x000026b8                xQueueIsQueueFullFromISR
                0x000026e6                vQueueAddToRegistry
                0x00002734                pcQueueGetName
                0x00002780                vQueueUnregisterQueue
 .text          0x000027d0     0x1da4 C:\SE\FreeRTOS10_Library\Debug\libFreeRTOS10_Library.a(tasks.o)
                0x000027d0                xTaskCreate
                0x00002a38                vTaskDelete
                0x00002b34                vTaskDelayUntil
                0x00002bd4                vTaskDelay
                0x00002c1c                eTaskGetState
                0x00002ccc                uxTaskPriorityGet
                0x00002d00                uxTaskPriorityGetFromISR
                0x00002d54                vTaskPrioritySet
                0x00002e8c                vTaskSuspend
                0x00002fd4                vTaskResume
                0x00003074                xTaskResumeFromISR
                0x00003134                vTaskStartScheduler
                0x000031a4                vTaskEndScheduler
                0x000031d4                vTaskSuspendAll
                0x000031f0                xTaskResumeAll
                0x0000330c                xTaskGetTickCount
                0x00003328                xTaskGetTickCountFromISR
                0x00003348                uxTaskGetNumberOfTasks
                0x0000335c                pcTaskGetName
                0x00003388                uxTaskGetSystemState
                0x000034a8                xTaskIncrementTick
                0x000035f8                vTaskSwitchContext
                0x000036dc                vTaskPlaceOnEventList
                0x00003708                vTaskPlaceOnUnorderedEventList
                0x00003744                xTaskRemoveFromEventList
                0x000037ec                vTaskRemoveFromUnorderedEventList
                0x00003870                vTaskSetTimeOutState
                0x000038a0                vTaskInternalSetTimeOutState
                0x000038cc                xTaskCheckForTimeOut
                0x00003958                vTaskMissedYield
                0x00003970                uxTaskGetTaskNumber
                0x0000399a                vTaskSetTaskNumber
                0x00003aa4                vTaskGetInfo
                0x00003ca8                xTaskGetCurrentTaskHandle
                0x00003cc4                xTaskPriorityInherit
                0x00003dc4                xTaskPriorityDisinherit
                0x00003e8c                vTaskPriorityDisinheritAfterTimeout
                0x00003f7c                uxTaskResetEventItemValue
                0x00003fac                pvTaskIncrementMutexHeldCount
                0x00003fd4                ulTaskNotifyTake
                0x00004064                xTaskNotifyWait
                0x00004118                xTaskGenericNotify
                0x00004228                xTaskGenericNotifyFromISR
                0x00004378                vTaskNotifyGiveFromISR
                0x0000445c                xTaskNotifyStateClear
 .text          0x00004574      0x15e C:\SE\FreeRTOS10_Library\Debug\libFreeRTOS10_Library.a(list.o)
                0x00004574                vListInitialise
                0x000045b2                vListInitialiseItem
                0x000045ca                vListInsertEnd
                0x00004610                vListInsert
                0x00004680                uxListRemove
 .text.PCD_WriteRegister
                0x000046d2       0x24 C:\SE\MFRC522\Release\libMFRC522.a(mfrc522.o)
                0x000046d2                PCD_WriteRegister
 .text.PCD_WriteRegisterMultiple
                0x000046f6       0x32 C:\SE\MFRC522\Release\libMFRC522.a(mfrc522.o)
                0x000046f6                PCD_WriteRegisterMultiple
 .text.PCD_ReadRegister
                0x00004728       0x24 C:\SE\MFRC522\Release\libMFRC522.a(mfrc522.o)
                0x00004728                PCD_ReadRegister
 .text.PCD_AntennaOn
                0x0000474c       0x22 C:\SE\MFRC522\Release\libMFRC522.a(mfrc522.o)
                0x0000474c                PCD_AntennaOn
 .text.PCD_Init
                0x0000476e       0x5a C:\SE\MFRC522\Release\libMFRC522.a(mfrc522.o)
                0x0000476e                PCD_Init
 .text.MFRC522_Init
                0x000047c8        0xe C:\SE\MFRC522\Release\libMFRC522.a(mfrc522.o)
                0x000047c8                MFRC522_Init
 .text.PCD_ReadRegisterMultiple
                0x000047d6       0x8e C:\SE\MFRC522\Release\libMFRC522.a(mfrc522.o)
                0x000047d6                PCD_ReadRegisterMultiple
 .text.PCD_SetRegisterBits
                0x00004864       0x1a C:\SE\MFRC522\Release\libMFRC522.a(mfrc522.o)
                0x00004864                PCD_SetRegisterBits
 .text.PCD_ClrRegisterBits
                0x0000487e       0x1a C:\SE\MFRC522\Release\libMFRC522.a(mfrc522.o)
                0x0000487e                PCD_ClrRegisterBits
 .text.PCD_CalculateCRC
                0x00004898       0x68 C:\SE\MFRC522\Release\libMFRC522.a(mfrc522.o)
                0x00004898                PCD_CalculateCRC
 .text.PCD_CommunicateWithPICC
                0x00004900      0x12e C:\SE\MFRC522\Release\libMFRC522.a(mfrc522.o)
                0x00004900                PCD_CommunicateWithPICC
 .text.PCD_TransceiveData
                0x00004a2e       0x28 C:\SE\MFRC522\Release\libMFRC522.a(mfrc522.o)
                0x00004a2e                PCD_TransceiveData
 .text.PICC_REQA_or_WUPA
                0x00004a56       0x5c C:\SE\MFRC522\Release\libMFRC522.a(mfrc522.o)
                0x00004a56                PICC_REQA_or_WUPA
 .text.PICC_RequestA
                0x00004ab2        0xa C:\SE\MFRC522\Release\libMFRC522.a(mfrc522.o)
                0x00004ab2                PICC_RequestA
 .text.PICC_Select
                0x00004abc      0x288 C:\SE\MFRC522\Release\libMFRC522.a(mfrc522.o)
                0x00004abc                PICC_Select
 .text.PICC_IsNewCardPresent
                0x00004d44       0x20 C:\SE\MFRC522\Release\libMFRC522.a(mfrc522.o)
                0x00004d44                PICC_IsNewCardPresent
 .text.PICC_ReadCardSerial
                0x00004d64       0x28 C:\SE\MFRC522\Release\libMFRC522.a(mfrc522.o)
                0x00004d64                PICC_ReadCardSerial
 .text.E2P_Init
                0x00004d8c       0x10 C:\SE\SE1819\Debug\libSE1819.a(e2prom.o)
                0x00004d8c                E2P_Init
 .text.E2P_Write
                0x00004d9c       0xc4 C:\SE\SE1819\Debug\libSE1819.a(e2prom.o)
                0x00004d9c                E2P_Write
 .text.E2P_Read
                0x00004e60       0x52 C:\SE\SE1819\Debug\libSE1819.a(e2prom.o)
                0x00004e60                E2P_Read
 *fill*         0x00004eb2        0x2 ff
 .text.numDigits
                0x00004eb4       0x34 C:\SE\SE1819\Debug\libSE1819.a(esp.o)
                0x00004eb4                numDigits
 .text.ESP_Init
                0x00004ee8        0xc C:\SE\SE1819\Debug\libSE1819.a(esp.o)
                0x00004ee8                ESP_Init
 .text.ESP_SetOperationMode
                0x00004ef4       0x6c C:\SE\SE1819\Debug\libSE1819.a(esp.o)
                0x00004ef4                ESP_SetOperationMode
 .text.ESP_ConnectToNetwork
                0x00004f60       0xe8 C:\SE\SE1819\Debug\libSE1819.a(esp.o)
                0x00004f60                ESP_ConnectToNetwork
 .text.ESP_SetDNS
                0x00005048       0xd0 C:\SE\SE1819\Debug\libSE1819.a(esp.o)
                0x00005048                ESP_SetDNS
 .text.ESP_StartTransfer
                0x00005118       0xf8 C:\SE\SE1819\Debug\libSE1819.a(esp.o)
                0x00005118                ESP_StartTransfer
 .text.ESP_Transfer
                0x00005210      0x10c C:\SE\SE1819\Debug\libSE1819.a(esp.o)
                0x00005210                ESP_Transfer
 .text.ESP_CloseTransfer
                0x0000531c       0x5c C:\SE\SE1819\Debug\libSE1819.a(esp.o)
                0x0000531c                ESP_CloseTransfer
 .text.NVIC_EnableIRQ
                0x00005378       0x30 C:\SE\SE1819\Debug\libSE1819.a(i2c.o)
 .text.NVIC_DisableIRQ
                0x000053a8       0x34 C:\SE\SE1819\Debug\libSE1819.a(i2c.o)
 .text.NVIC_SetPriority
                0x000053dc       0x54 C:\SE\SE1819\Debug\libSE1819.a(i2c.o)
 .text.I2C2_IRQHandler
                0x00005430      0x218 C:\SE\SE1819\Debug\libSE1819.a(i2c.o)
                0x00005430                I2C2_IRQHandler
 .text.I2C_Init
                0x00005648       0x88 C:\SE\SE1819\Debug\libSE1819.a(i2c.o)
                0x00005648                I2C_Init
 .text.I2C_Transfer
                0x000056d0       0xe8 C:\SE\SE1819\Debug\libSE1819.a(i2c.o)
                0x000056d0                I2C_Transfer
 .text.I2C_Receive
                0x000057b8      0x108 C:\SE\SE1819\Debug\libSE1819.a(i2c.o)
                0x000057b8                I2C_Receive
 .text.NVIC_EnableIRQ
                0x000058c0       0x30 C:\SE\SE1819\Debug\libSE1819.a(keypados.o)
 .text.NVIC_DisableIRQ
                0x000058f0       0x34 C:\SE\SE1819\Debug\libSE1819.a(keypados.o)
 .text.NVIC_SetPriority
                0x00005924       0x54 C:\SE\SE1819\Debug\libSE1819.a(keypados.o)
 .text.EINT3_IRQHandler
                0x00005978       0xa0 C:\SE\SE1819\Debug\libSE1819.a(keypados.o)
                0x00005978                EINT3_IRQHandler
 .text.KEYPADOS_Init
                0x00005a18       0x94 C:\SE\SE1819\Debug\libSE1819.a(keypados.o)
                0x00005a18                KEYPADOS_Init
 .text.KEYPADOS_ProcessKey
                0x00005aac       0x48 C:\SE\SE1819\Debug\libSE1819.a(keypados.o)
                0x00005aac                KEYPADOS_ProcessKey
 .text.KEYPADOS_PoolKeypad
                0x00005af4       0xbc C:\SE\SE1819\Debug\libSE1819.a(keypados.o)
                0x00005af4                KEYPADOS_PoolKeypad
 .text.KEYPADOS_GetKey
                0x00005bb0       0x34 C:\SE\SE1819\Debug\libSE1819.a(keypados.o)
                0x00005bb0                KEYPADOS_GetKey
 .text.WriteHalf
                0x00005be4       0x4c C:\SE\SE1819\Debug\libSE1819.a(lcdos.o)
                0x00005be4                WriteHalf
 .text.WriteByte
                0x00005c30       0x3e C:\SE\SE1819\Debug\libSE1819.a(lcdos.o)
 .text.WriteCmd
                0x00005c6e       0x18 C:\SE\SE1819\Debug\libSE1819.a(lcdos.o)
 .text.WriteData
                0x00005c86       0x18 C:\SE\SE1819\Debug\libSE1819.a(lcdos.o)
 .text.WriteString
                0x00005c9e       0x36 C:\SE\SE1819\Debug\libSE1819.a(lcdos.o)
                0x00005c9e                WriteString
 .text.Locate   0x00005cd4       0x3e C:\SE\SE1819\Debug\libSE1819.a(lcdos.o)
                0x00005cd4                Locate
 .text.Clear    0x00005d12        0xe C:\SE\SE1819\Debug\libSE1819.a(lcdos.o)
                0x00005d12                Clear
 .text.Print    0x00005d20       0x48 C:\SE\SE1819\Debug\libSE1819.a(lcdos.o)
                0x00005d20                Print
 .text.LCDOS_Init
                0x00005d68       0x80 C:\SE\SE1819\Debug\libSE1819.a(lcdos.o)
                0x00005d68                LCDOS_Init
 .text.LCDOS_ProcessCmd
                0x00005de8       0x60 C:\SE\SE1819\Debug\libSE1819.a(lcdos.o)
                0x00005de8                LCDOS_ProcessCmd
 .text.LCDOS_Locate
                0x00005e48       0x68 C:\SE\SE1819\Debug\libSE1819.a(lcdos.o)
                0x00005e48                LCDOS_Locate
 .text.LCDOS_Clear
                0x00005eb0       0x3c C:\SE\SE1819\Debug\libSE1819.a(lcdos.o)
                0x00005eb0                LCDOS_Clear
 .text.LCDOS_Printf
                0x00005eec       0x58 C:\SE\SE1819\Debug\libSE1819.a(lcdos.o)
                0x00005eec                LCDOS_Printf
 .text.LED_Init
                0x00005f44       0x60 C:\SE\SE1819\Debug\libSE1819.a(led.o)
                0x00005f44                LED_Init
 .text.LED_On   0x00005fa4       0x20 C:\SE\SE1819\Debug\libSE1819.a(led.o)
                0x00005fa4                LED_On
 .text.LED_Off  0x00005fc4       0x20 C:\SE\SE1819\Debug\libSE1819.a(led.o)
                0x00005fc4                LED_Off
 .text.MFRC522_PreInit
                0x00005fe4       0x64 C:\SE\SE1819\Debug\libSE1819.a(mfrc.o)
                0x00005fe4                MFRC522_PreInit
 .text.MFRC522_Reset
                0x00006048       0x34 C:\SE\SE1819\Debug\libSE1819.a(mfrc.o)
                0x00006048                MFRC522_Reset
 .text.MFRC522_Select
                0x0000607c       0x2a C:\SE\SE1819\Debug\libSE1819.a(mfrc.o)
                0x0000607c                MFRC522_Select
 .text.MFRC522_Transfer
                0x000060a6       0x2c C:\SE\SE1819\Debug\libSE1819.a(mfrc.o)
                0x000060a6                MFRC522_Transfer
 .text.MFRC522_WaitMs
                0x000060d2       0x16 C:\SE\SE1819\Debug\libSE1819.a(mfrc.o)
                0x000060d2                MFRC522_WaitMs
 .text.NTP_GetTime
                0x000060e8      0x100 C:\SE\SE1819\Debug\libSE1819.a(ntp.o)
                0x000060e8                NTP_GetTime
 .text.RTC_Init
                0x000061e8       0x54 C:\SE\SE1819\Debug\libSE1819.a(rtc.o)
                0x000061e8                RTC_Init
 .text.RTC_GetValue
                0x0000623c       0x84 C:\SE\SE1819\Debug\libSE1819.a(rtc.o)
                0x0000623c                RTC_GetValue
 .text.RTC_SetValue
                0x000062c0       0x74 C:\SE\SE1819\Debug\libSE1819.a(rtc.o)
                0x000062c0                RTC_SetValue
 .text.RTC_SetSeconds
                0x00006334       0x2c C:\SE\SE1819\Debug\libSE1819.a(rtc.o)
                0x00006334                RTC_SetSeconds
 .text.SPI_Init
                0x00006360       0x68 C:\SE\SE1819\Debug\libSE1819.a(spi.o)
                0x00006360                SPI_Init
 .text.SPI_ConfigTransfer
                0x000063c8       0x84 C:\SE\SE1819\Debug\libSE1819.a(spi.o)
                0x000063c8                SPI_ConfigTransfer
 .text.SPI_BeginTransfer
                0x0000644c       0x1c C:\SE\SE1819\Debug\libSE1819.a(spi.o)
                0x0000644c                SPI_BeginTransfer
 .text.SPI_EndTransfer
                0x00006468       0x1c C:\SE\SE1819\Debug\libSE1819.a(spi.o)
                0x00006468                SPI_EndTransfer
 .text.SPI_Transfer
                0x00006484       0xa8 C:\SE\SE1819\Debug\libSE1819.a(spi.o)
                0x00006484                SPI_Transfer
 .text.WAITOS_Ms
                0x0000652c       0x16 C:\SE\SE1819\Debug\libSE1819.a(waitos.o)
                0x0000652c                WAITOS_Ms
 *fill*         0x00006542        0x2 ff
 .text.WIFI_Init
                0x00006544       0x30 C:\SE\SE1819\Debug\libSE1819.a(wifi.o)
                0x00006544                WIFI_Init
 .text.clearBuffer
                0x00006574       0x30 C:\SE\SE1819\Debug\libSE1819.a(wifi.o)
                0x00006574                clearBuffer
 .text.nDigits  0x000065a4       0x34 C:\SE\SE1819\Debug\libSE1819.a(wifi.o)
                0x000065a4                nDigits
 .text.WIFI_Cmd
                0x000065d8      0x166 C:\SE\SE1819\Debug\libSE1819.a(wifi.o)
                0x000065d8                WIFI_Cmd
 .text.WIFI_Data
                0x0000673e       0xca C:\SE\SE1819\Debug\libSE1819.a(wifi.o)
                0x0000673e                WIFI_Data
 .text.NVIC_EnableIRQ
                0x00006808       0x30 C:\SE\SE1819\Debug\libSE1819.a(uart.o)
 .text.NVIC_SetPriority
                0x00006838       0x54 C:\SE\SE1819\Debug\libSE1819.a(uart.o)
 .text.GetUartDL
                0x0000688c       0x20 C:\SE\SE1819\Debug\libSE1819.a(uart.o)
                0x0000688c                GetUartDL
 .text.ResetBuffers
                0x000068ac       0x1c C:\SE\SE1819\Debug\libSE1819.a(uart.o)
                0x000068ac                ResetBuffers
 .text.UART0_IRQHandler
                0x000068c8       0xc8 C:\SE\SE1819\Debug\libSE1819.a(uart.o)
                0x000068c8                UART0_IRQHandler
 .text.UART_Init
                0x00006990       0xb0 C:\SE\SE1819\Debug\libSE1819.a(uart.o)
                0x00006990                UART_Init
 .text.UART_Send
                0x00006a40       0xa8 C:\SE\SE1819\Debug\libSE1819.a(uart.o)
                0x00006a40                UART_Send
 .text.UART_Recieve
                0x00006ae8       0xe0 C:\SE\SE1819\Debug\libSE1819.a(uart.o)
                0x00006ae8                UART_Recieve
 .text.RB_Reset
                0x00006bc8       0x2a C:\SE\SE1819\Debug\libSE1819.a(rb.o)
                0x00006bc8                RB_Reset
 .text.RB_Full  0x00006bf2       0x18 C:\SE\SE1819\Debug\libSE1819.a(rb.o)
                0x00006bf2                RB_Full
 .text.RB_Empty
                0x00006c0a       0x3e C:\SE\SE1819\Debug\libSE1819.a(rb.o)
                0x00006c0a                RB_Empty
 .text.RB_Push  0x00006c48       0x46 C:\SE\SE1819\Debug\libSE1819.a(rb.o)
                0x00006c48                RB_Push
 .text.RB_Pop   0x00006c8e       0x3a C:\SE\SE1819\Debug\libSE1819.a(rb.o)
                0x00006c8e                RB_Pop
 .text.SystemInit
                0x00006cc8       0xdc C:\SE\CMSIS_CORE_LPC17xx\Debug\libCMSIS_CORE_LPC17xx.a(system_LPC17xx.o)
                0x00006cc8                SystemInit
 .text          0x00006da4       0xa0 c:/nxp/mcuxpressoide_10.2.1_795/ide/tools/bin/../lib/gcc/arm-none-eabi/7.2.1/thumb/v7-m\libgcc.a(_aeabi_ldivmod.o)
                0x00006da4                __aeabi_ldivmod
 .text          0x00006e44      0x2d0 c:/nxp/mcuxpressoide_10.2.1_795/ide/tools/bin/../lib/gcc/arm-none-eabi/7.2.1/thumb/v7-m\libgcc.a(_udivmoddi4.o)
                0x00006e44                __udivmoddi4
 .text          0x00007114        0x4 c:/nxp/mcuxpressoide_10.2.1_795/ide/tools/bin/../lib/gcc/arm-none-eabi/7.2.1/thumb/v7-m\libgcc.a(_dvmd_tls.o)
                0x00007114                __aeabi_idiv0
                0x00007114                __aeabi_ldiv0
 .text.localtime_r
                0x00007118      0x1d4 c:/nxp/mcuxpressoide_10.2.1_795/ide/tools/bin/../lib/gcc/arm-none-eabi/7.2.1/../../../../arm-none-eabi/lib/thumb/v7-m\libc_nano.a(lib_a-lcltime_r.o)
                0x00007118                localtime_r
 .text.memcpy   0x000072ec       0x16 c:/nxp/mcuxpressoide_10.2.1_795/ide/tools/bin/../lib/gcc/arm-none-eabi/7.2.1/../../../../arm-none-eabi/lib/thumb/v7-m\libc_nano.a(lib_a-memcpy-stub.o)
                0x000072ec                memcpy
 .text.memset   0x00007302       0x10 c:/nxp/mcuxpressoide_10.2.1_795/ide/tools/bin/../lib/gcc/arm-none-eabi/7.2.1/../../../../arm-none-eabi/lib/thumb/v7-m\libc_nano.a(lib_a-memset.o)
                0x00007302                memset
 .text.strcpy   0x00007312       0x10 c:/nxp/mcuxpressoide_10.2.1_795/ide/tools/bin/../lib/gcc/arm-none-eabi/7.2.1/../../../../arm-none-eabi/lib/thumb/v7-m\libc_nano.a(lib_a-strcpy.o)
                0x00007312                strcpy
 .text          0x00007322       0x10 c:/nxp/mcuxpressoide_10.2.1_795/ide/tools/bin/../lib/gcc/arm-none-eabi/7.2.1/../../../../arm-none-eabi/lib/thumb/v7-m\libc_nano.a(lib_a-strlen.o)
                0x00007322                strlen
 .text.strstr   0x00007332       0x34 c:/nxp/mcuxpressoide_10.2.1_795/ide/tools/bin/../lib/gcc/arm-none-eabi/7.2.1/../../../../arm-none-eabi/lib/thumb/v7-m\libc_nano.a(lib_a-strstr.o)
                0x00007332                strstr
 *fill*         0x00007366        0x2 ff
 .text.__tzcalc_limits
                0x00007368      0x150 c:/nxp/mcuxpressoide_10.2.1_795/ide/tools/bin/../lib/gcc/arm-none-eabi/7.2.1/../../../../arm-none-eabi/lib/thumb/v7-m\libc_nano.a(lib_a-tzcalc_limits.o)
                0x00007368                __tzcalc_limits
 .text.__tz_lock
                0x000074b8        0x2 c:/nxp/mcuxpressoide_10.2.1_795/ide/tools/bin/../lib/gcc/arm-none-eabi/7.2.1/../../../../arm-none-eabi/lib/thumb/v7-m\libc_nano.a(lib_a-tzlock.o)
                0x000074b8                __tz_lock
 .text.__tz_unlock
                0x000074ba        0x2 c:/nxp/mcuxpressoide_10.2.1_795/ide/tools/bin/../lib/gcc/arm-none-eabi/7.2.1/../../../../arm-none-eabi/lib/thumb/v7-m\libc_nano.a(lib_a-tzlock.o)
                0x000074ba                __tz_unlock
 .text._tzset_unlocked
                0x000074bc        0xc c:/nxp/mcuxpressoide_10.2.1_795/ide/tools/bin/../lib/gcc/arm-none-eabi/7.2.1/../../../../arm-none-eabi/lib/thumb/v7-m\libc_nano.a(lib_a-tzset.o)
                0x000074bc                _tzset_unlocked
 .text._tzset_unlocked_r
                0x000074c8      0x2fc c:/nxp/mcuxpressoide_10.2.1_795/ide/tools/bin/../lib/gcc/arm-none-eabi/7.2.1/../../../../arm-none-eabi/lib/thumb/v7-m\libc_nano.a(lib_a-tzset_r.o)
                0x000074c8                _tzset_unlocked_r
 .text._vsprintf_r
                0x000077c4       0x2c c:/nxp/mcuxpressoide_10.2.1_795/ide/tools/bin/../lib/gcc/arm-none-eabi/7.2.1/../../../../arm-none-eabi/lib/thumb/v7-m\libc_nano.a(lib_a-vsprintf.o)
                0x000077c4                _vsprintf_r
                0x000077c4                _vsiprintf_r
 .text.vsprintf
                0x000077f0       0x14 c:/nxp/mcuxpressoide_10.2.1_795/ide/tools/bin/../lib/gcc/arm-none-eabi/7.2.1/../../../../arm-none-eabi/lib/thumb/v7-m\libc_nano.a(lib_a-vsprintf.o)
                0x000077f0                vsiprintf
                0x000077f0                vsprintf
 .text._findenv_r
                0x00007804       0x78 c:/nxp/mcuxpressoide_10.2.1_795/ide/tools/bin/../lib/gcc/arm-none-eabi/7.2.1/../../../../arm-none-eabi/lib/thumb/v7-m\libc_nano.a(lib_a-getenv_r.o)
                0x00007804                _findenv_r
 .text._getenv_r
                0x0000787c        0xe c:/nxp/mcuxpressoide_10.2.1_795/ide/tools/bin/../lib/gcc/arm-none-eabi/7.2.1/../../../../arm-none-eabi/lib/thumb/v7-m\libc_nano.a(lib_a-getenv_r.o)
                0x0000787c                _getenv_r
 *fill*         0x0000788a        0x2 ff
 .text.__gettzinfo
                0x0000788c        0x8 c:/nxp/mcuxpressoide_10.2.1_795/ide/tools/bin/../lib/gcc/arm-none-eabi/7.2.1/../../../../arm-none-eabi/lib/thumb/v7-m\libc_nano.a(lib_a-gettzinfo.o)
                0x0000788c                __gettzinfo
 .text.gmtime_r
                0x00007894      0x158 c:/nxp/mcuxpressoide_10.2.1_795/ide/tools/bin/../lib/gcc/arm-none-eabi/7.2.1/../../../../arm-none-eabi/lib/thumb/v7-m\libc_nano.a(lib_a-gmtime_r.o)
                0x00007894                gmtime_r
 .text.free     0x000079ec       0x10 c:/nxp/mcuxpressoide_10.2.1_795/ide/tools/bin/../lib/gcc/arm-none-eabi/7.2.1/../../../../arm-none-eabi/lib/thumb/v7-m\libc_nano.a(lib_a-malloc.o)
                0x000079ec                free
 .text._free_r  0x000079fc       0x98 c:/nxp/mcuxpressoide_10.2.1_795/ide/tools/bin/../lib/gcc/arm-none-eabi/7.2.1/../../../../arm-none-eabi/lib/thumb/v7-m\libc_nano.a(lib_a-nano-freer.o)
                0x000079fc                _free_r
 .text._malloc_r
                0x00007a94       0xb4 c:/nxp/mcuxpressoide_10.2.1_795/ide/tools/bin/../lib/gcc/arm-none-eabi/7.2.1/../../../../arm-none-eabi/lib/thumb/v7-m\libc_nano.a(lib_a-nano-mallocr.o)
                0x00007a94                _malloc_r
 .text.__ssputs_r
                0x00007b48       0xb4 c:/nxp/mcuxpressoide_10.2.1_795/ide/tools/bin/../lib/gcc/arm-none-eabi/7.2.1/../../../../arm-none-eabi/lib/thumb/v7-m\libc_nano.a(lib_a-nano-svfprintf.o)
                0x00007b48                __ssputs_r
 .text._svfprintf_r
                0x00007bfc      0x1ec c:/nxp/mcuxpressoide_10.2.1_795/ide/tools/bin/../lib/gcc/arm-none-eabi/7.2.1/../../../../arm-none-eabi/lib/thumb/v7-m\libc_nano.a(lib_a-nano-svfprintf.o)
                0x00007bfc                _svfiprintf_r
                0x00007bfc                _svfprintf_r
 .text._printf_common
                0x00007de8       0xec c:/nxp/mcuxpressoide_10.2.1_795/ide/tools/bin/../lib/gcc/arm-none-eabi/7.2.1/../../../../arm-none-eabi/lib/thumb/v7-m\libc_nano.a(lib_a-nano-vfprintf_i.o)
                0x00007de8                _printf_common
 .text._printf_i
                0x00007ed4      0x224 c:/nxp/mcuxpressoide_10.2.1_795/ide/tools/bin/../lib/gcc/arm-none-eabi/7.2.1/../../../../arm-none-eabi/lib/thumb/v7-m\libc_nano.a(lib_a-nano-vfprintf_i.o)
                0x00007ed4                _printf_i
 .text._sbrk_r  0x000080f8       0x20 c:/nxp/mcuxpressoide_10.2.1_795/ide/tools/bin/../lib/gcc/arm-none-eabi/7.2.1/../../../../arm-none-eabi/lib/thumb/v7-m\libc_nano.a(lib_a-sbrkr.o)
                0x000080f8                _sbrk_r
 .text.sscanf   0x00008118       0x54 c:/nxp/mcuxpressoide_10.2.1_795/ide/tools/bin/../lib/gcc/arm-none-eabi/7.2.1/../../../../arm-none-eabi/lib/thumb/v7-m\libc_nano.a(lib_a-sscanf.o)
                0x00008118                siscanf
                0x00008118                sscanf
 .text.__seofread
                0x0000816c        0x4 c:/nxp/mcuxpressoide_10.2.1_795/ide/tools/bin/../lib/gcc/arm-none-eabi/7.2.1/../../../../arm-none-eabi/lib/thumb/v7-m\libc_nano.a(lib_a-stdio.o)
                0x0000816c                __seofread
 .text          0x00008170       0x14 c:/nxp/mcuxpressoide_10.2.1_795/ide/tools/bin/../lib/gcc/arm-none-eabi/7.2.1/../../../../arm-none-eabi/lib/thumb/v7-m\libc_nano.a(lib_a-strcmp.o)
                0x00008170                strcmp
 .text.strncmp  0x00008184       0x24 c:/nxp/mcuxpressoide_10.2.1_795/ide/tools/bin/../lib/gcc/arm-none-eabi/7.2.1/../../../../arm-none-eabi/lib/thumb/v7-m\libc_nano.a(lib_a-strncmp.o)
                0x00008184                strncmp
 .text._strtoul_l.isra.0
                0x000081a8       0xf4 c:/nxp/mcuxpressoide_10.2.1_795/ide/tools/bin/../lib/gcc/arm-none-eabi/7.2.1/../../../../arm-none-eabi/lib/thumb/v7-m\libc_nano.a(lib_a-strtoul.o)
 .text._strtoul_r
                0x0000829c       0x24 c:/nxp/mcuxpressoide_10.2.1_795/ide/tools/bin/../lib/gcc/arm-none-eabi/7.2.1/../../../../arm-none-eabi/lib/thumb/v7-m\libc_nano.a(lib_a-strtoul.o)
                0x0000829c                _strtoul_r
 .text.strtoul  0x000082c0       0x2c c:/nxp/mcuxpressoide_10.2.1_795/ide/tools/bin/../lib/gcc/arm-none-eabi/7.2.1/../../../../arm-none-eabi/lib/thumb/v7-m\libc_nano.a(lib_a-strtoul.o)
                0x000082c0                strtoul
 .text.__env_lock
                0x000082ec        0x2 c:/nxp/mcuxpressoide_10.2.1_795/ide/tools/bin/../lib/gcc/arm-none-eabi/7.2.1/../../../../arm-none-eabi/lib/thumb/v7-m\libc_nano.a(lib_a-envlock.o)
                0x000082ec                __env_lock
 .text.__env_unlock
                0x000082ee        0x2 c:/nxp/mcuxpressoide_10.2.1_795/ide/tools/bin/../lib/gcc/arm-none-eabi/7.2.1/../../../../arm-none-eabi/lib/thumb/v7-m\libc_nano.a(lib_a-envlock.o)
                0x000082ee                __env_unlock
 .text.__locale_ctype_ptr_l
                0x000082f0        0x6 c:/nxp/mcuxpressoide_10.2.1_795/ide/tools/bin/../lib/gcc/arm-none-eabi/7.2.1/../../../../arm-none-eabi/lib/thumb/v7-m\libc_nano.a(lib_a-locale.o)
                0x000082f0                __locale_ctype_ptr_l
 *fill*         0x000082f6        0x2 ff
 .text.__locale_ctype_ptr
                0x000082f8       0x1c c:/nxp/mcuxpressoide_10.2.1_795/ide/tools/bin/../lib/gcc/arm-none-eabi/7.2.1/../../../../arm-none-eabi/lib/thumb/v7-m\libc_nano.a(lib_a-locale.o)
                0x000082f8                __locale_ctype_ptr
 .text.__ascii_mbtowc
                0x00008314       0x24 c:/nxp/mcuxpressoide_10.2.1_795/ide/tools/bin/../lib/gcc/arm-none-eabi/7.2.1/../../../../arm-none-eabi/lib/thumb/v7-m\libc_nano.a(lib_a-mbtowc_r.o)
                0x00008314                __ascii_mbtowc
 .text.memchr   0x00008338       0x1c c:/nxp/mcuxpressoide_10.2.1_795/ide/tools/bin/../lib/gcc/arm-none-eabi/7.2.1/../../../../arm-none-eabi/lib/thumb/v7-m\libc_nano.a(lib_a-memchr-stub.o)
                0x00008338                memchr
 .text.memmove  0x00008354       0x32 c:/nxp/mcuxpressoide_10.2.1_795/ide/tools/bin/../lib/gcc/arm-none-eabi/7.2.1/../../../../arm-none-eabi/lib/thumb/v7-m\libc_nano.a(lib_a-memmove.o)
                0x00008354                memmove
 .text.__malloc_lock
                0x00008386        0x2 c:/nxp/mcuxpressoide_10.2.1_795/ide/tools/bin/../lib/gcc/arm-none-eabi/7.2.1/../../../../arm-none-eabi/lib/thumb/v7-m\libc_nano.a(lib_a-mlock.o)
                0x00008386                __malloc_lock
 .text.__malloc_unlock
                0x00008388        0x2 c:/nxp/mcuxpressoide_10.2.1_795/ide/tools/bin/../lib/gcc/arm-none-eabi/7.2.1/../../../../arm-none-eabi/lib/thumb/v7-m\libc_nano.a(lib_a-mlock.o)
                0x00008388                __malloc_unlock
 .text._realloc_r
                0x0000838a       0x4c c:/nxp/mcuxpressoide_10.2.1_795/ide/tools/bin/../lib/gcc/arm-none-eabi/7.2.1/../../../../arm-none-eabi/lib/thumb/v7-m\libc_nano.a(lib_a-nano-reallocr.o)
                0x0000838a                _realloc_r
 .text._sungetc_r
                0x000083d6       0x7a c:/nxp/mcuxpressoide_10.2.1_795/ide/tools/bin/../lib/gcc/arm-none-eabi/7.2.1/../../../../arm-none-eabi/lib/thumb/v7-m\libc_nano.a(lib_a-nano-svfscanf.o)
                0x000083d6                _sungetc_r
 .text.__ssrefill_r
                0x00008450       0x3a c:/nxp/mcuxpressoide_10.2.1_795/ide/tools/bin/../lib/gcc/arm-none-eabi/7.2.1/../../../../arm-none-eabi/lib/thumb/v7-m\libc_nano.a(lib_a-nano-svfscanf.o)
                0x00008450                __ssrefill_r
 *fill*         0x0000848a        0x2 ff
 .text.__ssvfscanf_r
                0x0000848c      0x2a0 c:/nxp/mcuxpressoide_10.2.1_795/ide/tools/bin/../lib/gcc/arm-none-eabi/7.2.1/../../../../arm-none-eabi/lib/thumb/v7-m\libc_nano.a(lib_a-nano-svfscanf.o)
                0x0000848c                __ssvfiscanf_r
                0x0000848c                __ssvfscanf_r
 .text._scanf_chars
                0x0000872c       0xc4 c:/nxp/mcuxpressoide_10.2.1_795/ide/tools/bin/../lib/gcc/arm-none-eabi/7.2.1/../../../../arm-none-eabi/lib/thumb/v7-m\libc_nano.a(lib_a-nano-vfscanf_i.o)
                0x0000872c                _scanf_chars
 .text._scanf_i
                0x000087f0      0x1ec c:/nxp/mcuxpressoide_10.2.1_795/ide/tools/bin/../lib/gcc/arm-none-eabi/7.2.1/../../../../arm-none-eabi/lib/thumb/v7-m\libc_nano.a(lib_a-nano-vfscanf_i.o)
                0x000087f0                _scanf_i
 .text.__sccl   0x000089dc       0x62 c:/nxp/mcuxpressoide_10.2.1_795/ide/tools/bin/../lib/gcc/arm-none-eabi/7.2.1/../../../../arm-none-eabi/lib/thumb/v7-m\libc_nano.a(lib_a-sccl.o)
                0x000089dc                __sccl
 .text._strtol_l.isra.0
                0x00008a3e       0xf6 c:/nxp/mcuxpressoide_10.2.1_795/ide/tools/bin/../lib/gcc/arm-none-eabi/7.2.1/../../../../arm-none-eabi/lib/thumb/v7-m\libc_nano.a(lib_a-strtol.o)
 .text._strtol_r
                0x00008b34       0x24 c:/nxp/mcuxpressoide_10.2.1_795/ide/tools/bin/../lib/gcc/arm-none-eabi/7.2.1/../../../../arm-none-eabi/lib/thumb/v7-m\libc_nano.a(lib_a-strtol.o)
                0x00008b34                _strtol_r
 .text.__submore
                0x00008b58       0x70 c:/nxp/mcuxpressoide_10.2.1_795/ide/tools/bin/../lib/gcc/arm-none-eabi/7.2.1/../../../../arm-none-eabi/lib/thumb/v7-m\libc_nano.a(lib_a-ungetc.o)
                0x00008b58                __submore
 .text.__ascii_wctomb
                0x00008bc8       0x1a c:/nxp/mcuxpressoide_10.2.1_795/ide/tools/bin/../lib/gcc/arm-none-eabi/7.2.1/../../../../arm-none-eabi/lib/thumb/v7-m\libc_nano.a(lib_a-wctomb_r.o)
                0x00008bc8                __ascii_wctomb
 .text._malloc_usable_size_r
                0x00008be2       0x10 c:/nxp/mcuxpressoide_10.2.1_795/ide/tools/bin/../lib/gcc/arm-none-eabi/7.2.1/../../../../arm-none-eabi/lib/thumb/v7-m\libc_nano.a(lib_a-nano-msizer.o)
                0x00008be2                _malloc_usable_size_r
 *fill*         0x00008bf2        0x2 ff
 .text._sbrk    0x00008bf4       0x3c c:/nxp/mcuxpressoide_10.2.1_795/ide/tools/bin/../lib/gcc/arm-none-eabi/7.2.1/../../../../arm-none-eabi/lib/thumb/v7-m\libcr_newlib_nohost.a(_cr_sbrk.o)
                0x00008bf4                _sbrk
 .text.__check_heap_overflow
                0x00008c30       0x18 c:/nxp/mcuxpressoide_10.2.1_795/ide/tools/bin/../lib/gcc/arm-none-eabi/7.2.1/../../../../arm-none-eabi/lib/thumb/v7-m\libcr_newlib_nohost.a(_cr_check_heap.o)
                0x00008c30                __check_heap_overflow
 .text.__errno  0x00008c48        0xc c:/nxp/mcuxpressoide_10.2.1_795/ide/tools/bin/../lib/gcc/arm-none-eabi/7.2.1/../../../../arm-none-eabi/lib/thumb/v7-m\libc_nano.a(lib_a-errno.o)
                0x00008c48                __errno
 *(.rodata .rodata.* .constdata .constdata.*)
 .rodata        0x00008c54       0x8d ./src/app.o
 *fill*         0x00008ce1        0x3 ff
 .rodata        0x00008ce4      0x111 ./src/helper.o
 *fill*         0x00008df5        0x3 ff
 .rodata        0x00008df8        0x8 ./src/network.o
 .rodata        0x00008e00        0x7 ./src/printf-stdarg.o
 *fill*         0x00008e07        0x1 ff
 .rodata        0x00008e08        0x5 C:\SE\FreeRTOS10_Library\Debug\libFreeRTOS10_Library.a(tasks.o)
 *fill*         0x00008e0d        0x3 ff
 .rodata        0x00008e10       0xc7 C:\SE\SE1819\Debug\libSE1819.a(esp.o)
 *fill*         0x00008ed7        0x1 ff
 .rodata        0x00008ed8       0x1d C:\SE\SE1819\Debug\libSE1819.a(ntp.o)
 *fill*         0x00008ef5        0x3 ff
 .rodata.__month_lengths
                0x00008ef8       0x60 c:/nxp/mcuxpressoide_10.2.1_795/ide/tools/bin/../lib/gcc/arm-none-eabi/7.2.1/../../../../arm-none-eabi/lib/thumb/v7-m\libc_nano.a(lib_a-month_lengths.o)
                0x00008ef8                __month_lengths
 .rodata._tzset_unlocked_r.str1.1
                0x00008f58       0x3c c:/nxp/mcuxpressoide_10.2.1_795/ide/tools/bin/../lib/gcc/arm-none-eabi/7.2.1/../../../../arm-none-eabi/lib/thumb/v7-m\libc_nano.a(lib_a-tzset_r.o)
                                 0x4e (size before relaxing)
 .rodata.str1.1
                0x00008f94        0x4 c:/nxp/mcuxpressoide_10.2.1_795/ide/tools/bin/../lib/gcc/arm-none-eabi/7.2.1/../../../../arm-none-eabi/lib/thumb/v7-m\libc_nano.a(lib_a-tzvars.o)
 .rodata._svfprintf_r.str1.1
                0x00008f94       0x11 c:/nxp/mcuxpressoide_10.2.1_795/ide/tools/bin/../lib/gcc/arm-none-eabi/7.2.1/../../../../arm-none-eabi/lib/thumb/v7-m\libc_nano.a(lib_a-nano-svfprintf.o)
 .rodata._printf_i.str1.1
                0x00008fa5       0x22 c:/nxp/mcuxpressoide_10.2.1_795/ide/tools/bin/../lib/gcc/arm-none-eabi/7.2.1/../../../../arm-none-eabi/lib/thumb/v7-m\libc_nano.a(lib_a-nano-vfprintf_i.o)
 .rodata._setlocale_r.str1.1
                0x00008fc7        0x8 c:/nxp/mcuxpressoide_10.2.1_795/ide/tools/bin/../lib/gcc/arm-none-eabi/7.2.1/../../../../arm-none-eabi/lib/thumb/v7-m\libc_nano.a(lib_a-locale.o)
                                  0x9 (size before relaxing)
 .rodata.str1.1
                0x00008fcf        0x2 c:/nxp/mcuxpressoide_10.2.1_795/ide/tools/bin/../lib/gcc/arm-none-eabi/7.2.1/../../../../arm-none-eabi/lib/thumb/v7-m\libc_nano.a(lib_a-locale.o)
 .rodata.__ssvfscanf_r.str1.1
                0x00008fd1        0x4 c:/nxp/mcuxpressoide_10.2.1_795/ide/tools/bin/../lib/gcc/arm-none-eabi/7.2.1/../../../../arm-none-eabi/lib/thumb/v7-m\libc_nano.a(lib_a-nano-svfscanf.o)
 *fill*         0x00008fd1        0x3 ff
 .rodata        0x00008fd4        0xc c:/nxp/mcuxpressoide_10.2.1_795/ide/tools/bin/../lib/gcc/arm-none-eabi/7.2.1/../../../../arm-none-eabi/lib/thumb/v7-m\libc_nano.a(lib_a-nano-vfscanf_i.o)
 .rodata._scanf_i.str1.1
                0x00008fe0       0x12 c:/nxp/mcuxpressoide_10.2.1_795/ide/tools/bin/../lib/gcc/arm-none-eabi/7.2.1/../../../../arm-none-eabi/lib/thumb/v7-m\libc_nano.a(lib_a-nano-vfscanf_i.o)
 .rodata.str1.1
                0x00008ff2        0x9 c:/nxp/mcuxpressoide_10.2.1_795/ide/tools/bin/../lib/gcc/arm-none-eabi/7.2.1/../../../../arm-none-eabi/lib/thumb/v7-m\libc_nano.a(lib_a-nano-vfscanf_i.o)
 .rodata._ctype_
                0x00008ffb      0x101 c:/nxp/mcuxpressoide_10.2.1_795/ide/tools/bin/../lib/gcc/arm-none-eabi/7.2.1/../../../../arm-none-eabi/lib/thumb/v7-m\libc_nano.a(lib_a-ctype_.o)
                0x00008ffb                _ctype_
 .rodata.__sf_fake_stderr
                0x000090fc       0x20 c:/nxp/mcuxpressoide_10.2.1_795/ide/tools/bin/../lib/gcc/arm-none-eabi/7.2.1/../../../../arm-none-eabi/lib/thumb/v7-m\libc_nano.a(lib_a-findfp.o)
                0x000090fc                __sf_fake_stderr
 .rodata.__sf_fake_stdin
                0x0000911c       0x20 c:/nxp/mcuxpressoide_10.2.1_795/ide/tools/bin/../lib/gcc/arm-none-eabi/7.2.1/../../../../arm-none-eabi/lib/thumb/v7-m\libc_nano.a(lib_a-findfp.o)
                0x0000911c                __sf_fake_stdin
 .rodata.__sf_fake_stdout
                0x0000913c       0x20 c:/nxp/mcuxpressoide_10.2.1_795/ide/tools/bin/../lib/gcc/arm-none-eabi/7.2.1/../../../../arm-none-eabi/lib/thumb/v7-m\libc_nano.a(lib_a-findfp.o)
                0x0000913c                __sf_fake_stdout
                0x0000915c                . = ALIGN (0x4)

.glue_7         0x0000915c        0x0
 .glue_7        0x0000915c        0x0 linker stubs

.glue_7t        0x0000915c        0x0
 .glue_7t       0x0000915c        0x0 linker stubs

.vfp11_veneer   0x0000915c        0x0
 .vfp11_veneer  0x0000915c        0x0 linker stubs

.v4_bx          0x0000915c        0x0
 .v4_bx         0x0000915c        0x0 linker stubs

.iplt           0x0000915c        0x0
 .iplt          0x0000915c        0x0 ./src/app.o

.ARM.extab
 *(.ARM.extab* .gnu.linkonce.armextab.*)
                0x0000915c                __exidx_start = .

.ARM.exidx      0x0000915c        0x8
 *(.ARM.exidx* .gnu.linkonce.armexidx.*)
 .ARM.exidx     0x0000915c        0x8 c:/nxp/mcuxpressoide_10.2.1_795/ide/tools/bin/../lib/gcc/arm-none-eabi/7.2.1/thumb/v7-m\libgcc.a(_udivmoddi4.o)
                0x00009164                __exidx_end = .
                0x00009164                _etext = .

.rel.dyn        0x00009164        0x0
 .rel.iplt      0x00009164        0x0 ./src/app.o

.data_RAM2      0x2007c000        0x0 load address 0x00009164
 FILL mask 0xff
                [!provide]                PROVIDE (__start_data_RAM2, .)
 *(.ramfunc.$RAM2)
 *(.ramfunc.$RamAHB32)
 *(.data.$RAM2*)
 *(.data.$RamAHB32*)
                0x2007c000                . = ALIGN (0x4)
                [!provide]                PROVIDE (__end_data_RAM2, .)

.uninit_RESERVED
                0x10000000        0x0
 *(.bss.$RESERVED*)
                0x10000000                . = ALIGN (0x4)
                0x10000000                _end_uninit_RESERVED = .

.data           0x10000000      0x23c load address 0x00009164
 FILL mask 0xff
                0x10000000                _data = .
 *(vtable)
 *(.ramfunc*)
 *(.data*)
 .data          0x10000000        0x4 C:\SE\FreeRTOS10_Library\Debug\libFreeRTOS10_Library.a(port.o)
 .data.SystemCoreClock
                0x10000004        0x4 C:\SE\CMSIS_CORE_LPC17xx\Debug\libCMSIS_CORE_LPC17xx.a(system_LPC17xx.o)
                0x10000004                SystemCoreClock
 .data._tzname  0x10000008        0x8 c:/nxp/mcuxpressoide_10.2.1_795/ide/tools/bin/../lib/gcc/arm-none-eabi/7.2.1/../../../../arm-none-eabi/lib/thumb/v7-m\libc_nano.a(lib_a-tzvars.o)
                0x10000008                _tzname
 .data.tzinfo   0x10000010       0x58 c:/nxp/mcuxpressoide_10.2.1_795/ide/tools/bin/../lib/gcc/arm-none-eabi/7.2.1/../../../../arm-none-eabi/lib/thumb/v7-m\libc_nano.a(lib_a-gettzinfo.o)
 .data._impure_ptr
                0x10000068        0x4 c:/nxp/mcuxpressoide_10.2.1_795/ide/tools/bin/../lib/gcc/arm-none-eabi/7.2.1/../../../../arm-none-eabi/lib/thumb/v7-m\libc_nano.a(lib_a-impure.o)
                0x10000068                _impure_ptr
 .data.impure_data
                0x1000006c       0x60 c:/nxp/mcuxpressoide_10.2.1_795/ide/tools/bin/../lib/gcc/arm-none-eabi/7.2.1/../../../../arm-none-eabi/lib/thumb/v7-m\libc_nano.a(lib_a-impure.o)
 .data.environ  0x100000cc        0x4 c:/nxp/mcuxpressoide_10.2.1_795/ide/tools/bin/../lib/gcc/arm-none-eabi/7.2.1/../../../../arm-none-eabi/lib/thumb/v7-m\libc_nano.a(lib_a-environ.o)
                0x100000cc                environ
 .data.__global_locale
                0x100000d0      0x16c c:/nxp/mcuxpressoide_10.2.1_795/ide/tools/bin/../lib/gcc/arm-none-eabi/7.2.1/../../../../arm-none-eabi/lib/thumb/v7-m\libc_nano.a(lib_a-locale.o)
                0x100000d0                __global_locale
                0x1000023c                . = ALIGN (0x4)
                0x1000023c                _edata = .

.igot.plt       0x1000023c        0x0 load address 0x000093a0
 .igot.plt      0x1000023c        0x0 ./src/app.o

.bss_RAM2       0x2007c000        0x0
                [!provide]                PROVIDE (__start_bss_RAM2, .)
 *(.bss.$RAM2*)
 *(.bss.$RamAHB32*)
                0x2007c000                . = ALIGN ((. != 0x0)?0x4:0x1)
                [!provide]                PROVIDE (__end_bss_RAM2, .)

.bss            0x1000023c     0x34fc
                0x1000023c                _bss = .
 *(.bss*)
 .bss           0x1000023c     0x3018 C:\SE\FreeRTOS10_Library\Debug\libFreeRTOS10_Library.a(heap_4.o)
 .bss           0x10003254      0x10c C:\SE\FreeRTOS10_Library\Debug\libFreeRTOS10_Library.a(tasks.o)
                0x10003254                pxCurrentTCB
 .bss.uid       0x10003360        0xc C:\SE\MFRC522\Release\libMFRC522.a(mfrc522.o)
                0x10003360                uid
 .bss.queue     0x1000336c      0x13c C:\SE\SE1819\Debug\libSE1819.a(i2c.o)
                0x1000336c                queue
 .bss.Layout    0x100034a8       0x30 C:\SE\SE1819\Debug\libSE1819.a(keypados.o)
                0x100034a8                Layout
 .bss.Semaphore
                0x100034d8        0x4 C:\SE\SE1819\Debug\libSE1819.a(keypados.o)
                0x100034d8                Semaphore
 .bss.Queue     0x100034dc        0x4 C:\SE\SE1819\Debug\libSE1819.a(keypados.o)
                0x100034dc                Queue
 .bss.QueueLcd  0x100034e0        0x4 C:\SE\SE1819\Debug\libSE1819.a(lcdos.o)
                0x100034e0                QueueLcd
 .bss.gpio      0x100034e4        0x4 C:\SE\SE1819\Debug\libSE1819.a(led.o)
                0x100034e4                gpio
 .bss.pinMask   0x100034e8        0x4 C:\SE\SE1819\Debug\libSE1819.a(led.o)
                0x100034e8                pinMask
 .bss.txEmpty   0x100034ec        0x1 C:\SE\SE1819\Debug\libSE1819.a(uart.o)
 *fill*         0x100034ed        0x3 
 .bss.TxBuff    0x100034f0      0x103 C:\SE\SE1819\Debug\libSE1819.a(uart.o)
 *fill*         0x100035f3        0x1 
 .bss.RxBuff    0x100035f4      0x103 C:\SE\SE1819\Debug\libSE1819.a(uart.o)
 .bss.__tzname_dst
                0x100036f7        0xb c:/nxp/mcuxpressoide_10.2.1_795/ide/tools/bin/../lib/gcc/arm-none-eabi/7.2.1/../../../../arm-none-eabi/lib/thumb/v7-m\libc_nano.a(lib_a-tzset_r.o)
 .bss.__tzname_std
                0x10003702        0xb c:/nxp/mcuxpressoide_10.2.1_795/ide/tools/bin/../lib/gcc/arm-none-eabi/7.2.1/../../../../arm-none-eabi/lib/thumb/v7-m\libc_nano.a(lib_a-tzset_r.o)
 *fill*         0x1000370d        0x3 
 .bss.prev_tzenv
                0x10003710        0x4 c:/nxp/mcuxpressoide_10.2.1_795/ide/tools/bin/../lib/gcc/arm-none-eabi/7.2.1/../../../../arm-none-eabi/lib/thumb/v7-m\libc_nano.a(lib_a-tzset_r.o)
 .bss._daylight
                0x10003714        0x4 c:/nxp/mcuxpressoide_10.2.1_795/ide/tools/bin/../lib/gcc/arm-none-eabi/7.2.1/../../../../arm-none-eabi/lib/thumb/v7-m\libc_nano.a(lib_a-tzvars.o)
                0x10003714                _daylight
 .bss._timezone
                0x10003718        0x4 c:/nxp/mcuxpressoide_10.2.1_795/ide/tools/bin/../lib/gcc/arm-none-eabi/7.2.1/../../../../arm-none-eabi/lib/thumb/v7-m\libc_nano.a(lib_a-tzvars.o)
                0x10003718                _timezone
 .bss.__malloc_free_list
                0x1000371c        0x4 c:/nxp/mcuxpressoide_10.2.1_795/ide/tools/bin/../lib/gcc/arm-none-eabi/7.2.1/../../../../arm-none-eabi/lib/thumb/v7-m\libc_nano.a(lib_a-nano-mallocr.o)
                0x1000371c                __malloc_free_list
 .bss.__malloc_sbrk_start
                0x10003720        0x4 c:/nxp/mcuxpressoide_10.2.1_795/ide/tools/bin/../lib/gcc/arm-none-eabi/7.2.1/../../../../arm-none-eabi/lib/thumb/v7-m\libc_nano.a(lib_a-nano-mallocr.o)
                0x10003720                __malloc_sbrk_start
 .bss.initial_env
                0x10003724        0x4 c:/nxp/mcuxpressoide_10.2.1_795/ide/tools/bin/../lib/gcc/arm-none-eabi/7.2.1/../../../../arm-none-eabi/lib/thumb/v7-m\libc_nano.a(lib_a-environ.o)
 .bss.__end_of_heap
                0x10003728        0x4 c:/nxp/mcuxpressoide_10.2.1_795/ide/tools/bin/../lib/gcc/arm-none-eabi/7.2.1/../../../../arm-none-eabi/lib/thumb/v7-m\libcr_newlib_nohost.a(_cr_sbrk.o)
                0x10003728                __end_of_heap
 *(COMMON)
 COMMON         0x1000372c        0x8 C:\SE\FreeRTOS10_Library\Debug\libFreeRTOS10_Library.a(queue.o)
                0x1000372c                xQueueRegistry
 COMMON         0x10003734        0x4 c:/nxp/mcuxpressoide_10.2.1_795/ide/tools/bin/../lib/gcc/arm-none-eabi/7.2.1/../../../../arm-none-eabi/lib/thumb/v7-m\libc_nano.a(lib_a-reent.o)
                0x10003734                errno
                0x10003738                . = ALIGN (0x4)
                0x10003738                _ebss = .
                [!provide]                PROVIDE (end, .)

.noinit_RAM2    0x2007c000        0x0
 *(.noinit.$RAM2*)
 *(.noinit.$RamAHB32*)
                0x2007c000                . = ALIGN (0x4)

.noinit         0x10003738        0x0
                0x10003738                _noinit = .
 *(.noinit*)
                0x10003738                . = ALIGN (0x4)
                0x10003738                _end_noinit = .
                0x10003738                PROVIDE (_pvHeapStart, DEFINED (__user_heap_base)?__user_heap_base:.)
                0x10008000                PROVIDE (_vStackTop, DEFINED (__user_stack_top)?__user_stack_top:(__top_RamLoc32 - 0x0))
                [!provide]                PROVIDE (__valid_user_code_checksum, (0x0 - ((((((_vStackTop + (ResetISR + 0x1)) + (NMI_Handler + 0x1)) + (HardFault_Handler + 0x1)) + (DEFINED (MemManage_Handler)?MemManage_Handler:0x0 + 0x1)) + (DEFINED (BusFault_Handler)?BusFault_Handler:0x0 + 0x1)) + (DEFINED (UsageFault_Handler)?UsageFault_Handler:0x0 + 0x1))))
                0x00000000                _image_start = LOADADDR (.text)
                0x000093a0                _image_end = (LOADADDR (.data) + SIZEOF (.data))
                0x000093a0                _image_size = (_image_end - _image_start)
OUTPUT(FreeRTOS10-template.axf elf32-littlearm)

.debug_info     0x00000000     0xf9ef
 .debug_info    0x00000000      0xb9c ./src/app.o
 .debug_info    0x00000b9c      0xb8c ./src/app_mem_managment.o
 .debug_info    0x00001728      0x1e7 ./src/cr_startup_lpc17.o
 .debug_info    0x0000190f      0xfca ./src/helper.o
 .debug_info    0x000028d9      0xcc6 ./src/main.o
 .debug_info    0x0000359f      0x96f ./src/network.o
 .debug_info    0x00003f0e      0x462 ./src/printf-stdarg.o
 .debug_info    0x00004370      0x340 C:\SE\FreeRTOS10_Library\Debug\libFreeRTOS10_Library.a(heap_4.o)
 .debug_info    0x000046b0      0x330 C:\SE\FreeRTOS10_Library\Debug\libFreeRTOS10_Library.a(port.o)
 .debug_info    0x000049e0     0x10d4 C:\SE\FreeRTOS10_Library\Debug\libFreeRTOS10_Library.a(queue.o)
 .debug_info    0x00005ab4     0x1a6e C:\SE\FreeRTOS10_Library\Debug\libFreeRTOS10_Library.a(tasks.o)
 .debug_info    0x00007522      0x2f6 C:\SE\FreeRTOS10_Library\Debug\libFreeRTOS10_Library.a(list.o)
 .debug_info    0x00007818     0x1a69 C:\SE\MFRC522\Release\libMFRC522.a(mfrc522.o)
 .debug_info    0x00009281      0x19a C:\SE\SE1819\Debug\libSE1819.a(e2prom.o)
 .debug_info    0x0000941b      0x78f C:\SE\SE1819\Debug\libSE1819.a(esp.o)
 .debug_info    0x00009baa      0xb94 C:\SE\SE1819\Debug\libSE1819.a(i2c.o)
 .debug_info    0x0000a73e      0xbb4 C:\SE\SE1819\Debug\libSE1819.a(keypados.o)
 .debug_info    0x0000b2f2      0x7e5 C:\SE\SE1819\Debug\libSE1819.a(lcdos.o)
 .debug_info    0x0000bad7      0x43d C:\SE\SE1819\Debug\libSE1819.a(led.o)
 .debug_info    0x0000bf14      0x5de C:\SE\SE1819\Debug\libSE1819.a(mfrc.o)
 .debug_info    0x0000c4f2      0x1a7 C:\SE\SE1819\Debug\libSE1819.a(ntp.o)
 .debug_info    0x0000c699      0x78d C:\SE\SE1819\Debug\libSE1819.a(rtc.o)
 .debug_info    0x0000ce26      0xa16 C:\SE\SE1819\Debug\libSE1819.a(spi.o)
 .debug_info    0x0000d83c      0x105 C:\SE\SE1819\Debug\libSE1819.a(waitos.o)
 .debug_info    0x0000d941      0x5a8 C:\SE\SE1819\Debug\libSE1819.a(wifi.o)
 .debug_info    0x0000dee9      0xc89 C:\SE\SE1819\Debug\libSE1819.a(uart.o)
 .debug_info    0x0000eb72      0x167 C:\SE\SE1819\Debug\libSE1819.a(rb.o)
 .debug_info    0x0000ecd9      0x34d C:\SE\CMSIS_CORE_LPC17xx\Debug\libCMSIS_CORE_LPC17xx.a(system_LPC17xx.o)
 .debug_info    0x0000f026      0x95f c:/nxp/mcuxpressoide_10.2.1_795/ide/tools/bin/../lib/gcc/arm-none-eabi/7.2.1/../../../../arm-none-eabi/lib/thumb/v7-m\libcr_newlib_nohost.a(_cr_sbrk.o)
 .debug_info    0x0000f985       0x6a c:/nxp/mcuxpressoide_10.2.1_795/ide/tools/bin/../lib/gcc/arm-none-eabi/7.2.1/../../../../arm-none-eabi/lib/thumb/v7-m\libcr_newlib_nohost.a(_cr_check_heap.o)

.debug_abbrev   0x00000000     0x331a
 .debug_abbrev  0x00000000      0x214 ./src/app.o
 .debug_abbrev  0x00000214      0x24a ./src/app_mem_managment.o
 .debug_abbrev  0x0000045e       0xbc ./src/cr_startup_lpc17.o
 .debug_abbrev  0x0000051a      0x2e6 ./src/helper.o
 .debug_abbrev  0x00000800      0x216 ./src/main.o
 .debug_abbrev  0x00000a16      0x1fc ./src/network.o
 .debug_abbrev  0x00000c12      0x143 ./src/printf-stdarg.o
 .debug_abbrev  0x00000d55      0x18e C:\SE\FreeRTOS10_Library\Debug\libFreeRTOS10_Library.a(heap_4.o)
 .debug_abbrev  0x00000ee3      0x202 C:\SE\FreeRTOS10_Library\Debug\libFreeRTOS10_Library.a(port.o)
 .debug_abbrev  0x000010e5      0x290 C:\SE\FreeRTOS10_Library\Debug\libFreeRTOS10_Library.a(queue.o)
 .debug_abbrev  0x00001375      0x2ed C:\SE\FreeRTOS10_Library\Debug\libFreeRTOS10_Library.a(tasks.o)
 .debug_abbrev  0x00001662      0x119 C:\SE\FreeRTOS10_Library\Debug\libFreeRTOS10_Library.a(list.o)
 .debug_abbrev  0x0000177b      0x2ae C:\SE\MFRC522\Release\libMFRC522.a(mfrc522.o)
 .debug_abbrev  0x00001a29       0xe7 C:\SE\SE1819\Debug\libSE1819.a(e2prom.o)
 .debug_abbrev  0x00001b10      0x142 C:\SE\SE1819\Debug\libSE1819.a(esp.o)
 .debug_abbrev  0x00001c52      0x259 C:\SE\SE1819\Debug\libSE1819.a(i2c.o)
 .debug_abbrev  0x00001eab      0x264 C:\SE\SE1819\Debug\libSE1819.a(keypados.o)
 .debug_abbrev  0x0000210f      0x1e2 C:\SE\SE1819\Debug\libSE1819.a(lcdos.o)
 .debug_abbrev  0x000022f1      0x13a C:\SE\SE1819\Debug\libSE1819.a(led.o)
 .debug_abbrev  0x0000242b      0x156 C:\SE\SE1819\Debug\libSE1819.a(mfrc.o)
 .debug_abbrev  0x00002581       0xf4 C:\SE\SE1819\Debug\libSE1819.a(ntp.o)
 .debug_abbrev  0x00002675      0x1ae C:\SE\SE1819\Debug\libSE1819.a(rtc.o)
 .debug_abbrev  0x00002823      0x1a8 C:\SE\SE1819\Debug\libSE1819.a(spi.o)
 .debug_abbrev  0x000029cb       0xa8 C:\SE\SE1819\Debug\libSE1819.a(waitos.o)
 .debug_abbrev  0x00002a73      0x17a C:\SE\SE1819\Debug\libSE1819.a(wifi.o)
 .debug_abbrev  0x00002bed      0x2ae C:\SE\SE1819\Debug\libSE1819.a(uart.o)
 .debug_abbrev  0x00002e9b       0xf2 C:\SE\SE1819\Debug\libSE1819.a(rb.o)
 .debug_abbrev  0x00002f8d      0x108 C:\SE\CMSIS_CORE_LPC17xx\Debug\libCMSIS_CORE_LPC17xx.a(system_LPC17xx.o)
 .debug_abbrev  0x00003095      0x223 c:/nxp/mcuxpressoide_10.2.1_795/ide/tools/bin/../lib/gcc/arm-none-eabi/7.2.1/../../../../arm-none-eabi/lib/thumb/v7-m\libcr_newlib_nohost.a(_cr_sbrk.o)
 .debug_abbrev  0x000032b8       0x62 c:/nxp/mcuxpressoide_10.2.1_795/ide/tools/bin/../lib/gcc/arm-none-eabi/7.2.1/../../../../arm-none-eabi/lib/thumb/v7-m\libcr_newlib_nohost.a(_cr_check_heap.o)

.debug_aranges  0x00000000      0x8b0
 .debug_aranges
                0x00000000       0x38 ./src/app.o
 .debug_aranges
                0x00000038       0x60 ./src/app_mem_managment.o
 .debug_aranges
                0x00000098       0x70 ./src/cr_startup_lpc17.o
 .debug_aranges
                0x00000108       0xb8 ./src/helper.o
 .debug_aranges
                0x000001c0       0x30 ./src/main.o
 .debug_aranges
                0x000001f0       0x28 ./src/network.o
 .debug_aranges
                0x00000218       0x68 ./src/printf-stdarg.o
 .debug_aranges
                0x00000280       0x20 C:\SE\FreeRTOS10_Library\Debug\libFreeRTOS10_Library.a(heap_4.o)
 .debug_aranges
                0x000002a0       0x20 C:\SE\FreeRTOS10_Library\Debug\libFreeRTOS10_Library.a(port.o)
 .debug_aranges
                0x000002c0       0x20 C:\SE\FreeRTOS10_Library\Debug\libFreeRTOS10_Library.a(queue.o)
 .debug_aranges
                0x000002e0       0x20 C:\SE\FreeRTOS10_Library\Debug\libFreeRTOS10_Library.a(tasks.o)
 .debug_aranges
                0x00000300       0x20 C:\SE\FreeRTOS10_Library\Debug\libFreeRTOS10_Library.a(list.o)
 .debug_aranges
                0x00000320      0x130 C:\SE\MFRC522\Release\libMFRC522.a(mfrc522.o)
 .debug_aranges
                0x00000450       0x30 C:\SE\SE1819\Debug\libSE1819.a(e2prom.o)
 .debug_aranges
                0x00000480       0x88 C:\SE\SE1819\Debug\libSE1819.a(esp.o)
 .debug_aranges
                0x00000508       0x50 C:\SE\SE1819\Debug\libSE1819.a(i2c.o)
 .debug_aranges
                0x00000558       0x58 C:\SE\SE1819\Debug\libSE1819.a(keypados.o)
 .debug_aranges
                0x000005b0       0x88 C:\SE\SE1819\Debug\libSE1819.a(lcdos.o)
 .debug_aranges
                0x00000638       0x38 C:\SE\SE1819\Debug\libSE1819.a(led.o)
 .debug_aranges
                0x00000670       0x40 C:\SE\SE1819\Debug\libSE1819.a(mfrc.o)
 .debug_aranges
                0x000006b0       0x20 C:\SE\SE1819\Debug\libSE1819.a(ntp.o)
 .debug_aranges
                0x000006d0       0x40 C:\SE\SE1819\Debug\libSE1819.a(rtc.o)
 .debug_aranges
                0x00000710       0x40 C:\SE\SE1819\Debug\libSE1819.a(spi.o)
 .debug_aranges
                0x00000750       0x20 C:\SE\SE1819\Debug\libSE1819.a(waitos.o)
 .debug_aranges
                0x00000770       0x40 C:\SE\SE1819\Debug\libSE1819.a(wifi.o)
 .debug_aranges
                0x000007b0       0x58 C:\SE\SE1819\Debug\libSE1819.a(uart.o)
 .debug_aranges
                0x00000808       0x40 C:\SE\SE1819\Debug\libSE1819.a(rb.o)
 .debug_aranges
                0x00000848       0x28 C:\SE\CMSIS_CORE_LPC17xx\Debug\libCMSIS_CORE_LPC17xx.a(system_LPC17xx.o)
 .debug_aranges
                0x00000870       0x20 c:/nxp/mcuxpressoide_10.2.1_795/ide/tools/bin/../lib/gcc/arm-none-eabi/7.2.1/../../../../arm-none-eabi/lib/thumb/v7-m\libcr_newlib_nohost.a(_cr_sbrk.o)
 .debug_aranges
                0x00000890       0x20 c:/nxp/mcuxpressoide_10.2.1_795/ide/tools/bin/../lib/gcc/arm-none-eabi/7.2.1/../../../../arm-none-eabi/lib/thumb/v7-m\libcr_newlib_nohost.a(_cr_check_heap.o)

.debug_ranges   0x00000000      0x698
 .debug_ranges  0x00000000       0x28 ./src/app.o
 .debug_ranges  0x00000028       0x50 ./src/app_mem_managment.o
 .debug_ranges  0x00000078       0x60 ./src/cr_startup_lpc17.o
 .debug_ranges  0x000000d8       0xa8 ./src/helper.o
 .debug_ranges  0x00000180       0x20 ./src/main.o
 .debug_ranges  0x000001a0       0x18 ./src/network.o
 .debug_ranges  0x000001b8       0x58 ./src/printf-stdarg.o
 .debug_ranges  0x00000210      0x120 C:\SE\MFRC522\Release\libMFRC522.a(mfrc522.o)
 .debug_ranges  0x00000330       0x20 C:\SE\SE1819\Debug\libSE1819.a(e2prom.o)
 .debug_ranges  0x00000350       0x78 C:\SE\SE1819\Debug\libSE1819.a(esp.o)
 .debug_ranges  0x000003c8       0x40 C:\SE\SE1819\Debug\libSE1819.a(i2c.o)
 .debug_ranges  0x00000408       0x60 C:\SE\SE1819\Debug\libSE1819.a(keypados.o)
 .debug_ranges  0x00000468       0x78 C:\SE\SE1819\Debug\libSE1819.a(lcdos.o)
 .debug_ranges  0x000004e0       0x28 C:\SE\SE1819\Debug\libSE1819.a(led.o)
 .debug_ranges  0x00000508       0x30 C:\SE\SE1819\Debug\libSE1819.a(mfrc.o)
 .debug_ranges  0x00000538       0x10 C:\SE\SE1819\Debug\libSE1819.a(ntp.o)
 .debug_ranges  0x00000548       0x30 C:\SE\SE1819\Debug\libSE1819.a(rtc.o)
 .debug_ranges  0x00000578       0x30 C:\SE\SE1819\Debug\libSE1819.a(spi.o)
 .debug_ranges  0x000005a8       0x10 C:\SE\SE1819\Debug\libSE1819.a(waitos.o)
 .debug_ranges  0x000005b8       0x30 C:\SE\SE1819\Debug\libSE1819.a(wifi.o)
 .debug_ranges  0x000005e8       0x48 C:\SE\SE1819\Debug\libSE1819.a(uart.o)
 .debug_ranges  0x00000630       0x30 C:\SE\SE1819\Debug\libSE1819.a(rb.o)
 .debug_ranges  0x00000660       0x18 C:\SE\CMSIS_CORE_LPC17xx\Debug\libCMSIS_CORE_LPC17xx.a(system_LPC17xx.o)
 .debug_ranges  0x00000678       0x10 c:/nxp/mcuxpressoide_10.2.1_795/ide/tools/bin/../lib/gcc/arm-none-eabi/7.2.1/../../../../arm-none-eabi/lib/thumb/v7-m\libcr_newlib_nohost.a(_cr_sbrk.o)
 .debug_ranges  0x00000688       0x10 c:/nxp/mcuxpressoide_10.2.1_795/ide/tools/bin/../lib/gcc/arm-none-eabi/7.2.1/../../../../arm-none-eabi/lib/thumb/v7-m\libcr_newlib_nohost.a(_cr_check_heap.o)

.debug_macro    0x00000000     0x84c5
 .debug_macro   0x00000000      0x330 ./src/app.o
 .debug_macro   0x00000330      0xa60 ./src/app.o
 .debug_macro   0x00000d90       0x22 ./src/app.o
 .debug_macro   0x00000db2       0x52 ./src/app.o
 .debug_macro   0x00000e04       0x17 ./src/app.o
 .debug_macro   0x00000e1b       0x8d ./src/app.o
 .debug_macro   0x00000ea8       0x35 ./src/app.o
 .debug_macro   0x00000edd       0x9c ./src/app.o
 .debug_macro   0x00000f79       0x16 ./src/app.o
 .debug_macro   0x00000f8f       0x57 ./src/app.o
 .debug_macro   0x00000fe6       0x97 ./src/app.o
 .debug_macro   0x0000107d      0x330 ./src/app.o
 .debug_macro   0x000013ad       0xfd ./src/app.o
 .debug_macro   0x000014aa       0x10 ./src/app.o
 .debug_macro   0x000014ba       0x58 ./src/app.o
 .debug_macro   0x00001512       0x1f ./src/app.o
 .debug_macro   0x00001531       0x43 ./src/app.o
 .debug_macro   0x00001574       0x20 ./src/app.o
 .debug_macro   0x00001594      0x18e ./src/app.o
 .debug_macro   0x00001722       0x10 ./src/app.o
 .debug_macro   0x00001732       0x6a ./src/app.o
 .debug_macro   0x0000179c       0x1c ./src/app.o
 .debug_macro   0x000017b8       0x52 ./src/app.o
 .debug_macro   0x0000180a       0x40 ./src/app.o
 .debug_macro   0x0000184a       0x10 ./src/app.o
 .debug_macro   0x0000185a       0x40 ./src/app.o
 .debug_macro   0x0000189a       0xd7 ./src/app.o
 .debug_macro   0x00001971       0x1c ./src/app.o
 .debug_macro   0x0000198d       0x3d ./src/app.o
 .debug_macro   0x000019ca       0x16 ./src/app.o
 .debug_macro   0x000019e0      0x16f ./src/app.o
 .debug_macro   0x00001b4f       0x16 ./src/app.o
 .debug_macro   0x00001b65       0x35 ./src/app.o
 .debug_macro   0x00001b9a       0x10 ./src/app.o
 .debug_macro   0x00001baa       0x10 ./src/app.o
 .debug_macro   0x00001bba       0x35 ./src/app.o
 .debug_macro   0x00001bef       0x1c ./src/app.o
 .debug_macro   0x00001c0b       0x3a ./src/app.o
 .debug_macro   0x00001c45       0xef ./src/app.o
 .debug_macro   0x00001d34      0x1df ./src/app.o
 .debug_macro   0x00001f13       0x2d ./src/app.o
 .debug_macro   0x00001f40      0xbb1 ./src/app.o
 .debug_macro   0x00002af1      0x2c7 ./src/app.o
 .debug_macro   0x00002db8       0x22 ./src/app.o
 .debug_macro   0x00002dda       0x58 ./src/app.o
 .debug_macro   0x00002e32       0xe2 ./src/app.o
 .debug_macro   0x00002f14      0x15a ./src/app.o
 .debug_macro   0x0000306e       0xd6 ./src/app.o
 .debug_macro   0x00003144       0x10 ./src/app.o
 .debug_macro   0x00003154       0x26 ./src/app.o
 .debug_macro   0x0000317a      0x4d3 ./src/app.o
 .debug_macro   0x0000364d       0xb5 ./src/app.o
 .debug_macro   0x00003702       0xaa ./src/app.o
 .debug_macro   0x000037ac       0x80 ./src/app.o
 .debug_macro   0x0000382c       0x69 ./src/app.o
 .debug_macro   0x00003895       0x1c ./src/app.o
 .debug_macro   0x000038b1       0x1c ./src/app.o
 .debug_macro   0x000038cd       0x10 ./src/app.o
 .debug_macro   0x000038dd      0x1fa ./src/app_mem_managment.o
 .debug_macro   0x00003ad7      0x174 ./src/app_mem_managment.o
 .debug_macro   0x00003c4b       0x10 ./src/app_mem_managment.o
 .debug_macro   0x00003c5b       0x16 ./src/app_mem_managment.o
 .debug_macro   0x00003c71       0x79 ./src/cr_startup_lpc17.o
 .debug_macro   0x00003cea       0x87 ./src/cr_startup_lpc17.o
 .debug_macro   0x00003d71       0x51 ./src/cr_startup_lpc17.o
 .debug_macro   0x00003dc2      0x378 ./src/helper.o
 .debug_macro   0x0000413a       0xdc ./src/helper.o
 .debug_macro   0x00004216       0x16 ./src/helper.o
 .debug_macro   0x0000422c      0x287 ./src/main.o
 .debug_macro   0x000044b3      0x1b7 ./src/network.o
 .debug_macro   0x0000466a       0x44 ./src/printf-stdarg.o
 .debug_macro   0x000046ae       0x58 ./src/printf-stdarg.o
 .debug_macro   0x00004706      0x120 C:\SE\FreeRTOS10_Library\Debug\libFreeRTOS10_Library.a(heap_4.o)
 .debug_macro   0x00004826      0xa54 C:\SE\FreeRTOS10_Library\Debug\libFreeRTOS10_Library.a(heap_4.o)
 .debug_macro   0x0000527a       0x10 C:\SE\FreeRTOS10_Library\Debug\libFreeRTOS10_Library.a(heap_4.o)
 .debug_macro   0x0000528a      0x12d C:\SE\FreeRTOS10_Library\Debug\libFreeRTOS10_Library.a(heap_4.o)
 .debug_macro   0x000053b7       0x28 C:\SE\FreeRTOS10_Library\Debug\libFreeRTOS10_Library.a(heap_4.o)
 .debug_macro   0x000053df      0x5b2 C:\SE\FreeRTOS10_Library\Debug\libFreeRTOS10_Library.a(heap_4.o)
 .debug_macro   0x00005991      0x196 C:\SE\FreeRTOS10_Library\Debug\libFreeRTOS10_Library.a(port.o)
 .debug_macro   0x00005b27       0x16 C:\SE\FreeRTOS10_Library\Debug\libFreeRTOS10_Library.a(port.o)
 .debug_macro   0x00005b3d      0x166 C:\SE\FreeRTOS10_Library\Debug\libFreeRTOS10_Library.a(queue.o)
 .debug_macro   0x00005ca3      0x1c9 C:\SE\FreeRTOS10_Library\Debug\libFreeRTOS10_Library.a(tasks.o)
 .debug_macro   0x00005e6c       0x91 C:\SE\FreeRTOS10_Library\Debug\libFreeRTOS10_Library.a(tasks.o)
 .debug_macro   0x00005efd       0x10 C:\SE\FreeRTOS10_Library\Debug\libFreeRTOS10_Library.a(tasks.o)
 .debug_macro   0x00005f0d       0xf9 C:\SE\FreeRTOS10_Library\Debug\libFreeRTOS10_Library.a(list.o)
 .debug_macro   0x00006006       0x86 C:\SE\SE1819\Debug\libSE1819.a(e2prom.o)
 .debug_macro   0x0000608c      0xa6c C:\SE\SE1819\Debug\libSE1819.a(e2prom.o)
 .debug_macro   0x00006af8       0x22 C:\SE\SE1819\Debug\libSE1819.a(e2prom.o)
 .debug_macro   0x00006b1a       0x1c C:\SE\SE1819\Debug\libSE1819.a(e2prom.o)
 .debug_macro   0x00006b36       0x76 C:\SE\SE1819\Debug\libSE1819.a(esp.o)
 .debug_macro   0x00006bac       0xc4 C:\SE\SE1819\Debug\libSE1819.a(esp.o)
 .debug_macro   0x00006c70       0x9a C:\SE\SE1819\Debug\libSE1819.a(esp.o)
 .debug_macro   0x00006d0a       0xdb C:\SE\SE1819\Debug\libSE1819.a(i2c.o)
 .debug_macro   0x00006de5       0x58 C:\SE\SE1819\Debug\libSE1819.a(i2c.o)
 .debug_macro   0x00006e3d      0x167 C:\SE\SE1819\Debug\libSE1819.a(keypados.o)
 .debug_macro   0x00006fa4      0x15e C:\SE\SE1819\Debug\libSE1819.a(lcdos.o)
 .debug_macro   0x00007102       0x1c C:\SE\SE1819\Debug\libSE1819.a(lcdos.o)
 .debug_macro   0x0000711e       0x88 C:\SE\SE1819\Debug\libSE1819.a(led.o)
 .debug_macro   0x000071a6       0xe8 C:\SE\SE1819\Debug\libSE1819.a(mfrc.o)
 .debug_macro   0x0000728e       0x9e C:\SE\SE1819\Debug\libSE1819.a(ntp.o)
 .debug_macro   0x0000732c       0xe8 C:\SE\SE1819\Debug\libSE1819.a(rtc.o)
 .debug_macro   0x00007414       0x10 C:\SE\SE1819\Debug\libSE1819.a(rtc.o)
 .debug_macro   0x00007424       0x10 C:\SE\SE1819\Debug\libSE1819.a(rtc.o)
 .debug_macro   0x00007434      0x14e C:\SE\SE1819\Debug\libSE1819.a(spi.o)
 .debug_macro   0x00007582       0xa0 C:\SE\SE1819\Debug\libSE1819.a(spi.o)
 .debug_macro   0x00007622       0x10 C:\SE\SE1819\Debug\libSE1819.a(spi.o)
 .debug_macro   0x00007632       0xfe C:\SE\SE1819\Debug\libSE1819.a(waitos.o)
 .debug_macro   0x00007730       0xd0 C:\SE\SE1819\Debug\libSE1819.a(wifi.o)
 .debug_macro   0x00007800       0x10 C:\SE\SE1819\Debug\libSE1819.a(wifi.o)
 .debug_macro   0x00007810       0xe2 C:\SE\SE1819\Debug\libSE1819.a(uart.o)
 .debug_macro   0x000078f2       0x10 C:\SE\SE1819\Debug\libSE1819.a(uart.o)
 .debug_macro   0x00007902       0x2a C:\SE\SE1819\Debug\libSE1819.a(rb.o)
 .debug_macro   0x0000792c      0x12d C:\SE\CMSIS_CORE_LPC17xx\Debug\libCMSIS_CORE_LPC17xx.a(system_LPC17xx.o)
 .debug_macro   0x00007a59      0xa6c C:\SE\CMSIS_CORE_LPC17xx\Debug\libCMSIS_CORE_LPC17xx.a(system_LPC17xx.o)

.debug_line     0x00000000     0x6091
 .debug_line    0x00000000      0x59f ./src/app.o
 .debug_line    0x0000059f      0x404 ./src/app_mem_managment.o
 .debug_line    0x000009a3      0x2e6 ./src/cr_startup_lpc17.o
 .debug_line    0x00000c89      0x803 ./src/helper.o
 .debug_line    0x0000148c      0x49b ./src/main.o
 .debug_line    0x00001927      0x33e ./src/network.o
 .debug_line    0x00001c65      0x272 ./src/printf-stdarg.o
 .debug_line    0x00001ed7      0x309 C:\SE\FreeRTOS10_Library\Debug\libFreeRTOS10_Library.a(heap_4.o)
 .debug_line    0x000021e0      0x2f2 C:\SE\FreeRTOS10_Library\Debug\libFreeRTOS10_Library.a(port.o)
 .debug_line    0x000024d2      0x5a5 C:\SE\FreeRTOS10_Library\Debug\libFreeRTOS10_Library.a(queue.o)
 .debug_line    0x00002a77      0x885 C:\SE\FreeRTOS10_Library\Debug\libFreeRTOS10_Library.a(tasks.o)
 .debug_line    0x000032fc      0x2a0 C:\SE\FreeRTOS10_Library\Debug\libFreeRTOS10_Library.a(list.o)
 .debug_line    0x0000359c      0x64c C:\SE\MFRC522\Release\libMFRC522.a(mfrc522.o)
 .debug_line    0x00003be8      0x180 C:\SE\SE1819\Debug\libSE1819.a(e2prom.o)
 .debug_line    0x00003d68      0x293 C:\SE\SE1819\Debug\libSE1819.a(esp.o)
 .debug_line    0x00003ffb      0x2be C:\SE\SE1819\Debug\libSE1819.a(i2c.o)
 .debug_line    0x000042b9      0x39c C:\SE\SE1819\Debug\libSE1819.a(keypados.o)
 .debug_line    0x00004655      0x400 C:\SE\SE1819\Debug\libSE1819.a(lcdos.o)
 .debug_line    0x00004a55      0x1b8 C:\SE\SE1819\Debug\libSE1819.a(led.o)
 .debug_line    0x00004c0d      0x202 C:\SE\SE1819\Debug\libSE1819.a(mfrc.o)
 .debug_line    0x00004e0f      0x19d C:\SE\SE1819\Debug\libSE1819.a(ntp.o)
 .debug_line    0x00004fac      0x1ea C:\SE\SE1819\Debug\libSE1819.a(rtc.o)
 .debug_line    0x00005196      0x325 C:\SE\SE1819\Debug\libSE1819.a(spi.o)
 .debug_line    0x000054bb      0x285 C:\SE\SE1819\Debug\libSE1819.a(waitos.o)
 .debug_line    0x00005740      0x24e C:\SE\SE1819\Debug\libSE1819.a(wifi.o)
 .debug_line    0x0000598e      0x298 C:\SE\SE1819\Debug\libSE1819.a(uart.o)
 .debug_line    0x00005c26      0x100 C:\SE\SE1819\Debug\libSE1819.a(rb.o)
 .debug_line    0x00005d26      0x1f9 C:\SE\CMSIS_CORE_LPC17xx\Debug\libCMSIS_CORE_LPC17xx.a(system_LPC17xx.o)
 .debug_line    0x00005f1f      0x125 c:/nxp/mcuxpressoide_10.2.1_795/ide/tools/bin/../lib/gcc/arm-none-eabi/7.2.1/../../../../arm-none-eabi/lib/thumb/v7-m\libcr_newlib_nohost.a(_cr_sbrk.o)
 .debug_line    0x00006044       0x4d c:/nxp/mcuxpressoide_10.2.1_795/ide/tools/bin/../lib/gcc/arm-none-eabi/7.2.1/../../../../arm-none-eabi/lib/thumb/v7-m\libcr_newlib_nohost.a(_cr_check_heap.o)

.debug_str      0x00000000    0x19efb
 .debug_str     0x00000000    0x122ad ./src/app.o
                              0x125a3 (size before relaxing)
 .debug_str     0x000122ad      0x1bb ./src/app_mem_managment.o
                               0x7095 (size before relaxing)
 .debug_str     0x00012468      0x145 ./src/cr_startup_lpc17.o
                               0x3d06 (size before relaxing)
 .debug_str     0x000125ad      0x1d0 ./src/helper.o
                              0x12690 (size before relaxing)
 .debug_str     0x0001277d      0x205 ./src/main.o
                              0x11cb6 (size before relaxing)
 .debug_str     0x00012982       0x53 ./src/network.o
                               0x6f17 (size before relaxing)
 .debug_str     0x000129d5      0x1d7 ./src/printf-stdarg.o
                               0x2f37 (size before relaxing)
 .debug_str     0x00012bac     0x1a97 C:\SE\FreeRTOS10_Library\Debug\libFreeRTOS10_Library.a(heap_4.o)
                               0xdc52 (size before relaxing)
 .debug_str     0x00014643      0x68d C:\SE\FreeRTOS10_Library\Debug\libFreeRTOS10_Library.a(port.o)
                               0xe01a (size before relaxing)
 .debug_str     0x00014cd0      0x853 C:\SE\FreeRTOS10_Library\Debug\libFreeRTOS10_Library.a(queue.o)
                               0xea93 (size before relaxing)
 .debug_str     0x00015523     0x1b6b C:\SE\FreeRTOS10_Library\Debug\libFreeRTOS10_Library.a(tasks.o)
                               0xf85c (size before relaxing)
 .debug_str     0x0001708e       0x90 C:\SE\FreeRTOS10_Library\Debug\libFreeRTOS10_Library.a(list.o)
                               0xd483 (size before relaxing)
 .debug_str     0x0001711e      0xb17 C:\SE\MFRC522\Release\libMFRC522.a(mfrc522.o)
                                0xc3c (size before relaxing)
 .debug_str     0x00017c35      0x1f6 C:\SE\SE1819\Debug\libSE1819.a(e2prom.o)
                               0x341b (size before relaxing)
 .debug_str     0x00017e2b      0x866 C:\SE\SE1819\Debug\libSE1819.a(esp.o)
                               0x3bd8 (size before relaxing)
 .debug_str     0x00018691      0x6cb C:\SE\SE1819\Debug\libSE1819.a(i2c.o)
                               0xa5e8 (size before relaxing)
 .debug_str     0x00018d5c      0x2b9 C:\SE\SE1819\Debug\libSE1819.a(keypados.o)
                               0xeec5 (size before relaxing)
 .debug_str     0x00019015      0x16f C:\SE\SE1819\Debug\libSE1819.a(lcdos.o)
                               0xe741 (size before relaxing)
 .debug_str     0x00019184       0x66 C:\SE\SE1819\Debug\libSE1819.a(led.o)
                               0x9eca (size before relaxing)
 .debug_str     0x000191ea       0xe7 C:\SE\SE1819\Debug\libSE1819.a(mfrc.o)
                               0xa183 (size before relaxing)
 .debug_str     0x000192d1       0x5e C:\SE\SE1819\Debug\libSE1819.a(ntp.o)
                               0x9dab (size before relaxing)
 .debug_str     0x0001932f      0x2fe C:\SE\SE1819\Debug\libSE1819.a(rtc.o)
                               0xa1de (size before relaxing)
 .debug_str     0x0001962d      0x162 C:\SE\SE1819\Debug\libSE1819.a(spi.o)
                               0xe1ab (size before relaxing)
 .debug_str     0x0001978f       0x1a C:\SE\SE1819\Debug\libSE1819.a(waitos.o)
                               0xd9f4 (size before relaxing)
 .debug_str     0x000197a9       0xa9 C:\SE\SE1819\Debug\libSE1819.a(wifi.o)
                               0x9fb3 (size before relaxing)
 .debug_str     0x00019852      0x1a2 C:\SE\SE1819\Debug\libSE1819.a(uart.o)
                               0xa439 (size before relaxing)
 .debug_str     0x000199f4       0x35 C:\SE\SE1819\Debug\libSE1819.a(rb.o)
                               0x2d9f (size before relaxing)
 .debug_str     0x00019a29      0x3cf C:\SE\CMSIS_CORE_LPC17xx\Debug\libCMSIS_CORE_LPC17xx.a(system_LPC17xx.o)
                               0xa135 (size before relaxing)
 .debug_str     0x00019df8       0xde c:/nxp/mcuxpressoide_10.2.1_795/ide/tools/bin/../lib/gcc/arm-none-eabi/7.2.1/../../../../arm-none-eabi/lib/thumb/v7-m\libcr_newlib_nohost.a(_cr_sbrk.o)
                                0x60e (size before relaxing)
 .debug_str     0x00019ed6       0x25 c:/nxp/mcuxpressoide_10.2.1_795/ide/tools/bin/../lib/gcc/arm-none-eabi/7.2.1/../../../../arm-none-eabi/lib/thumb/v7-m\libcr_newlib_nohost.a(_cr_check_heap.o)
                                0x166 (size before relaxing)

.comment        0x00000000       0x7e
 .comment       0x00000000       0x7e ./src/app.o
                                 0x7f (size before relaxing)
 .comment       0x0000007e       0x7f ./src/app_mem_managment.o
 .comment       0x0000007e       0x7f ./src/cr_startup_lpc17.o
 .comment       0x0000007e       0x7f ./src/helper.o
 .comment       0x0000007e       0x7f ./src/main.o
 .comment       0x0000007e       0x7f ./src/network.o
 .comment       0x0000007e       0x7f ./src/printf-stdarg.o
 .comment       0x0000007e       0x7f C:\SE\FreeRTOS10_Library\Debug\libFreeRTOS10_Library.a(heap_4.o)
 .comment       0x0000007e       0x7f C:\SE\FreeRTOS10_Library\Debug\libFreeRTOS10_Library.a(port.o)
 .comment       0x0000007e       0x7f C:\SE\FreeRTOS10_Library\Debug\libFreeRTOS10_Library.a(queue.o)
 .comment       0x0000007e       0x7f C:\SE\FreeRTOS10_Library\Debug\libFreeRTOS10_Library.a(tasks.o)
 .comment       0x0000007e       0x7f C:\SE\FreeRTOS10_Library\Debug\libFreeRTOS10_Library.a(list.o)
 .comment       0x0000007e       0x7f C:\SE\MFRC522\Release\libMFRC522.a(mfrc522.o)
 .comment       0x0000007e       0x7f C:\SE\SE1819\Debug\libSE1819.a(e2prom.o)
 .comment       0x0000007e       0x7f C:\SE\SE1819\Debug\libSE1819.a(esp.o)
 .comment       0x0000007e       0x7f C:\SE\SE1819\Debug\libSE1819.a(i2c.o)
 .comment       0x0000007e       0x7f C:\SE\SE1819\Debug\libSE1819.a(keypados.o)
 .comment       0x0000007e       0x7f C:\SE\SE1819\Debug\libSE1819.a(lcdos.o)
 .comment       0x0000007e       0x7f C:\SE\SE1819\Debug\libSE1819.a(led.o)
 .comment       0x0000007e       0x7f C:\SE\SE1819\Debug\libSE1819.a(mfrc.o)
 .comment       0x0000007e       0x7f C:\SE\SE1819\Debug\libSE1819.a(ntp.o)
 .comment       0x0000007e       0x7f C:\SE\SE1819\Debug\libSE1819.a(rtc.o)
 .comment       0x0000007e       0x7f C:\SE\SE1819\Debug\libSE1819.a(spi.o)
 .comment       0x0000007e       0x7f C:\SE\SE1819\Debug\libSE1819.a(waitos.o)
 .comment       0x0000007e       0x7f C:\SE\SE1819\Debug\libSE1819.a(wifi.o)
 .comment       0x0000007e       0x7f C:\SE\SE1819\Debug\libSE1819.a(uart.o)
 .comment       0x0000007e       0x7f C:\SE\SE1819\Debug\libSE1819.a(rb.o)
 .comment       0x0000007e       0x7f C:\SE\CMSIS_CORE_LPC17xx\Debug\libCMSIS_CORE_LPC17xx.a(system_LPC17xx.o)
 .comment       0x0000007e       0x7f c:/nxp/mcuxpressoide_10.2.1_795/ide/tools/bin/../lib/gcc/arm-none-eabi/7.2.1/../../../../arm-none-eabi/lib/thumb/v7-m\libcr_newlib_nohost.a(_cr_sbrk.o)
 .comment       0x0000007e       0x7f c:/nxp/mcuxpressoide_10.2.1_795/ide/tools/bin/../lib/gcc/arm-none-eabi/7.2.1/../../../../arm-none-eabi/lib/thumb/v7-m\libcr_newlib_nohost.a(_cr_check_heap.o)

.ARM.attributes
                0x00000000       0x31
 .ARM.attributes
                0x00000000       0x33 ./src/app.o
 .ARM.attributes
                0x00000033       0x33 ./src/app_mem_managment.o
 .ARM.attributes
                0x00000066       0x33 ./src/cr_startup_lpc17.o
 .ARM.attributes
                0x00000099       0x33 ./src/helper.o
 .ARM.attributes
                0x000000cc       0x33 ./src/main.o
 .ARM.attributes
                0x000000ff       0x33 ./src/network.o
 .ARM.attributes
                0x00000132       0x33 ./src/printf-stdarg.o
 .ARM.attributes
                0x00000165       0x33 C:\SE\FreeRTOS10_Library\Debug\libFreeRTOS10_Library.a(heap_4.o)
 .ARM.attributes
                0x00000198       0x33 C:\SE\FreeRTOS10_Library\Debug\libFreeRTOS10_Library.a(port.o)
 .ARM.attributes
                0x000001cb       0x33 C:\SE\FreeRTOS10_Library\Debug\libFreeRTOS10_Library.a(queue.o)
 .ARM.attributes
                0x000001fe       0x33 C:\SE\FreeRTOS10_Library\Debug\libFreeRTOS10_Library.a(tasks.o)
 .ARM.attributes
                0x00000231       0x33 C:\SE\FreeRTOS10_Library\Debug\libFreeRTOS10_Library.a(list.o)
 .ARM.attributes
                0x00000264       0x33 C:\SE\MFRC522\Release\libMFRC522.a(mfrc522.o)
 .ARM.attributes
                0x00000297       0x33 C:\SE\SE1819\Debug\libSE1819.a(e2prom.o)
 .ARM.attributes
                0x000002ca       0x33 C:\SE\SE1819\Debug\libSE1819.a(esp.o)
 .ARM.attributes
                0x000002fd       0x33 C:\SE\SE1819\Debug\libSE1819.a(i2c.o)
 .ARM.attributes
                0x00000330       0x33 C:\SE\SE1819\Debug\libSE1819.a(keypados.o)
 .ARM.attributes
                0x00000363       0x33 C:\SE\SE1819\Debug\libSE1819.a(lcdos.o)
 .ARM.attributes
                0x00000396       0x33 C:\SE\SE1819\Debug\libSE1819.a(led.o)
 .ARM.attributes
                0x000003c9       0x33 C:\SE\SE1819\Debug\libSE1819.a(mfrc.o)
 .ARM.attributes
                0x000003fc       0x33 C:\SE\SE1819\Debug\libSE1819.a(ntp.o)
 .ARM.attributes
                0x0000042f       0x33 C:\SE\SE1819\Debug\libSE1819.a(rtc.o)
 .ARM.attributes
                0x00000462       0x33 C:\SE\SE1819\Debug\libSE1819.a(spi.o)
 .ARM.attributes
                0x00000495       0x33 C:\SE\SE1819\Debug\libSE1819.a(waitos.o)
 .ARM.attributes
                0x000004c8       0x33 C:\SE\SE1819\Debug\libSE1819.a(wifi.o)
 .ARM.attributes
                0x000004fb       0x33 C:\SE\SE1819\Debug\libSE1819.a(uart.o)
 .ARM.attributes
                0x0000052e       0x33 C:\SE\SE1819\Debug\libSE1819.a(rb.o)
 .ARM.attributes
                0x00000561       0x33 C:\SE\CMSIS_CORE_LPC17xx\Debug\libCMSIS_CORE_LPC17xx.a(system_LPC17xx.o)
 .ARM.attributes
                0x00000594       0x1d c:/nxp/mcuxpressoide_10.2.1_795/ide/tools/bin/../lib/gcc/arm-none-eabi/7.2.1/thumb/v7-m\libgcc.a(_aeabi_ldivmod.o)
 .ARM.attributes
                0x000005b1       0x2d c:/nxp/mcuxpressoide_10.2.1_795/ide/tools/bin/../lib/gcc/arm-none-eabi/7.2.1/thumb/v7-m\libgcc.a(_udivmoddi4.o)
 .ARM.attributes
                0x000005de       0x1d c:/nxp/mcuxpressoide_10.2.1_795/ide/tools/bin/../lib/gcc/arm-none-eabi/7.2.1/thumb/v7-m\libgcc.a(_dvmd_tls.o)
 .ARM.attributes
                0x000005fb       0x2d c:/nxp/mcuxpressoide_10.2.1_795/ide/tools/bin/../lib/gcc/arm-none-eabi/7.2.1/../../../../arm-none-eabi/lib/thumb/v7-m\libc_nano.a(lib_a-lcltime_r.o)
 .ARM.attributes
                0x00000628       0x2d c:/nxp/mcuxpressoide_10.2.1_795/ide/tools/bin/../lib/gcc/arm-none-eabi/7.2.1/../../../../arm-none-eabi/lib/thumb/v7-m\libc_nano.a(lib_a-memcpy-stub.o)
 .ARM.attributes
                0x00000655       0x2d c:/nxp/mcuxpressoide_10.2.1_795/ide/tools/bin/../lib/gcc/arm-none-eabi/7.2.1/../../../../arm-none-eabi/lib/thumb/v7-m\libc_nano.a(lib_a-memset.o)
 .ARM.attributes
                0x00000682       0x2d c:/nxp/mcuxpressoide_10.2.1_795/ide/tools/bin/../lib/gcc/arm-none-eabi/7.2.1/../../../../arm-none-eabi/lib/thumb/v7-m\libc_nano.a(lib_a-month_lengths.o)
 .ARM.attributes
                0x000006af       0x2d c:/nxp/mcuxpressoide_10.2.1_795/ide/tools/bin/../lib/gcc/arm-none-eabi/7.2.1/../../../../arm-none-eabi/lib/thumb/v7-m\libc_nano.a(lib_a-strcpy.o)
 .ARM.attributes
                0x000006dc       0x17 c:/nxp/mcuxpressoide_10.2.1_795/ide/tools/bin/../lib/gcc/arm-none-eabi/7.2.1/../../../../arm-none-eabi/lib/thumb/v7-m\libc_nano.a(lib_a-strlen.o)
 .ARM.attributes
                0x000006f3       0x2d c:/nxp/mcuxpressoide_10.2.1_795/ide/tools/bin/../lib/gcc/arm-none-eabi/7.2.1/../../../../arm-none-eabi/lib/thumb/v7-m\libc_nano.a(lib_a-strstr.o)
 .ARM.attributes
                0x00000720       0x2d c:/nxp/mcuxpressoide_10.2.1_795/ide/tools/bin/../lib/gcc/arm-none-eabi/7.2.1/../../../../arm-none-eabi/lib/thumb/v7-m\libc_nano.a(lib_a-tzcalc_limits.o)
 .ARM.attributes
                0x0000074d       0x2d c:/nxp/mcuxpressoide_10.2.1_795/ide/tools/bin/../lib/gcc/arm-none-eabi/7.2.1/../../../../arm-none-eabi/lib/thumb/v7-m\libc_nano.a(lib_a-tzlock.o)
 .ARM.attributes
                0x0000077a       0x2d c:/nxp/mcuxpressoide_10.2.1_795/ide/tools/bin/../lib/gcc/arm-none-eabi/7.2.1/../../../../arm-none-eabi/lib/thumb/v7-m\libc_nano.a(lib_a-tzset.o)
 .ARM.attributes
                0x000007a7       0x2d c:/nxp/mcuxpressoide_10.2.1_795/ide/tools/bin/../lib/gcc/arm-none-eabi/7.2.1/../../../../arm-none-eabi/lib/thumb/v7-m\libc_nano.a(lib_a-tzset_r.o)
 .ARM.attributes
                0x000007d4       0x2d c:/nxp/mcuxpressoide_10.2.1_795/ide/tools/bin/../lib/gcc/arm-none-eabi/7.2.1/../../../../arm-none-eabi/lib/thumb/v7-m\libc_nano.a(lib_a-tzvars.o)
 .ARM.attributes
                0x00000801       0x2d c:/nxp/mcuxpressoide_10.2.1_795/ide/tools/bin/../lib/gcc/arm-none-eabi/7.2.1/../../../../arm-none-eabi/lib/thumb/v7-m\libc_nano.a(lib_a-vsprintf.o)
 .ARM.attributes