Archive member included to satisfy reference by file (symbol)

C:\SE\SE1819\Debug\libSE1819.a(lcd.o)
                              ./src/Lab_3.o (LCDText_Init)
C:\SE\SE1819\Debug\libSE1819.a(wait.o)
                              ./src/Lab_3.o (WAIT_Init)
C:\SE\CMSIS_CORE_LPC17xx\Debug\libCMSIS_CORE_LPC17xx.a(system_LPC17xx.o)
                              ./src/cr_startup_lpc175x_6x.o (SystemInit)
c:/nxp/mcuxpressoide_10.2.1_795/ide/tools/bin/../lib/gcc/arm-none-eabi/7.2.1/../../../../arm-none-eabi/lib/thumb/v7-m\libcr_semihost.a(_cr__main.o)
                              ./src/cr_startup_lpc175x_6x.o (__main)
c:/nxp/mcuxpressoide_10.2.1_795/ide/tools/bin/../lib/gcc/arm-none-eabi/7.2.1/../../../../arm-none-eabi/lib/thumb/v7-m\libcr_c.a(fpprintf.o)
                              C:\SE\SE1819\Debug\libSE1819.a(lcd.o) (vsprintf)
c:/nxp/mcuxpressoide_10.2.1_795/ide/tools/bin/../lib/gcc/arm-none-eabi/7.2.1/../../../../arm-none-eabi/lib/thumb/v7-m\libcr_c.a(initio.o)
                              c:/nxp/mcuxpressoide_10.2.1_795/ide/tools/bin/../lib/gcc/arm-none-eabi/7.2.1/../../../../arm-none-eabi/lib/thumb/v7-m\libcr_semihost.a(_cr__main.o) (_initio)
c:/nxp/mcuxpressoide_10.2.1_795/ide/tools/bin/../lib/gcc/arm-none-eabi/7.2.1/../../../../arm-none-eabi/lib/thumb/v7-m\libcr_c.a(printf.o)
                              c:/nxp/mcuxpressoide_10.2.1_795/ide/tools/bin/../lib/gcc/arm-none-eabi/7.2.1/../../../../arm-none-eabi/lib/thumb/v7-m\libcr_c.a(fpprintf.o) (__vfprintf)
c:/nxp/mcuxpressoide_10.2.1_795/ide/tools/bin/../lib/gcc/arm-none-eabi/7.2.1/../../../../arm-none-eabi/lib/thumb/v7-m\libcr_c.a(setvbuf.o)
                              c:/nxp/mcuxpressoide_10.2.1_795/ide/tools/bin/../lib/gcc/arm-none-eabi/7.2.1/../../../../arm-none-eabi/lib/thumb/v7-m\libcr_c.a(initio.o) (setvbuf)
c:/nxp/mcuxpressoide_10.2.1_795/ide/tools/bin/../lib/gcc/arm-none-eabi/7.2.1/../../../../arm-none-eabi/lib/thumb/v7-m\libcr_c.a(strlen.o)
                              c:/nxp/mcuxpressoide_10.2.1_795/ide/tools/bin/../lib/gcc/arm-none-eabi/7.2.1/../../../../arm-none-eabi/lib/thumb/v7-m\libcr_c.a(printf.o) (strlen)
c:/nxp/mcuxpressoide_10.2.1_795/ide/tools/bin/../lib/gcc/arm-none-eabi/7.2.1/../../../../arm-none-eabi/lib/thumb/v7-m\libcr_c.a(memset.o)
                              c:/nxp/mcuxpressoide_10.2.1_795/ide/tools/bin/../lib/gcc/arm-none-eabi/7.2.1/../../../../arm-none-eabi/lib/thumb/v7-m\libcr_c.a(fpprintf.o) (memset)
c:/nxp/mcuxpressoide_10.2.1_795/ide/tools/bin/../lib/gcc/arm-none-eabi/7.2.1/../../../../arm-none-eabi/lib/thumb/v7-m\libcr_c.a(_deferredlazyseek.o)
                              c:/nxp/mcuxpressoide_10.2.1_795/ide/tools/bin/../lib/gcc/arm-none-eabi/7.2.1/../../../../arm-none-eabi/lib/thumb/v7-m\libcr_c.a(fpprintf.o) (__flsbuf)
c:/nxp/mcuxpressoide_10.2.1_795/ide/tools/bin/../lib/gcc/arm-none-eabi/7.2.1/../../../../arm-none-eabi/lib/thumb/v7-m\libcr_c.a(_fdopen.o)
                              c:/nxp/mcuxpressoide_10.2.1_795/ide/tools/bin/../lib/gcc/arm-none-eabi/7.2.1/../../../../arm-none-eabi/lib/thumb/v7-m\libcr_c.a(initio.o) (_fdopen)
c:/nxp/mcuxpressoide_10.2.1_795/ide/tools/bin/../lib/gcc/arm-none-eabi/7.2.1/../../../../arm-none-eabi/lib/thumb/v7-m\libcr_c.a(_fflush.o)
                              c:/nxp/mcuxpressoide_10.2.1_795/ide/tools/bin/../lib/gcc/arm-none-eabi/7.2.1/../../../../arm-none-eabi/lib/thumb/v7-m\libcr_c.a(_deferredlazyseek.o) (_fflush)
c:/nxp/mcuxpressoide_10.2.1_795/ide/tools/bin/../lib/gcc/arm-none-eabi/7.2.1/../../../../arm-none-eabi/lib/thumb/v7-m\libcr_c.a(_frexpl.o)
                              c:/nxp/mcuxpressoide_10.2.1_795/ide/tools/bin/../lib/gcc/arm-none-eabi/7.2.1/../../../../arm-none-eabi/lib/thumb/v7-m\libcr_c.a(fpprintf.o) (_frexpl)
c:/nxp/mcuxpressoide_10.2.1_795/ide/tools/bin/../lib/gcc/arm-none-eabi/7.2.1/../../../../arm-none-eabi/lib/thumb/v7-m\libcr_c.a(_ldexpl.o)
                              c:/nxp/mcuxpressoide_10.2.1_795/ide/tools/bin/../lib/gcc/arm-none-eabi/7.2.1/../../../../arm-none-eabi/lib/thumb/v7-m\libcr_c.a(fpprintf.o) (_ldexpl)
c:/nxp/mcuxpressoide_10.2.1_795/ide/tools/bin/../lib/gcc/arm-none-eabi/7.2.1/../../../../arm-none-eabi/lib/thumb/v7-m\libcr_c.a(_writebuf.o)
                              c:/nxp/mcuxpressoide_10.2.1_795/ide/tools/bin/../lib/gcc/arm-none-eabi/7.2.1/../../../../arm-none-eabi/lib/thumb/v7-m\libcr_c.a(_deferredlazyseek.o) (_Cwritebuf)
c:/nxp/mcuxpressoide_10.2.1_795/ide/tools/bin/../lib/gcc/arm-none-eabi/7.2.1/../../../../arm-none-eabi/lib/thumb/v7-m\libcr_c.a(alloc.o)
                              c:/nxp/mcuxpressoide_10.2.1_795/ide/tools/bin/../lib/gcc/arm-none-eabi/7.2.1/../../../../arm-none-eabi/lib/thumb/v7-m\libcr_c.a(fpprintf.o) (malloc)
c:/nxp/mcuxpressoide_10.2.1_795/ide/tools/bin/../lib/gcc/arm-none-eabi/7.2.1/../../../../arm-none-eabi/lib/thumb/v7-m\libcr_c.a(errno.o)
                              c:/nxp/mcuxpressoide_10.2.1_795/ide/tools/bin/../lib/gcc/arm-none-eabi/7.2.1/../../../../arm-none-eabi/lib/thumb/v7-m\libcr_c.a(_ldexpl.o) (errno)
c:/nxp/mcuxpressoide_10.2.1_795/ide/tools/bin/../lib/gcc/arm-none-eabi/7.2.1/../../../../arm-none-eabi/lib/thumb/v7-m\libcr_c.a(fclose.o)
                              c:/nxp/mcuxpressoide_10.2.1_795/ide/tools/bin/../lib/gcc/arm-none-eabi/7.2.1/../../../../arm-none-eabi/lib/thumb/v7-m\libcr_c.a(initio.o) (fclose)
c:/nxp/mcuxpressoide_10.2.1_795/ide/tools/bin/../lib/gcc/arm-none-eabi/7.2.1/../../../../arm-none-eabi/lib/thumb/v7-m\libcr_c.a(fflush.o)
                              c:/nxp/mcuxpressoide_10.2.1_795/ide/tools/bin/../lib/gcc/arm-none-eabi/7.2.1/../../../../arm-none-eabi/lib/thumb/v7-m\libcr_c.a(fclose.o) (fflush)
c:/nxp/mcuxpressoide_10.2.1_795/ide/tools/bin/../lib/gcc/arm-none-eabi/7.2.1/../../../../arm-none-eabi/lib/thumb/v7-m\libcr_c.a(fseek.o)
                              c:/nxp/mcuxpressoide_10.2.1_795/ide/tools/bin/../lib/gcc/arm-none-eabi/7.2.1/../../../../arm-none-eabi/lib/thumb/v7-m\libcr_c.a(_deferredlazyseek.o) (fseek)
c:/nxp/mcuxpressoide_10.2.1_795/ide/tools/bin/../lib/gcc/arm-none-eabi/7.2.1/../../../../arm-none-eabi/lib/thumb/v7-m\libcr_c.a(ftell.o)
                              c:/nxp/mcuxpressoide_10.2.1_795/ide/tools/bin/../lib/gcc/arm-none-eabi/7.2.1/../../../../arm-none-eabi/lib/thumb/v7-m\libcr_c.a(fseek.o) (ftell)
c:/nxp/mcuxpressoide_10.2.1_795/ide/tools/bin/../lib/gcc/arm-none-eabi/7.2.1/../../../../arm-none-eabi/lib/thumb/v7-m\libcr_c.a(remove.o)
                              c:/nxp/mcuxpressoide_10.2.1_795/ide/tools/bin/../lib/gcc/arm-none-eabi/7.2.1/../../../../arm-none-eabi/lib/thumb/v7-m\libcr_c.a(fclose.o) (remove)
c:/nxp/mcuxpressoide_10.2.1_795/ide/tools/bin/../lib/gcc/arm-none-eabi/7.2.1/../../../../arm-none-eabi/lib/thumb/v7-m\libcr_c.a(memcpy.o)
                              c:/nxp/mcuxpressoide_10.2.1_795/ide/tools/bin/../lib/gcc/arm-none-eabi/7.2.1/../../../../arm-none-eabi/lib/thumb/v7-m\libcr_c.a(alloc.o) (memcpy)
c:/nxp/mcuxpressoide_10.2.1_795/ide/tools/bin/../lib/gcc/arm-none-eabi/7.2.1/../../../../arm-none-eabi/lib/thumb/v7-m\libcr_c.a(__init_alloc.o)
                              c:/nxp/mcuxpressoide_10.2.1_795/ide/tools/bin/../lib/gcc/arm-none-eabi/7.2.1/../../../../arm-none-eabi/lib/thumb/v7-m\libcr_c.a(alloc.o) (__heaps)
c:/nxp/mcuxpressoide_10.2.1_795/ide/tools/bin/../lib/gcc/arm-none-eabi/7.2.1/../../../../arm-none-eabi/lib/thumb/v7-m\libcr_c.a(_cr_sbrk.o)
                              c:/nxp/mcuxpressoide_10.2.1_795/ide/tools/bin/../lib/gcc/arm-none-eabi/7.2.1/../../../../arm-none-eabi/lib/thumb/v7-m\libcr_c.a(alloc.o) (_sbrk)
c:/nxp/mcuxpressoide_10.2.1_795/ide/tools/bin/../lib/gcc/arm-none-eabi/7.2.1/../../../../arm-none-eabi/lib/thumb/v7-m\libcr_c.a(_do_fflush.o)
                              c:/nxp/mcuxpressoide_10.2.1_795/ide/tools/bin/../lib/gcc/arm-none-eabi/7.2.1/../../../../arm-none-eabi/lib/thumb/v7-m\libcr_c.a(fflush.o) (_do_fflush)
c:/nxp/mcuxpressoide_10.2.1_795/ide/tools/bin/../lib/gcc/arm-none-eabi/7.2.1/../../../../arm-none-eabi/lib/thumb/v7-m\libcr_c.a(_hugeval.o)
                              c:/nxp/mcuxpressoide_10.2.1_795/ide/tools/bin/../lib/gcc/arm-none-eabi/7.2.1/../../../../arm-none-eabi/lib/thumb/v7-m\libcr_c.a(_ldexpl.o) (__huge_vall)
c:/nxp/mcuxpressoide_10.2.1_795/ide/tools/bin/../lib/gcc/arm-none-eabi/7.2.1/../../../../arm-none-eabi/lib/thumb/v7-m\libcr_c.a(_cr_check_heap.o)
                              c:/nxp/mcuxpressoide_10.2.1_795/ide/tools/bin/../lib/gcc/arm-none-eabi/7.2.1/../../../../arm-none-eabi/lib/thumb/v7-m\libcr_c.a(_cr_sbrk.o) (__check_heap_overflow)
c:/nxp/mcuxpressoide_10.2.1_795/ide/tools/bin/../lib/gcc/arm-none-eabi/7.2.1/thumb/v7-m\libcr_eabihelpers.a(division_64.o)
                              C:\SE\CMSIS_CORE_LPC17xx\Debug\libCMSIS_CORE_LPC17xx.a(system_LPC17xx.o) (__aeabi_ldivmod)
c:/nxp/mcuxpressoide_10.2.1_795/ide/tools/bin/../lib/gcc/arm-none-eabi/7.2.1/thumb/v7-m\libcr_eabihelpers.a(division_idiv0.o)
                              c:/nxp/mcuxpressoide_10.2.1_795/ide/tools/bin/../lib/gcc/arm-none-eabi/7.2.1/thumb/v7-m\libcr_eabihelpers.a(division_64.o) (__aeabi_idiv0)
c:/nxp/mcuxpressoide_10.2.1_795/ide/tools/bin/../lib/gcc/arm-none-eabi/7.2.1/thumb/v7-m\libcr_eabihelpers.a(double.o)
                              c:/nxp/mcuxpressoide_10.2.1_795/ide/tools/bin/../lib/gcc/arm-none-eabi/7.2.1/../../../../arm-none-eabi/lib/thumb/v7-m\libcr_c.a(fpprintf.o) (__aeabi_dmul)
c:/nxp/mcuxpressoide_10.2.1_795/ide/tools/bin/../lib/gcc/arm-none-eabi/7.2.1/thumb/v7-m\libcr_eabihelpers.a(memcpy.o)
                              c:/nxp/mcuxpressoide_10.2.1_795/ide/tools/bin/../lib/gcc/arm-none-eabi/7.2.1/../../../../arm-none-eabi/lib/thumb/v7-m\libcr_c.a(memcpy.o) (__aeabi_memcpy)
c:/nxp/mcuxpressoide_10.2.1_795/ide/tools/bin/../lib/gcc/arm-none-eabi/7.2.1/../../../../arm-none-eabi/lib/thumb/v7-m\libcr_semihost.a(__ciob.o)
                              c:/nxp/mcuxpressoide_10.2.1_795/ide/tools/bin/../lib/gcc/arm-none-eabi/7.2.1/../../../../arm-none-eabi/lib/thumb/v7-m\libcr_c.a(fpprintf.o) (__Ciob)
c:/nxp/mcuxpressoide_10.2.1_795/ide/tools/bin/../lib/gcc/arm-none-eabi/7.2.1/../../../../arm-none-eabi/lib/thumb/v7-m\libcr_semihost.a(__sys_appexit.o)
                              c:/nxp/mcuxpressoide_10.2.1_795/ide/tools/bin/../lib/gcc/arm-none-eabi/7.2.1/../../../../arm-none-eabi/lib/thumb/v7-m\libcr_c.a(alloc.o) (__sys_appexit)
c:/nxp/mcuxpressoide_10.2.1_795/ide/tools/bin/../lib/gcc/arm-none-eabi/7.2.1/../../../../arm-none-eabi/lib/thumb/v7-m\libcr_semihost.a(__sys_close.o)
                              c:/nxp/mcuxpressoide_10.2.1_795/ide/tools/bin/../lib/gcc/arm-none-eabi/7.2.1/../../../../arm-none-eabi/lib/thumb/v7-m\libcr_c.a(fclose.o) (__sys_close)
c:/nxp/mcuxpressoide_10.2.1_795/ide/tools/bin/../lib/gcc/arm-none-eabi/7.2.1/../../../../arm-none-eabi/lib/thumb/v7-m\libcr_semihost.a(__sys_flen.o)
                              c:/nxp/mcuxpressoide_10.2.1_795/ide/tools/bin/../lib/gcc/arm-none-eabi/7.2.1/../../../../arm-none-eabi/lib/thumb/v7-m\libcr_c.a(_writebuf.o) (__sys_flen)
c:/nxp/mcuxpressoide_10.2.1_795/ide/tools/bin/../lib/gcc/arm-none-eabi/7.2.1/../../../../arm-none-eabi/lib/thumb/v7-m\libcr_semihost.a(__sys_istty.o)
                              c:/nxp/mcuxpressoide_10.2.1_795/ide/tools/bin/../lib/gcc/arm-none-eabi/7.2.1/../../../../arm-none-eabi/lib/thumb/v7-m\libcr_c.a(_deferredlazyseek.o) (__sys_istty)
c:/nxp/mcuxpressoide_10.2.1_795/ide/tools/bin/../lib/gcc/arm-none-eabi/7.2.1/../../../../arm-none-eabi/lib/thumb/v7-m\libcr_semihost.a(__sys_remove.o)
                              c:/nxp/mcuxpressoide_10.2.1_795/ide/tools/bin/../lib/gcc/arm-none-eabi/7.2.1/../../../../arm-none-eabi/lib/thumb/v7-m\libcr_c.a(remove.o) (__sys_remove)
c:/nxp/mcuxpressoide_10.2.1_795/ide/tools/bin/../lib/gcc/arm-none-eabi/7.2.1/../../../../arm-none-eabi/lib/thumb/v7-m\libcr_semihost.a(__sys_rename.o)
                              c:/nxp/mcuxpressoide_10.2.1_795/ide/tools/bin/../lib/gcc/arm-none-eabi/7.2.1/../../../../arm-none-eabi/lib/thumb/v7-m\libcr_c.a(remove.o) (__sys_rename)
c:/nxp/mcuxpressoide_10.2.1_795/ide/tools/bin/../lib/gcc/arm-none-eabi/7.2.1/../../../../arm-none-eabi/lib/thumb/v7-m\libcr_semihost.a(__sys_seek.o)
                              c:/nxp/mcuxpressoide_10.2.1_795/ide/tools/bin/../lib/gcc/arm-none-eabi/7.2.1/../../../../arm-none-eabi/lib/thumb/v7-m\libcr_c.a(_writebuf.o) (__sys_seek)
c:/nxp/mcuxpressoide_10.2.1_795/ide/tools/bin/../lib/gcc/arm-none-eabi/7.2.1/../../../../arm-none-eabi/lib/thumb/v7-m\libcr_semihost.a(__sys_tmpnam.o)
                              c:/nxp/mcuxpressoide_10.2.1_795/ide/tools/bin/../lib/gcc/arm-none-eabi/7.2.1/../../../../arm-none-eabi/lib/thumb/v7-m\libcr_c.a(fclose.o) (__sys_tmpnam)
c:/nxp/mcuxpressoide_10.2.1_795/ide/tools/bin/../lib/gcc/arm-none-eabi/7.2.1/../../../../arm-none-eabi/lib/thumb/v7-m\libcr_semihost.a(__sys_write.o)
                              c:/nxp/mcuxpressoide_10.2.1_795/ide/tools/bin/../lib/gcc/arm-none-eabi/7.2.1/../../../../arm-none-eabi/lib/thumb/v7-m\libcr_c.a(fpprintf.o) (__sys_write)

Discarded input sections

 .group         0x00000000        0xc ./src/Lab_3.o
 .group         0x00000000        0xc ./src/Lab_3.o
 .group         0x00000000        0xc ./src/Lab_3.o
 .group         0x00000000        0xc ./src/Lab_3.o
 .group         0x00000000        0xc ./src/Lab_3.o
 .group         0x00000000        0xc ./src/Lab_3.o
 .group         0x00000000        0xc ./src/Lab_3.o
 .group         0x00000000        0xc ./src/Lab_3.o
 .group         0x00000000        0xc ./src/Lab_3.o
 .group         0x00000000        0xc ./src/Lab_3.o
 .group         0x00000000        0xc ./src/Lab_3.o
 .text          0x00000000        0x0 ./src/Lab_3.o
 .data          0x00000000        0x0 ./src/Lab_3.o
 .bss           0x00000000        0x0 ./src/Lab_3.o
 .group         0x00000000        0xc ./src/cr_startup_lpc175x_6x.o
 .text          0x00000000        0x0 ./src/cr_startup_lpc175x_6x.o
 .data          0x00000000        0x0 ./src/cr_startup_lpc175x_6x.o
 .bss           0x00000000        0x0 ./src/cr_startup_lpc175x_6x.o
 .debug_macro   0x00000000      0xa6c ./src/cr_startup_lpc175x_6x.o
 .group         0x00000000        0xc ./src/crp.o
 .group         0x00000000        0xc ./src/crp.o
 .text          0x00000000        0x0 ./src/crp.o
 .data          0x00000000        0x0 ./src/crp.o
 .bss           0x00000000        0x0 ./src/crp.o
 .debug_macro   0x00000000      0xa6c ./src/crp.o
 .group         0x00000000        0xc C:\SE\SE1819\Debug\libSE1819.a(lcd.o)
 .group         0x00000000        0xc C:\SE\SE1819\Debug\libSE1819.a(lcd.o)
 .group         0x00000000        0xc C:\SE\SE1819\Debug\libSE1819.a(lcd.o)
 .group         0x00000000        0xc C:\SE\SE1819\Debug\libSE1819.a(lcd.o)
 .group         0x00000000        0xc C:\SE\SE1819\Debug\libSE1819.a(lcd.o)
 .group         0x00000000        0xc C:\SE\SE1819\Debug\libSE1819.a(lcd.o)
 .group         0x00000000        0xc C:\SE\SE1819\Debug\libSE1819.a(lcd.o)
 .group         0x00000000        0xc C:\SE\SE1819\Debug\libSE1819.a(lcd.o)
 .group         0x00000000        0xc C:\SE\SE1819\Debug\libSE1819.a(lcd.o)
 .group         0x00000000        0xc C:\SE\SE1819\Debug\libSE1819.a(lcd.o)
 .group         0x00000000        0xc C:\SE\SE1819\Debug\libSE1819.a(lcd.o)
 .group         0x00000000        0xc C:\SE\SE1819\Debug\libSE1819.a(lcd.o)
 .text          0x00000000        0x0 C:\SE\SE1819\Debug\libSE1819.a(lcd.o)
 .data          0x00000000        0x0 C:\SE\SE1819\Debug\libSE1819.a(lcd.o)
 .bss           0x00000000        0x0 C:\SE\SE1819\Debug\libSE1819.a(lcd.o)
 .debug_macro   0x00000000       0x10 C:\SE\SE1819\Debug\libSE1819.a(lcd.o)
 .debug_macro   0x00000000      0x12d C:\SE\SE1819\Debug\libSE1819.a(lcd.o)
 .debug_macro   0x00000000       0xa0 C:\SE\SE1819\Debug\libSE1819.a(lcd.o)
 .debug_macro   0x00000000       0x1c C:\SE\SE1819\Debug\libSE1819.a(lcd.o)
 .debug_macro   0x00000000       0x3a C:\SE\SE1819\Debug\libSE1819.a(lcd.o)
 .debug_macro   0x00000000      0x5b2 C:\SE\SE1819\Debug\libSE1819.a(lcd.o)
 .debug_macro   0x00000000       0x2d C:\SE\SE1819\Debug\libSE1819.a(lcd.o)
 .debug_macro   0x00000000      0xbb1 C:\SE\SE1819\Debug\libSE1819.a(lcd.o)
 .debug_macro   0x00000000      0x2c7 C:\SE\SE1819\Debug\libSE1819.a(lcd.o)
 .group         0x00000000        0xc C:\SE\SE1819\Debug\libSE1819.a(wait.o)
 .group         0x00000000        0xc C:\SE\SE1819\Debug\libSE1819.a(wait.o)
 .group         0x00000000        0xc C:\SE\SE1819\Debug\libSE1819.a(wait.o)
 .group         0x00000000        0xc C:\SE\SE1819\Debug\libSE1819.a(wait.o)
 .group         0x00000000        0xc C:\SE\SE1819\Debug\libSE1819.a(wait.o)
 .group         0x00000000        0xc C:\SE\SE1819\Debug\libSE1819.a(wait.o)
 .group         0x00000000        0xc C:\SE\SE1819\Debug\libSE1819.a(wait.o)
 .group         0x00000000        0xc C:\SE\SE1819\Debug\libSE1819.a(wait.o)
 .group         0x00000000        0xc C:\SE\SE1819\Debug\libSE1819.a(wait.o)
 .text          0x00000000        0x0 C:\SE\SE1819\Debug\libSE1819.a(wait.o)
 .data          0x00000000        0x0 C:\SE\SE1819\Debug\libSE1819.a(wait.o)
 .bss           0x00000000        0x0 C:\SE\SE1819\Debug\libSE1819.a(wait.o)
 .debug_macro   0x00000000      0xa6c C:\SE\SE1819\Debug\libSE1819.a(wait.o)
 .debug_macro   0x00000000       0x1c C:\SE\SE1819\Debug\libSE1819.a(wait.o)
 .debug_macro   0x00000000       0x3a C:\SE\SE1819\Debug\libSE1819.a(wait.o)
 .debug_macro   0x00000000       0x10 C:\SE\SE1819\Debug\libSE1819.a(wait.o)
 .debug_macro   0x00000000      0x12d C:\SE\SE1819\Debug\libSE1819.a(wait.o)
 .debug_macro   0x00000000      0x5b2 C:\SE\SE1819\Debug\libSE1819.a(wait.o)
 .debug_macro   0x00000000       0x2d C:\SE\SE1819\Debug\libSE1819.a(wait.o)
 .debug_macro   0x00000000      0xbb1 C:\SE\SE1819\Debug\libSE1819.a(wait.o)
 .debug_macro   0x00000000      0x2c7 C:\SE\SE1819\Debug\libSE1819.a(wait.o)
 .group         0x00000000        0xc C:\SE\CMSIS_CORE_LPC17xx\Debug\libCMSIS_CORE_LPC17xx.a(system_LPC17xx.o)
 .group         0x00000000        0xc C:\SE\CMSIS_CORE_LPC17xx\Debug\libCMSIS_CORE_LPC17xx.a(system_LPC17xx.o)
 .group         0x00000000        0xc C:\SE\CMSIS_CORE_LPC17xx\Debug\libCMSIS_CORE_LPC17xx.a(system_LPC17xx.o)
 .group         0x00000000        0xc C:\SE\CMSIS_CORE_LPC17xx\Debug\libCMSIS_CORE_LPC17xx.a(system_LPC17xx.o)
 .group         0x00000000        0xc C:\SE\CMSIS_CORE_LPC17xx\Debug\libCMSIS_CORE_LPC17xx.a(system_LPC17xx.o)
 .group         0x00000000        0xc C:\SE\CMSIS_CORE_LPC17xx\Debug\libCMSIS_CORE_LPC17xx.a(system_LPC17xx.o)
 .group         0x00000000        0xc C:\SE\CMSIS_CORE_LPC17xx\Debug\libCMSIS_CORE_LPC17xx.a(system_LPC17xx.o)
 .group         0x00000000        0xc C:\SE\CMSIS_CORE_LPC17xx\Debug\libCMSIS_CORE_LPC17xx.a(system_LPC17xx.o)
 .group         0x00000000        0xc C:\SE\CMSIS_CORE_LPC17xx\Debug\libCMSIS_CORE_LPC17xx.a(system_LPC17xx.o)
 .text          0x00000000        0x0 C:\SE\CMSIS_CORE_LPC17xx\Debug\libCMSIS_CORE_LPC17xx.a(system_LPC17xx.o)
 .data          0x00000000        0x0 C:\SE\CMSIS_CORE_LPC17xx\Debug\libCMSIS_CORE_LPC17xx.a(system_LPC17xx.o)
 .bss           0x00000000        0x0 C:\SE\CMSIS_CORE_LPC17xx\Debug\libCMSIS_CORE_LPC17xx.a(system_LPC17xx.o)
 .text.SystemCoreClockUpdate
                0x00000000       0xb8 C:\SE\CMSIS_CORE_LPC17xx\Debug\libCMSIS_CORE_LPC17xx.a(system_LPC17xx.o)
 .debug_macro   0x00000000       0x10 C:\SE\CMSIS_CORE_LPC17xx\Debug\libCMSIS_CORE_LPC17xx.a(system_LPC17xx.o)
 .debug_macro   0x00000000      0x12d C:\SE\CMSIS_CORE_LPC17xx\Debug\libCMSIS_CORE_LPC17xx.a(system_LPC17xx.o)
 .debug_macro   0x00000000      0x5b2 C:\SE\CMSIS_CORE_LPC17xx\Debug\libCMSIS_CORE_LPC17xx.a(system_LPC17xx.o)
 .debug_macro   0x00000000       0x1c C:\SE\CMSIS_CORE_LPC17xx\Debug\libCMSIS_CORE_LPC17xx.a(system_LPC17xx.o)
 .debug_macro   0x00000000       0x3a C:\SE\CMSIS_CORE_LPC17xx\Debug\libCMSIS_CORE_LPC17xx.a(system_LPC17xx.o)
 .debug_macro   0x00000000       0x2d C:\SE\CMSIS_CORE_LPC17xx\Debug\libCMSIS_CORE_LPC17xx.a(system_LPC17xx.o)
 .debug_macro   0x00000000      0xbb1 C:\SE\CMSIS_CORE_LPC17xx\Debug\libCMSIS_CORE_LPC17xx.a(system_LPC17xx.o)
 .debug_macro   0x00000000      0x2c7 C:\SE\CMSIS_CORE_LPC17xx\Debug\libCMSIS_CORE_LPC17xx.a(system_LPC17xx.o)
 .text          0x00000000        0x0 c:/nxp/mcuxpressoide_10.2.1_795/ide/tools/bin/../lib/gcc/arm-none-eabi/7.2.1/../../../../arm-none-eabi/lib/thumb/v7-m\libcr_semihost.a(_cr__main.o)
 .data          0x00000000        0x0 c:/nxp/mcuxpressoide_10.2.1_795/ide/tools/bin/../lib/gcc/arm-none-eabi/7.2.1/../../../../arm-none-eabi/lib/thumb/v7-m\libcr_semihost.a(_cr__main.o)
 .bss           0x00000000        0x0 c:/nxp/mcuxpressoide_10.2.1_795/ide/tools/bin/../lib/gcc/arm-none-eabi/7.2.1/../../../../arm-none-eabi/lib/thumb/v7-m\libcr_semihost.a(_cr__main.o)
 .text          0x00000000        0x0 c:/nxp/mcuxpressoide_10.2.1_795/ide/tools/bin/../lib/gcc/arm-none-eabi/7.2.1/../../../../arm-none-eabi/lib/thumb/v7-m\libcr_c.a(fpprintf.o)
 .data          0x00000000        0x0 c:/nxp/mcuxpressoide_10.2.1_795/ide/tools/bin/../lib/gcc/arm-none-eabi/7.2.1/../../../../arm-none-eabi/lib/thumb/v7-m\libcr_c.a(fpprintf.o)
 .bss           0x00000000        0x0 c:/nxp/mcuxpressoide_10.2.1_795/ide/tools/bin/../lib/gcc/arm-none-eabi/7.2.1/../../../../arm-none-eabi/lib/thumb/v7-m\libcr_c.a(fpprintf.o)
 .text.fprintf  0x00000000       0x30 c:/nxp/mcuxpressoide_10.2.1_795/ide/tools/bin/../lib/gcc/arm-none-eabi/7.2.1/../../../../arm-none-eabi/lib/thumb/v7-m\libcr_c.a(fpprintf.o)
 .text.printf_char
                0x00000000       0x34 c:/nxp/mcuxpressoide_10.2.1_795/ide/tools/bin/../lib/gcc/arm-none-eabi/7.2.1/../../../../arm-none-eabi/lib/thumb/v7-m\libcr_c.a(fpprintf.o)
 .text.snprintf
                0x00000000       0x68 c:/nxp/mcuxpressoide_10.2.1_795/ide/tools/bin/../lib/gcc/arm-none-eabi/7.2.1/../../../../arm-none-eabi/lib/thumb/v7-m\libcr_c.a(fpprintf.o)
 .text.vfprintf
                0x00000000       0x20 c:/nxp/mcuxpressoide_10.2.1_795/ide/tools/bin/../lib/gcc/arm-none-eabi/7.2.1/../../../../arm-none-eabi/lib/thumb/v7-m\libcr_c.a(fpprintf.o)
 .text.vprintf  0x00000000       0x28 c:/nxp/mcuxpressoide_10.2.1_795/ide/tools/bin/../lib/gcc/arm-none-eabi/7.2.1/../../../../arm-none-eabi/lib/thumb/v7-m\libcr_c.a(fpprintf.o)
 .text          0x00000000        0x0 c:/nxp/mcuxpressoide_10.2.1_795/ide/tools/bin/../lib/gcc/arm-none-eabi/7.2.1/../../../../arm-none-eabi/lib/thumb/v7-m\libcr_c.a(initio.o)
 .data          0x00000000        0x0 c:/nxp/mcuxpressoide_10.2.1_795/ide/tools/bin/../lib/gcc/arm-none-eabi/7.2.1/../../../../arm-none-eabi/lib/thumb/v7-m\libcr_c.a(initio.o)
 .bss           0x00000000        0x0 c:/nxp/mcuxpressoide_10.2.1_795/ide/tools/bin/../lib/gcc/arm-none-eabi/7.2.1/../../../../arm-none-eabi/lib/thumb/v7-m\libcr_c.a(initio.o)
 .text._terminateio
                0x00000000       0x50 c:/nxp/mcuxpressoide_10.2.1_795/ide/tools/bin/../lib/gcc/arm-none-eabi/7.2.1/../../../../arm-none-eabi/lib/thumb/v7-m\libcr_c.a(initio.o)
 .text          0x00000000        0x0 c:/nxp/mcuxpressoide_10.2.1_795/ide/tools/bin/../lib/gcc/arm-none-eabi/7.2.1/../../../../arm-none-eabi/lib/thumb/v7-m\libcr_c.a(printf.o)
 .data          0x00000000        0x0 c:/nxp/mcuxpressoide_10.2.1_795/ide/tools/bin/../lib/gcc/arm-none-eabi/7.2.1/../../../../arm-none-eabi/lib/thumb/v7-m\libcr_c.a(printf.o)
 .bss           0x00000000        0x0 c:/nxp/mcuxpressoide_10.2.1_795/ide/tools/bin/../lib/gcc/arm-none-eabi/7.2.1/../../../../arm-none-eabi/lib/thumb/v7-m\libcr_c.a(printf.o)
 .text.no_fp_display
                0x00000000        0x4 c:/nxp/mcuxpressoide_10.2.1_795/ide/tools/bin/../lib/gcc/arm-none-eabi/7.2.1/../../../../arm-none-eabi/lib/thumb/v7-m\libcr_c.a(printf.o)
 .text._fprintf
                0x00000000       0x30 c:/nxp/mcuxpressoide_10.2.1_795/ide/tools/bin/../lib/gcc/arm-none-eabi/7.2.1/../../../../arm-none-eabi/lib/thumb/v7-m\libcr_c.a(printf.o)
 .text._printf_char
                0x00000000       0x34 c:/nxp/mcuxpressoide_10.2.1_795/ide/tools/bin/../lib/gcc/arm-none-eabi/7.2.1/../../../../arm-none-eabi/lib/thumb/v7-m\libcr_c.a(printf.o)
 .text._sprintf
                0x00000000       0x6c c:/nxp/mcuxpressoide_10.2.1_795/ide/tools/bin/../lib/gcc/arm-none-eabi/7.2.1/../../../../arm-none-eabi/lib/thumb/v7-m\libcr_c.a(printf.o)
 .text._snprintf
                0x00000000       0x68 c:/nxp/mcuxpressoide_10.2.1_795/ide/tools/bin/../lib/gcc/arm-none-eabi/7.2.1/../../../../arm-none-eabi/lib/thumb/v7-m\libcr_c.a(printf.o)
 .text._vfprintf
                0x00000000       0x20 c:/nxp/mcuxpressoide_10.2.1_795/ide/tools/bin/../lib/gcc/arm-none-eabi/7.2.1/../../../../arm-none-eabi/lib/thumb/v7-m\libcr_c.a(printf.o)
 .text._vprintf
                0x00000000       0x28 c:/nxp/mcuxpressoide_10.2.1_795/ide/tools/bin/../lib/gcc/arm-none-eabi/7.2.1/../../../../arm-none-eabi/lib/thumb/v7-m\libcr_c.a(printf.o)
 .text._vsprintf
                0x00000000       0x5c c:/nxp/mcuxpressoide_10.2.1_795/ide/tools/bin/../lib/gcc/arm-none-eabi/7.2.1/../../../../arm-none-eabi/lib/thumb/v7-m\libcr_c.a(printf.o)
 .text._vsnprintf
                0x00000000       0x5c c:/nxp/mcuxpressoide_10.2.1_795/ide/tools/bin/../lib/gcc/arm-none-eabi/7.2.1/../../../../arm-none-eabi/lib/thumb/v7-m\libcr_c.a(printf.o)
 .text._printf  0x00000000       0x54 c:/nxp/mcuxpressoide_10.2.1_795/ide/tools/bin/../lib/gcc/arm-none-eabi/7.2.1/../../../../arm-none-eabi/lib/thumb/v7-m\libcr_c.a(printf.o)
 .text          0x00000000        0x0 c:/nxp/mcuxpressoide_10.2.1_795/ide/tools/bin/../lib/gcc/arm-none-eabi/7.2.1/../../../../arm-none-eabi/lib/thumb/v7-m\libcr_c.a(setvbuf.o)
 .data          0x00000000        0x0 c:/nxp/mcuxpressoide_10.2.1_795/ide/tools/bin/../lib/gcc/arm-none-eabi/7.2.1/../../../../arm-none-eabi/lib/thumb/v7-m\libcr_c.a(setvbuf.o)
 .bss           0x00000000        0x0 c:/nxp/mcuxpressoide_10.2.1_795/ide/tools/bin/../lib/gcc/arm-none-eabi/7.2.1/../../../../arm-none-eabi/lib/thumb/v7-m\libcr_c.a(setvbuf.o)
 .text          0x00000000        0x0 c:/nxp/mcuxpressoide_10.2.1_795/ide/tools/bin/../lib/gcc/arm-none-eabi/7.2.1/../../../../arm-none-eabi/lib/thumb/v7-m\libcr_c.a(strlen.o)
 .data          0x00000000        0x0 c:/nxp/mcuxpressoide_10.2.1_795/ide/tools/bin/../lib/gcc/arm-none-eabi/7.2.1/../../../../arm-none-eabi/lib/thumb/v7-m\libcr_c.a(strlen.o)
 .bss           0x00000000        0x0 c:/nxp/mcuxpressoide_10.2.1_795/ide/tools/bin/../lib/gcc/arm-none-eabi/7.2.1/../../../../arm-none-eabi/lib/thumb/v7-m\libcr_c.a(strlen.o)
 .text          0x00000000        0x0 c:/nxp/mcuxpressoide_10.2.1_795/ide/tools/bin/../lib/gcc/arm-none-eabi/7.2.1/../../../../arm-none-eabi/lib/thumb/v7-m\libcr_c.a(memset.o)
 .data          0x00000000        0x0 c:/nxp/mcuxpressoide_10.2.1_795/ide/tools/bin/../lib/gcc/arm-none-eabi/7.2.1/../../../../arm-none-eabi/lib/thumb/v7-m\libcr_c.a(memset.o)
 .bss           0x00000000        0x0 c:/nxp/mcuxpressoide_10.2.1_795/ide/tools/bin/../lib/gcc/arm-none-eabi/7.2.1/../../../../arm-none-eabi/lib/thumb/v7-m\libcr_c.a(memset.o)
 .text          0x00000000        0x0 c:/nxp/mcuxpressoide_10.2.1_795/ide/tools/bin/../lib/gcc/arm-none-eabi/7.2.1/../../../../arm-none-eabi/lib/thumb/v7-m\libcr_c.a(_deferredlazyseek.o)
 .data          0x00000000        0x0 c:/nxp/mcuxpressoide_10.2.1_795/ide/tools/bin/../lib/gcc/arm-none-eabi/7.2.1/../../../../arm-none-eabi/lib/thumb/v7-m\libcr_c.a(_deferredlazyseek.o)
 .bss           0x00000000        0x0 c:/nxp/mcuxpressoide_10.2.1_795/ide/tools/bin/../lib/gcc/arm-none-eabi/7.2.1/../../../../arm-none-eabi/lib/thumb/v7-m\libcr_c.a(_deferredlazyseek.o)
 .text          0x00000000        0x0 c:/nxp/mcuxpressoide_10.2.1_795/ide/tools/bin/../lib/gcc/arm-none-eabi/7.2.1/../../../../arm-none-eabi/lib/thumb/v7-m\libcr_c.a(_fdopen.o)
 .data          0x00000000        0x0 c:/nxp/mcuxpressoide_10.2.1_795/ide/tools/bin/../lib/gcc/arm-none-eabi/7.2.1/../../../../arm-none-eabi/lib/thumb/v7-m\libcr_c.a(_fdopen.o)
 .bss           0x00000000        0x0 c:/nxp/mcuxpressoide_10.2.1_795/ide/tools/bin/../lib/gcc/arm-none-eabi/7.2.1/../../../../arm-none-eabi/lib/thumb/v7-m\libcr_c.a(_fdopen.o)
 .text          0x00000000        0x0 c:/nxp/mcuxpressoide_10.2.1_795/ide/tools/bin/../lib/gcc/arm-none-eabi/7.2.1/../../../../arm-none-eabi/lib/thumb/v7-m\libcr_c.a(_fflush.o)
 .data          0x00000000        0x0 c:/nxp/mcuxpressoide_10.2.1_795/ide/tools/bin/../lib/gcc/arm-none-eabi/7.2.1/../../../../arm-none-eabi/lib/thumb/v7-m\libcr_c.a(_fflush.o)
 .bss           0x00000000        0x0 c:/nxp/mcuxpressoide_10.2.1_795/ide/tools/bin/../lib/gcc/arm-none-eabi/7.2.1/../../../../arm-none-eabi/lib/thumb/v7-m\libcr_c.a(_fflush.o)
 .text          0x00000000        0x0 c:/nxp/mcuxpressoide_10.2.1_795/ide/tools/bin/../lib/gcc/arm-none-eabi/7.2.1/../../../../arm-none-eabi/lib/thumb/v7-m\libcr_c.a(_frexpl.o)
 .data          0x00000000        0x0 c:/nxp/mcuxpressoide_10.2.1_795/ide/tools/bin/../lib/gcc/arm-none-eabi/7.2.1/../../../../arm-none-eabi/lib/thumb/v7-m\libcr_c.a(_frexpl.o)
 .bss           0x00000000        0x0 c:/nxp/mcuxpressoide_10.2.1_795/ide/tools/bin/../lib/gcc/arm-none-eabi/7.2.1/../../../../arm-none-eabi/lib/thumb/v7-m\libcr_c.a(_frexpl.o)
 .text          0x00000000        0x0 c:/nxp/mcuxpressoide_10.2.1_795/ide/tools/bin/../lib/gcc/arm-none-eabi/7.2.1/../../../../arm-none-eabi/lib/thumb/v7-m\libcr_c.a(_ldexpl.o)
 .data          0x00000000        0x0 c:/nxp/mcuxpressoide_10.2.1_795/ide/tools/bin/../lib/gcc/arm-none-eabi/7.2.1/../../../../arm-none-eabi/lib/thumb/v7-m\libcr_c.a(_ldexpl.o)
 .bss           0x00000000        0x0 c:/nxp/mcuxpressoide_10.2.1_795/ide/tools/bin/../lib/gcc/arm-none-eabi/7.2.1/../../../../arm-none-eabi/lib/thumb/v7-m\libcr_c.a(_ldexpl.o)
 .text          0x00000000        0x0 c:/nxp/mcuxpressoide_10.2.1_795/ide/tools/bin/../lib/gcc/arm-none-eabi/7.2.1/../../../../arm-none-eabi/lib/thumb/v7-m\libcr_c.a(_writebuf.o)
 .data          0x00000000        0x0 c:/nxp/mcuxpressoide_10.2.1_795/ide/tools/bin/../lib/gcc/arm-none-eabi/7.2.1/../../../../arm-none-eabi/lib/thumb/v7-m\libcr_c.a(_writebuf.o)
 .bss           0x00000000        0x0 c:/nxp/mcuxpressoide_10.2.1_795/ide/tools/bin/../lib/gcc/arm-none-eabi/7.2.1/../../../../arm-none-eabi/lib/thumb/v7-m\libcr_c.a(_writebuf.o)
 .text          0x00000000        0x0 c:/nxp/mcuxpressoide_10.2.1_795/ide/tools/bin/../lib/gcc/arm-none-eabi/7.2.1/../../../../arm-none-eabi/lib/thumb/v7-m\libcr_c.a(alloc.o)
 .data          0x00000000        0x0 c:/nxp/mcuxpressoide_10.2.1_795/ide/tools/bin/../lib/gcc/arm-none-eabi/7.2.1/../../../../arm-none-eabi/lib/thumb/v7-m\libcr_c.a(alloc.o)
 .bss           0x00000000        0x0 c:/nxp/mcuxpressoide_10.2.1_795/ide/tools/bin/../lib/gcc/arm-none-eabi/7.2.1/../../../../arm-none-eabi/lib/thumb/v7-m\libcr_c.a(alloc.o)
 .text.calloc   0x00000000       0x50 c:/nxp/mcuxpressoide_10.2.1_795/ide/tools/bin/../lib/gcc/arm-none-eabi/7.2.1/../../../../arm-none-eabi/lib/thumb/v7-m\libcr_c.a(alloc.o)
 .text.realloc  0x00000000       0x24 c:/nxp/mcuxpressoide_10.2.1_795/ide/tools/bin/../lib/gcc/arm-none-eabi/7.2.1/../../../../arm-none-eabi/lib/thumb/v7-m\libcr_c.a(alloc.o)
 .text          0x00000000        0x0 c:/nxp/mcuxpressoide_10.2.1_795/ide/tools/bin/../lib/gcc/arm-none-eabi/7.2.1/../../../../arm-none-eabi/lib/thumb/v7-m\libcr_c.a(errno.o)
 .data          0x00000000        0x0 c:/nxp/mcuxpressoide_10.2.1_795/ide/tools/bin/../lib/gcc/arm-none-eabi/7.2.1/../../../../arm-none-eabi/lib/thumb/v7-m\libcr_c.a(errno.o)
 .bss           0x00000000        0x0 c:/nxp/mcuxpressoide_10.2.1_795/ide/tools/bin/../lib/gcc/arm-none-eabi/7.2.1/../../../../arm-none-eabi/lib/thumb/v7-m\libcr_c.a(errno.o)
 .text          0x00000000        0x0 c:/nxp/mcuxpressoide_10.2.1_795/ide/tools/bin/../lib/gcc/arm-none-eabi/7.2.1/../../../../arm-none-eabi/lib/thumb/v7-m\libcr_c.a(fclose.o)
 .data          0x00000000        0x0 c:/nxp/mcuxpressoide_10.2.1_795/ide/tools/bin/../lib/gcc/arm-none-eabi/7.2.1/../../../../arm-none-eabi/lib/thumb/v7-m\libcr_c.a(fclose.o)
 .bss           0x00000000        0x0 c:/nxp/mcuxpressoide_10.2.1_795/ide/tools/bin/../lib/gcc/arm-none-eabi/7.2.1/../../../../arm-none-eabi/lib/thumb/v7-m\libcr_c.a(fclose.o)
 .text          0x00000000        0x0 c:/nxp/mcuxpressoide_10.2.1_795/ide/tools/bin/../lib/gcc/arm-none-eabi/7.2.1/../../../../arm-none-eabi/lib/thumb/v7-m\libcr_c.a(fflush.o)
 .data          0x00000000        0x0 c:/nxp/mcuxpressoide_10.2.1_795/ide/tools/bin/../lib/gcc/arm-none-eabi/7.2.1/../../../../arm-none-eabi/lib/thumb/v7-m\libcr_c.a(fflush.o)
 .bss           0x00000000        0x0 c:/nxp/mcuxpressoide_10.2.1_795/ide/tools/bin/../lib/gcc/arm-none-eabi/7.2.1/../../../../arm-none-eabi/lib/thumb/v7-m\libcr_c.a(fflush.o)
 .text          0x00000000        0x0 c:/nxp/mcuxpressoide_10.2.1_795/ide/tools/bin/../lib/gcc/arm-none-eabi/7.2.1/../../../../arm-none-eabi/lib/thumb/v7-m\libcr_c.a(fseek.o)
 .data          0x00000000        0x0 c:/nxp/mcuxpressoide_10.2.1_795/ide/tools/bin/../lib/gcc/arm-none-eabi/7.2.1/../../../../arm-none-eabi/lib/thumb/v7-m\libcr_c.a(fseek.o)
 .bss           0x00000000        0x0 c:/nxp/mcuxpressoide_10.2.1_795/ide/tools/bin/../lib/gcc/arm-none-eabi/7.2.1/../../../../arm-none-eabi/lib/thumb/v7-m\libcr_c.a(fseek.o)
 .text          0x00000000        0x0 c:/nxp/mcuxpressoide_10.2.1_795/ide/tools/bin/../lib/gcc/arm-none-eabi/7.2.1/../../../../arm-none-eabi/lib/thumb/v7-m\libcr_c.a(ftell.o)
 .data          0x00000000        0x0 c:/nxp/mcuxpressoide_10.2.1_795/ide/tools/bin/../lib/gcc/arm-none-eabi/7.2.1/../../../../arm-none-eabi/lib/thumb/v7-m\libcr_c.a(ftell.o)
 .bss           0x00000000        0x0 c:/nxp/mcuxpressoide_10.2.1_795/ide/tools/bin/../lib/gcc/arm-none-eabi/7.2.1/../../../../arm-none-eabi/lib/thumb/v7-m\libcr_c.a(ftell.o)
 .text          0x00000000        0x0 c:/nxp/mcuxpressoide_10.2.1_795/ide/tools/bin/../lib/gcc/arm-none-eabi/7.2.1/../../../../arm-none-eabi/lib/thumb/v7-m\libcr_c.a(remove.o)
 .data          0x00000000        0x0 c:/nxp/mcuxpressoide_10.2.1_795/ide/tools/bin/../lib/gcc/arm-none-eabi/7.2.1/../../../../arm-none-eabi/lib/thumb/v7-m\libcr_c.a(remove.o)
 .bss           0x00000000        0x0 c:/nxp/mcuxpressoide_10.2.1_795/ide/tools/bin/../lib/gcc/arm-none-eabi/7.2.1/../../../../arm-none-eabi/lib/thumb/v7-m\libcr_c.a(remove.o)
 .text.rename   0x00000000       0x28 c:/nxp/mcuxpressoide_10.2.1_795/ide/tools/bin/../lib/gcc/arm-none-eabi/7.2.1/../../../../arm-none-eabi/lib/thumb/v7-m\libcr_c.a(remove.o)
 .text          0x00000000        0x0 c:/nxp/mcuxpressoide_10.2.1_795/ide/tools/bin/../lib/gcc/arm-none-eabi/7.2.1/../../../../arm-none-eabi/lib/thumb/v7-m\libcr_c.a(memcpy.o)
 .data          0x00000000        0x0 c:/nxp/mcuxpressoide_10.2.1_795/ide/tools/bin/../lib/gcc/arm-none-eabi/7.2.1/../../../../arm-none-eabi/lib/thumb/v7-m\libcr_c.a(memcpy.o)
 .bss           0x00000000        0x0 c:/nxp/mcuxpressoide_10.2.1_795/ide/tools/bin/../lib/gcc/arm-none-eabi/7.2.1/../../../../arm-none-eabi/lib/thumb/v7-m\libcr_c.a(memcpy.o)
 .text.memcpy   0x00000000        0x4 c:/nxp/mcuxpressoide_10.2.1_795/ide/tools/bin/../lib/gcc/arm-none-eabi/7.2.1/../../../../arm-none-eabi/lib/thumb/v7-m\libcr_c.a(memcpy.o)
 .comment       0x00000000       0x7f c:/nxp/mcuxpressoide_10.2.1_795/ide/tools/bin/../lib/gcc/arm-none-eabi/7.2.1/../../../../arm-none-eabi/lib/thumb/v7-m\libcr_c.a(memcpy.o)
 .ARM.attributes
                0x00000000       0x33 c:/nxp/mcuxpressoide_10.2.1_795/ide/tools/bin/../lib/gcc/arm-none-eabi/7.2.1/../../../../arm-none-eabi/lib/thumb/v7-m\libcr_c.a(memcpy.o)
 .text          0x00000000        0x0 c:/nxp/mcuxpressoide_10.2.1_795/ide/tools/bin/../lib/gcc/arm-none-eabi/7.2.1/../../../../arm-none-eabi/lib/thumb/v7-m\libcr_c.a(__init_alloc.o)
 .data          0x00000000        0x0 c:/nxp/mcuxpressoide_10.2.1_795/ide/tools/bin/../lib/gcc/arm-none-eabi/7.2.1/../../../../arm-none-eabi/lib/thumb/v7-m\libcr_c.a(__init_alloc.o)
 .bss           0x00000000        0x0 c:/nxp/mcuxpressoide_10.2.1_795/ide/tools/bin/../lib/gcc/arm-none-eabi/7.2.1/../../../../arm-none-eabi/lib/thumb/v7-m\libcr_c.a(__init_alloc.o)
 .text._init_alloc
                0x00000000       0x14 c:/nxp/mcuxpressoide_10.2.1_795/ide/tools/bin/../lib/gcc/arm-none-eabi/7.2.1/../../../../arm-none-eabi/lib/thumb/v7-m\libcr_c.a(__init_alloc.o)
 .text          0x00000000        0x0 c:/nxp/mcuxpressoide_10.2.1_795/ide/tools/bin/../lib/gcc/arm-none-eabi/7.2.1/../../../../arm-none-eabi/lib/thumb/v7-m\libcr_c.a(_cr_sbrk.o)
 .data          0x00000000        0x0 c:/nxp/mcuxpressoide_10.2.1_795/ide/tools/bin/../lib/gcc/arm-none-eabi/7.2.1/../../../../arm-none-eabi/lib/thumb/v7-m\libcr_c.a(_cr_sbrk.o)
 .bss           0x00000000        0x0 c:/nxp/mcuxpressoide_10.2.1_795/ide/tools/bin/../lib/gcc/arm-none-eabi/7.2.1/../../../../arm-none-eabi/lib/thumb/v7-m\libcr_c.a(_cr_sbrk.o)
 .text          0x00000000        0x0 c:/nxp/mcuxpressoide_10.2.1_795/ide/tools/bin/../lib/gcc/arm-none-eabi/7.2.1/../../../../arm-none-eabi/lib/thumb/v7-m\libcr_c.a(_do_fflush.o)
 .data          0x00000000        0x0 c:/nxp/mcuxpressoide_10.2.1_795/ide/tools/bin/../lib/gcc/arm-none-eabi/7.2.1/../../../../arm-none-eabi/lib/thumb/v7-m\libcr_c.a(_do_fflush.o)
 .bss           0x00000000        0x0 c:/nxp/mcuxpressoide_10.2.1_795/ide/tools/bin/../lib/gcc/arm-none-eabi/7.2.1/../../../../arm-none-eabi/lib/thumb/v7-m\libcr_c.a(_do_fflush.o)
 .text          0x00000000        0x0 c:/nxp/mcuxpressoide_10.2.1_795/ide/tools/bin/../lib/gcc/arm-none-eabi/7.2.1/../../../../arm-none-eabi/lib/thumb/v7-m\libcr_c.a(_hugeval.o)
 .data          0x00000000        0x0 c:/nxp/mcuxpressoide_10.2.1_795/ide/tools/bin/../lib/gcc/arm-none-eabi/7.2.1/../../../../arm-none-eabi/lib/thumb/v7-m\libcr_c.a(_hugeval.o)
 .bss           0x00000000        0x0 c:/nxp/mcuxpressoide_10.2.1_795/ide/tools/bin/../lib/gcc/arm-none-eabi/7.2.1/../../../../arm-none-eabi/lib/thumb/v7-m\libcr_c.a(_hugeval.o)
 .rodata.__huge_val
                0x00000000        0x8 c:/nxp/mcuxpressoide_10.2.1_795/ide/tools/bin/../lib/gcc/arm-none-eabi/7.2.1/../../../../arm-none-eabi/lib/thumb/v7-m\libcr_c.a(_hugeval.o)
 .text          0x00000000        0x0 c:/nxp/mcuxpressoide_10.2.1_795/ide/tools/bin/../lib/gcc/arm-none-eabi/7.2.1/../../../../arm-none-eabi/lib/thumb/v7-m\libcr_c.a(_cr_check_heap.o)
 .data          0x00000000        0x0 c:/nxp/mcuxpressoide_10.2.1_795/ide/tools/bin/../lib/gcc/arm-none-eabi/7.2.1/../../../../arm-none-eabi/lib/thumb/v7-m\libcr_c.a(_cr_check_heap.o)
 .bss           0x00000000        0x0 c:/nxp/mcuxpressoide_10.2.1_795/ide/tools/bin/../lib/gcc/arm-none-eabi/7.2.1/../../../../arm-none-eabi/lib/thumb/v7-m\libcr_c.a(_cr_check_heap.o)
 .text          0x00000000        0x0 c:/nxp/mcuxpressoide_10.2.1_795/ide/tools/bin/../lib/gcc/arm-none-eabi/7.2.1/thumb/v7-m\libcr_eabihelpers.a(division_64.o)
 .data          0x00000000        0x0 c:/nxp/mcuxpressoide_10.2.1_795/ide/tools/bin/../lib/gcc/arm-none-eabi/7.2.1/thumb/v7-m\libcr_eabihelpers.a(division_64.o)
 .bss           0x00000000        0x0 c:/nxp/mcuxpressoide_10.2.1_795/ide/tools/bin/../lib/gcc/arm-none-eabi/7.2.1/thumb/v7-m\libcr_eabihelpers.a(division_64.o)
 .text.__aeabi_division_ldivmod
                0x00000000       0x26 c:/nxp/mcuxpressoide_10.2.1_795/ide/tools/bin/../lib/gcc/arm-none-eabi/7.2.1/thumb/v7-m\libcr_eabihelpers.a(division_64.o)
 .text.__aeabi_division_uldivmod
                0x00000000      0x174 c:/nxp/mcuxpressoide_10.2.1_795/ide/tools/bin/../lib/gcc/arm-none-eabi/7.2.1/thumb/v7-m\libcr_eabihelpers.a(division_64.o)
 .ARM.attributes
                0x00000000       0x21 c:/nxp/mcuxpressoide_10.2.1_795/ide/tools/bin/../lib/gcc/arm-none-eabi/7.2.1/thumb/v7-m\libcr_eabihelpers.a(division_64.o)
 .text          0x00000000        0x0 c:/nxp/mcuxpressoide_10.2.1_795/ide/tools/bin/../lib/gcc/arm-none-eabi/7.2.1/thumb/v7-m\libcr_eabihelpers.a(division_idiv0.o)
 .data          0x00000000        0x0 c:/nxp/mcuxpressoide_10.2.1_795/ide/tools/bin/../lib/gcc/arm-none-eabi/7.2.1/thumb/v7-m\libcr_eabihelpers.a(division_idiv0.o)
 .bss           0x00000000        0x0 c:/nxp/mcuxpressoide_10.2.1_795/ide/tools/bin/../lib/gcc/arm-none-eabi/7.2.1/thumb/v7-m\libcr_eabihelpers.a(division_idiv0.o)
 .text.__aeabi_division_idiv0
                0x00000000        0x2 c:/nxp/mcuxpressoide_10.2.1_795/ide/tools/bin/../lib/gcc/arm-none-eabi/7.2.1/thumb/v7-m\libcr_eabihelpers.a(division_idiv0.o)
 .ARM.attributes
                0x00000000       0x21 c:/nxp/mcuxpressoide_10.2.1_795/ide/tools/bin/../lib/gcc/arm-none-eabi/7.2.1/thumb/v7-m\libcr_eabihelpers.a(division_idiv0.o)
 .text          0x00000000        0x0 c:/nxp/mcuxpressoide_10.2.1_795/ide/tools/bin/../lib/gcc/arm-none-eabi/7.2.1/thumb/v7-m\libcr_eabihelpers.a(double.o)
 .data          0x00000000        0x0 c:/nxp/mcuxpressoide_10.2.1_795/ide/tools/bin/../lib/gcc/arm-none-eabi/7.2.1/thumb/v7-m\libcr_eabihelpers.a(double.o)
 .bss           0x00000000        0x0 c:/nxp/mcuxpressoide_10.2.1_795/ide/tools/bin/../lib/gcc/arm-none-eabi/7.2.1/thumb/v7-m\libcr_eabihelpers.a(double.o)
 .text.__aeabi_drsub
                0x00000000       0x14 c:/nxp/mcuxpressoide_10.2.1_795/ide/tools/bin/../lib/gcc/arm-none-eabi/7.2.1/thumb/v7-m\libcr_eabihelpers.a(double.o)
 .text.__aeabi_dneg
                0x00000000        0x8 c:/nxp/mcuxpressoide_10.2.1_795/ide/tools/bin/../lib/gcc/arm-none-eabi/7.2.1/thumb/v7-m\libcr_eabihelpers.a(double.o)
 .text.__aeabi_d2f
                0x00000000       0x54 c:/nxp/mcuxpressoide_10.2.1_795/ide/tools/bin/../lib/gcc/arm-none-eabi/7.2.1/thumb/v7-m\libcr_eabihelpers.a(double.o)
 .text.__aeabi_d2uiz
                0x00000000       0x30 c:/nxp/mcuxpressoide_10.2.1_795/ide/tools/bin/../lib/gcc/arm-none-eabi/7.2.1/thumb/v7-m\libcr_eabihelpers.a(double.o)
 .text.__aeabi_d2lz
                0x00000000       0x6e c:/nxp/mcuxpressoide_10.2.1_795/ide/tools/bin/../lib/gcc/arm-none-eabi/7.2.1/thumb/v7-m\libcr_eabihelpers.a(double.o)
 .text.__aeabi_d2ulz
                0x00000000       0x5a c:/nxp/mcuxpressoide_10.2.1_795/ide/tools/bin/../lib/gcc/arm-none-eabi/7.2.1/thumb/v7-m\libcr_eabihelpers.a(double.o)
 .text.__bhs_ul2d
                0x00000000       0x8a c:/nxp/mcuxpressoide_10.2.1_795/ide/tools/bin/../lib/gcc/arm-none-eabi/7.2.1/thumb/v7-m\libcr_eabihelpers.a(double.o)
 .text.__aeabi_ui2d
                0x00000000        0x8 c:/nxp/mcuxpressoide_10.2.1_795/ide/tools/bin/../lib/gcc/arm-none-eabi/7.2.1/thumb/v7-m\libcr_eabihelpers.a(double.o)
 .text.__aeabi_l2d
                0x00000000       0x1a c:/nxp/mcuxpressoide_10.2.1_795/ide/tools/bin/../lib/gcc/arm-none-eabi/7.2.1/thumb/v7-m\libcr_eabihelpers.a(double.o)
 .text.__aeabi_ul2d
                0x00000000        0x8 c:/nxp/mcuxpressoide_10.2.1_795/ide/tools/bin/../lib/gcc/arm-none-eabi/7.2.1/thumb/v7-m\libcr_eabihelpers.a(double.o)
 .text.__aeabi_dcmpgt
                0x00000000       0x54 c:/nxp/mcuxpressoide_10.2.1_795/ide/tools/bin/../lib/gcc/arm-none-eabi/7.2.1/thumb/v7-m\libcr_eabihelpers.a(double.o)
 .text.__aeabi_dcmpun
                0x00000000       0x1a c:/nxp/mcuxpressoide_10.2.1_795/ide/tools/bin/../lib/gcc/arm-none-eabi/7.2.1/thumb/v7-m\libcr_eabihelpers.a(double.o)
 .text.__aeabi_cdcmple
                0x00000000       0x24 c:/nxp/mcuxpressoide_10.2.1_795/ide/tools/bin/../lib/gcc/arm-none-eabi/7.2.1/thumb/v7-m\libcr_eabihelpers.a(double.o)
 .text.__aeabi_cdrcmple
                0x00000000       0x14 c:/nxp/mcuxpressoide_10.2.1_795/ide/tools/bin/../lib/gcc/arm-none-eabi/7.2.1/thumb/v7-m\libcr_eabihelpers.a(double.o)
 .text          0x00000000        0x0 c:/nxp/mcuxpressoide_10.2.1_795/ide/tools/bin/../lib/gcc/arm-none-eabi/7.2.1/thumb/v7-m\libcr_eabihelpers.a(memcpy.o)
 .data          0x00000000        0x0 c:/nxp/mcuxpressoide_10.2.1_795/ide/tools/bin/../lib/gcc/arm-none-eabi/7.2.1/thumb/v7-m\libcr_eabihelpers.a(memcpy.o)
 .bss           0x00000000        0x0 c:/nxp/mcuxpressoide_10.2.1_795/ide/tools/bin/../lib/gcc/arm-none-eabi/7.2.1/thumb/v7-m\libcr_eabihelpers.a(memcpy.o)
 .text.__aeabi_memcpy
                0x00000000       0x34 c:/nxp/mcuxpressoide_10.2.1_795/ide/tools/bin/../lib/gcc/arm-none-eabi/7.2.1/thumb/v7-m\libcr_eabihelpers.a(memcpy.o)
 .text.__aeabi_memmove
                0x00000000       0x1c c:/nxp/mcuxpressoide_10.2.1_795/ide/tools/bin/../lib/gcc/arm-none-eabi/7.2.1/thumb/v7-m\libcr_eabihelpers.a(memcpy.o)
 .text.__aeabi_memclr
                0x00000000        0x8 c:/nxp/mcuxpressoide_10.2.1_795/ide/tools/bin/../lib/gcc/arm-none-eabi/7.2.1/thumb/v7-m\libcr_eabihelpers.a(memcpy.o)
 .text.__aeabi_memset
                0x00000000        0xa c:/nxp/mcuxpressoide_10.2.1_795/ide/tools/bin/../lib/gcc/arm-none-eabi/7.2.1/thumb/v7-m\libcr_eabihelpers.a(memcpy.o)
 .text          0x00000000        0x0 c:/nxp/mcuxpressoide_10.2.1_795/ide/tools/bin/../lib/gcc/arm-none-eabi/7.2.1/../../../../arm-none-eabi/lib/thumb/v7-m\libcr_semihost.a(__ciob.o)
 .data          0x00000000        0x0 c:/nxp/mcuxpressoide_10.2.1_795/ide/tools/bin/../lib/gcc/arm-none-eabi/7.2.1/../../../../arm-none-eabi/lib/thumb/v7-m\libcr_semihost.a(__ciob.o)
 .bss           0x00000000        0x0 c:/nxp/mcuxpressoide_10.2.1_795/ide/tools/bin/../lib/gcc/arm-none-eabi/7.2.1/../../../../arm-none-eabi/lib/thumb/v7-m\libcr_semihost.a(__ciob.o)
 .text          0x00000000        0x0 c:/nxp/mcuxpressoide_10.2.1_795/ide/tools/bin/../lib/gcc/arm-none-eabi/7.2.1/../../../../arm-none-eabi/lib/thumb/v7-m\libcr_semihost.a(__sys_appexit.o)
 .data          0x00000000        0x0 c:/nxp/mcuxpressoide_10.2.1_795/ide/tools/bin/../lib/gcc/arm-none-eabi/7.2.1/../../../../arm-none-eabi/lib/thumb/v7-m\libcr_semihost.a(__sys_appexit.o)
 .bss           0x00000000        0x0 c:/nxp/mcuxpressoide_10.2.1_795/ide/tools/bin/../lib/gcc/arm-none-eabi/7.2.1/../../../../arm-none-eabi/lib/thumb/v7-m\libcr_semihost.a(__sys_appexit.o)
 .text          0x00000000        0x0 c:/nxp/mcuxpressoide_10.2.1_795/ide/tools/bin/../lib/gcc/arm-none-eabi/7.2.1/../../../../arm-none-eabi/lib/thumb/v7-m\libcr_semihost.a(__sys_close.o)
 .data          0x00000000        0x0 c:/nxp/mcuxpressoide_10.2.1_795/ide/tools/bin/../lib/gcc/arm-none-eabi/7.2.1/../../../../arm-none-eabi/lib/thumb/v7-m\libcr_semihost.a(__sys_close.o)
 .bss           0x00000000        0x0 c:/nxp/mcuxpressoide_10.2.1_795/ide/tools/bin/../lib/gcc/arm-none-eabi/7.2.1/../../../../arm-none-eabi/lib/thumb/v7-m\libcr_semihost.a(__sys_close.o)
 .text          0x00000000        0x0 c:/nxp/mcuxpressoide_10.2.1_795/ide/tools/bin/../lib/gcc/arm-none-eabi/7.2.1/../../../../arm-none-eabi/lib/thumb/v7-m\libcr_semihost.a(__sys_flen.o)
 .data          0x00000000        0x0 c:/nxp/mcuxpressoide_10.2.1_795/ide/tools/bin/../lib/gcc/arm-none-eabi/7.2.1/../../../../arm-none-eabi/lib/thumb/v7-m\libcr_semihost.a(__sys_flen.o)
 .bss           0x00000000        0x0 c:/nxp/mcuxpressoide_10.2.1_795/ide/tools/bin/../lib/gcc/arm-none-eabi/7.2.1/../../../../arm-none-eabi/lib/thumb/v7-m\libcr_semihost.a(__sys_flen.o)
 .text          0x00000000        0x0 c:/nxp/mcuxpressoide_10.2.1_795/ide/tools/bin/../lib/gcc/arm-none-eabi/7.2.1/../../../../arm-none-eabi/lib/thumb/v7-m\libcr_semihost.a(__sys_istty.o)
 .data          0x00000000        0x0 c:/nxp/mcuxpressoide_10.2.1_795/ide/tools/bin/../lib/gcc/arm-none-eabi/7.2.1/../../../../arm-none-eabi/lib/thumb/v7-m\libcr_semihost.a(__sys_istty.o)
 .bss           0x00000000        0x0 c:/nxp/mcuxpressoide_10.2.1_795/ide/tools/bin/../lib/gcc/arm-none-eabi/7.2.1/../../../../arm-none-eabi/lib/thumb/v7-m\libcr_semihost.a(__sys_istty.o)
 .text          0x00000000        0x0 c:/nxp/mcuxpressoide_10.2.1_795/ide/tools/bin/../lib/gcc/arm-none-eabi/7.2.1/../../../../arm-none-eabi/lib/thumb/v7-m\libcr_semihost.a(__sys_remove.o)
 .data          0x00000000        0x0 c:/nxp/mcuxpressoide_10.2.1_795/ide/tools/bin/../lib/gcc/arm-none-eabi/7.2.1/../../../../arm-none-eabi/lib/thumb/v7-m\libcr_semihost.a(__sys_remove.o)
 .bss           0x00000000        0x0 c:/nxp/mcuxpressoide_10.2.1_795/ide/tools/bin/../lib/gcc/arm-none-eabi/7.2.1/../../../../arm-none-eabi/lib/thumb/v7-m\libcr_semihost.a(__sys_remove.o)
 .text          0x00000000        0x0 c:/nxp/mcuxpressoide_10.2.1_795/ide/tools/bin/../lib/gcc/arm-none-eabi/7.2.1/../../../../arm-none-eabi/lib/thumb/v7-m\libcr_semihost.a(__sys_rename.o)
 .data          0x00000000        0x0 c:/nxp/mcuxpressoide_10.2.1_795/ide/tools/bin/../lib/gcc/arm-none-eabi/7.2.1/../../../../arm-none-eabi/lib/thumb/v7-m\libcr_semihost.a(__sys_rename.o)
 .bss           0x00000000        0x0 c:/nxp/mcuxpressoide_10.2.1_795/ide/tools/bin/../lib/gcc/arm-none-eabi/7.2.1/../../../../arm-none-eabi/lib/thumb/v7-m\libcr_semihost.a(__sys_rename.o)
 .text.__sys_rename
                0x00000000        0xc c:/nxp/mcuxpressoide_10.2.1_795/ide/tools/bin/../lib/gcc/arm-none-eabi/7.2.1/../../../../arm-none-eabi/lib/thumb/v7-m\libcr_semihost.a(__sys_rename.o)
 .ARM.attributes
                0x00000000       0x21 c:/nxp/mcuxpressoide_10.2.1_795/ide/tools/bin/../lib/gcc/arm-none-eabi/7.2.1/../../../../arm-none-eabi/lib/thumb/v7-m\libcr_semihost.a(__sys_rename.o)
 .text          0x00000000        0x0 c:/nxp/mcuxpressoide_10.2.1_795/ide/tools/bin/../lib/gcc/arm-none-eabi/7.2.1/../../../../arm-none-eabi/lib/thumb/v7-m\libcr_semihost.a(__sys_seek.o)
 .data          0x00000000        0x0 c:/nxp/mcuxpressoide_10.2.1_795/ide/tools/bin/../lib/gcc/arm-none-eabi/7.2.1/../../../../arm-none-eabi/lib/thumb/v7-m\libcr_semihost.a(__sys_seek.o)
 .bss           0x00000000        0x0 c:/nxp/mcuxpressoide_10.2.1_795/ide/tools/bin/../lib/gcc/arm-none-eabi/7.2.1/../../../../arm-none-eabi/lib/thumb/v7-m\libcr_semihost.a(__sys_seek.o)
 .text          0x00000000        0x0 c:/nxp/mcuxpressoide_10.2.1_795/ide/tools/bin/../lib/gcc/arm-none-eabi/7.2.1/../../../../arm-none-eabi/lib/thumb/v7-m\libcr_semihost.a(__sys_tmpnam.o)
 .data          0x00000000        0x0 c:/nxp/mcuxpressoide_10.2.1_795/ide/tools/bin/../lib/gcc/arm-none-eabi/7.2.1/../../../../arm-none-eabi/lib/thumb/v7-m\libcr_semihost.a(__sys_tmpnam.o)
 .bss           0x00000000        0x0 c:/nxp/mcuxpressoide_10.2.1_795/ide/tools/bin/../lib/gcc/arm-none-eabi/7.2.1/../../../../arm-none-eabi/lib/thumb/v7-m\libcr_semihost.a(__sys_tmpnam.o)
 .text          0x00000000        0x0 c:/nxp/mcuxpressoide_10.2.1_795/ide/tools/bin/../lib/gcc/arm-none-eabi/7.2.1/../../../../arm-none-eabi/lib/thumb/v7-m\libcr_semihost.a(__sys_write.o)
 .data          0x00000000        0x0 c:/nxp/mcuxpressoide_10.2.1_795/ide/tools/bin/../lib/gcc/arm-none-eabi/7.2.1/../../../../arm-none-eabi/lib/thumb/v7-m\libcr_semihost.a(__sys_write.o)
 .bss           0x00000000        0x0 c:/nxp/mcuxpressoide_10.2.1_795/ide/tools/bin/../lib/gcc/arm-none-eabi/7.2.1/../../../../arm-none-eabi/lib/thumb/v7-m\libcr_semihost.a(__sys_write.o)

Memory Configuration

Name             Origin             Length             Attributes
MFlash512        0x00000000         0x00080000         xr
RamLoc32         0x10000000         0x00008000         xrw
RamAHB32         0x2007c000         0x00008000         xrw
*default*        0x00000000         0xffffffff

Linker script and memory map

LOAD ./src/Lab_3.o
LOAD ./src/cr_startup_lpc175x_6x.o
LOAD ./src/crp.o
LOAD C:\SE\SE1819\Debug\libSE1819.a
LOAD C:\SE\CMSIS_CORE_LPC17xx\Debug\libCMSIS_CORE_LPC17xx.a
START GROUP
LOAD c:/nxp/mcuxpressoide_10.2.1_795/ide/tools/bin/../lib/gcc/arm-none-eabi/7.2.1/../../../../arm-none-eabi/lib/thumb/v7-m\libcr_semihost.a
LOAD c:/nxp/mcuxpressoide_10.2.1_795/ide/tools/bin/../lib/gcc/arm-none-eabi/7.2.1/../../../../arm-none-eabi/lib/thumb/v7-m\libcr_c.a
LOAD c:/nxp/mcuxpressoide_10.2.1_795/ide/tools/bin/../lib/gcc/arm-none-eabi/7.2.1/thumb/v7-m\libcr_eabihelpers.a
END GROUP
                0x00000000                __base_MFlash512 = 0x0
                0x00000000                __base_Flash = 0x0
                0x00080000                __top_MFlash512 = 0x80000
                0x00080000                __top_Flash = 0x80000
                0x10000000                __base_RamLoc32 = 0x10000000
                0x10000000                __base_RAM = 0x10000000
                0x10008000                __top_RamLoc32 = 0x10008000
                0x10008000                __top_RAM = 0x10008000
                0x2007c000                __base_RamAHB32 = 0x2007c000
                0x2007c000                __base_RAM2 = 0x2007c000
                0x20084000                __top_RamAHB32 = 0x20084000
                0x20084000                __top_RAM2 = 0x20084000

.text           0x00000000     0x2e64
 FILL mask 0xff
                0x00000000                __vectors_start__ = ABSOLUTE (.)
 *(.isr_vector)
 .isr_vector    0x00000000       0xcc ./src/cr_startup_lpc175x_6x.o
                0x00000000                g_pfnVectors
                0x000000cc                . = ALIGN (0x4)
                0x000000cc                __section_table_start = .
                0x000000cc                __data_section_table = .
                0x000000cc        0x4 LONG 0x2e64 LOADADDR (.data)
                0x000000d0        0x4 LONG 0x10000000 ADDR (.data)
                0x000000d4        0x4 LONG 0x4 SIZEOF (.data)
                0x000000d8        0x4 LONG 0x2e64 LOADADDR (.data_RAM2)
                0x000000dc        0x4 LONG 0x2007c000 ADDR (.data_RAM2)
                0x000000e0        0x4 LONG 0x0 SIZEOF (.data_RAM2)
                0x000000e4                __data_section_table_end = .
                0x000000e4                __bss_section_table = .
                0x000000e4        0x4 LONG 0x10000004 ADDR (.bss)
                0x000000e8        0x4 LONG 0x1f0 SIZEOF (.bss)
                0x000000ec        0x4 LONG 0x2007c000 ADDR (.bss_RAM2)
                0x000000f0        0x4 LONG 0x0 SIZEOF (.bss_RAM2)
                0x000000f4                __bss_section_table_end = .
                0x000000f4                __section_table_end = .
 *(.after_vectors*)
 .after_vectors
                0x000000f4      0x12c ./src/cr_startup_lpc175x_6x.o
                0x000000f4                data_init
                0x00000136                bss_init
                0x0000016c                ResetISR
                0x000001e4                NMI_Handler
                0x000001ea                HardFault_Handler
                0x000001f0                MemManage_Handler
                0x000001f6                BusFault_Handler
                0x000001fc                UsageFault_Handler
                0x00000202                SVC_Handler
                0x00000208                DebugMon_Handler
                0x0000020e                PendSV_Handler
                0x0000021a                UART1_IRQHandler
                0x0000021a                EINT3_IRQHandler
                0x0000021a                CANActivity_IRQHandler
                0x0000021a                TIMER3_IRQHandler
                0x0000021a                UART0_IRQHandler
                0x0000021a                USBActivity_IRQHandler
                0x0000021a                EINT2_IRQHandler
                0x0000021a                IntDefaultHandler
                0x0000021a                PLL0_IRQHandler
                0x0000021a                CAN_IRQHandler
                0x0000021a                I2C0_IRQHandler
                0x0000021a                SSP0_IRQHandler
                0x0000021a                I2C1_IRQHandler
                0x0000021a                I2C2_IRQHandler
                0x0000021a                RTC_IRQHandler
                0x0000021a                TIMER0_IRQHandler
                0x0000021a                SPI_IRQHandler
                0x0000021a                RIT_IRQHandler
                0x0000021a                EINT1_IRQHandler
                0x0000021a                TIMER1_IRQHandler
                0x0000021a                UART2_IRQHandler
                0x0000021a                ADC_IRQHandler
                0x0000021a                SSP1_IRQHandler
                0x0000021a                USB_IRQHandler
                0x0000021a                BOD_IRQHandler
                0x0000021a                PWM1_IRQHandler
                0x0000021a                WDT_IRQHandler
                0x0000021a                I2S_IRQHandler
                0x0000021a                QEI_IRQHandler
                0x0000021a                EINT0_IRQHandler
                0x0000021a                PLL1_IRQHandler
                0x0000021a                DMA_IRQHandler
                0x0000021a                TIMER2_IRQHandler
                0x0000021a                UART3_IRQHandler
                0x0000021a                MCPWM_IRQHandler
                0x0000021a                ENET_IRQHandler
                0x000002fc                . = 0x2fc
 *fill*         0x00000220       0xdc ff
                0x000002fc                PROVIDE (__CRP_WORD_START__, .)
 *(.crp)
 .crp           0x000002fc        0x4 ./src/crp.o
                0x000002fc                CRP_WORD
                0x00000300                PROVIDE (__CRP_WORD_END__, .)
                0x00000001                ASSERT (! ((__CRP_WORD_START__ == __CRP_WORD_END__)), Linker CRP Enabled, but no CRP_WORD provided within application)
 *(.text*)
 .text.main     0x00000300       0x40 ./src/Lab_3.o
                0x00000300                main
 .text.WriteHalf
                0x00000340       0x4c C:\SE\SE1819\Debug\libSE1819.a(lcd.o)
                0x00000340                WriteHalf
 .text.WriteByte
                0x0000038c       0x3e C:\SE\SE1819\Debug\libSE1819.a(lcd.o)
 .text.WriteCmd
                0x000003ca       0x18 C:\SE\SE1819\Debug\libSE1819.a(lcd.o)
 .text.WriteData
                0x000003e2       0x18 C:\SE\SE1819\Debug\libSE1819.a(lcd.o)
 *fill*         0x000003fa        0x2 ff
 .text.LCDText_Init
                0x000003fc       0x6c C:\SE\SE1819\Debug\libSE1819.a(lcd.o)
                0x000003fc                LCDText_Init
 .text.LCDText_WriteChar
                0x00000468       0x1a C:\SE\SE1819\Debug\libSE1819.a(lcd.o)
                0x00000468                LCDText_WriteChar
 .text.LCDText_WriteString
                0x00000482       0x36 C:\SE\SE1819\Debug\libSE1819.a(lcd.o)
                0x00000482                LCDText_WriteString
 .text.LCDText_Locate
                0x000004b8       0x60 C:\SE\SE1819\Debug\libSE1819.a(lcd.o)
                0x000004b8                LCDText_Locate
 .text.LCDText_Clear
                0x00000518        0xe C:\SE\SE1819\Debug\libSE1819.a(lcd.o)
                0x00000518                LCDText_Clear
 .text.LCDText_Printf
                0x00000526       0x34 C:\SE\SE1819\Debug\libSE1819.a(lcd.o)
                0x00000526                LCDText_Printf
 *fill*         0x0000055a        0x2 ff
 .text.NVIC_SetPriority
                0x0000055c       0x54 C:\SE\SE1819\Debug\libSE1819.a(wait.o)
 .text.SysTick_Config
                0x000005b0       0x44 C:\SE\SE1819\Debug\libSE1819.a(wait.o)
 .text.SysTick_Handler
                0x000005f4       0x1c C:\SE\SE1819\Debug\libSE1819.a(wait.o)
                0x000005f4                SysTick_Handler
 .text.WAIT_Init
                0x00000610       0x24 C:\SE\SE1819\Debug\libSE1819.a(wait.o)
                0x00000610                WAIT_Init
 .text.WAIT_Ms  0x00000634       0x40 C:\SE\SE1819\Debug\libSE1819.a(wait.o)
                0x00000634                WAIT_Ms
 .text.SystemInit
                0x00000674       0xdc C:\SE\CMSIS_CORE_LPC17xx\Debug\libCMSIS_CORE_LPC17xx.a(system_LPC17xx.o)
                0x00000674                SystemInit
 .text.__main   0x00000750        0xe c:/nxp/mcuxpressoide_10.2.1_795/ide/tools/bin/../lib/gcc/arm-none-eabi/7.2.1/../../../../arm-none-eabi/lib/thumb/v7-m\libcr_semihost.a(_cr__main.o)
                0x00000750                __CR_SEMIHOST
                0x00000750                __main
 .text.fp_round
                0x0000075e       0x4c c:/nxp/mcuxpressoide_10.2.1_795/ide/tools/bin/../lib/gcc/arm-none-eabi/7.2.1/../../../../arm-none-eabi/lib/thumb/v7-m\libcr_c.a(fpprintf.o)
 .text.pr_dec.constprop.1
                0x000007aa       0x26 c:/nxp/mcuxpressoide_10.2.1_795/ide/tools/bin/../lib/gcc/arm-none-eabi/7.2.1/../../../../arm-none-eabi/lib/thumb/v7-m\libcr_c.a(fpprintf.o)
 .text.sprintf  0x000007d0       0x6c c:/nxp/mcuxpressoide_10.2.1_795/ide/tools/bin/../lib/gcc/arm-none-eabi/7.2.1/../../../../arm-none-eabi/lib/thumb/v7-m\libcr_c.a(fpprintf.o)
                0x000007d0                sprintf
 *fill*         0x0000083c        0x4 ff
 .text.fp_display
                0x00000840      0x96c c:/nxp/mcuxpressoide_10.2.1_795/ide/tools/bin/../lib/gcc/arm-none-eabi/7.2.1/../../../../arm-none-eabi/lib/thumb/v7-m\libcr_c.a(fpprintf.o)
 .text.vsprintf
                0x000011ac       0x5c c:/nxp/mcuxpressoide_10.2.1_795/ide/tools/bin/../lib/gcc/arm-none-eabi/7.2.1/../../../../arm-none-eabi/lib/thumb/v7-m\libcr_c.a(fpprintf.o)
                0x000011ac                vsprintf
 .text.vsnprintf
                0x00001208       0x5c c:/nxp/mcuxpressoide_10.2.1_795/ide/tools/bin/../lib/gcc/arm-none-eabi/7.2.1/../../../../arm-none-eabi/lib/thumb/v7-m\libcr_c.a(fpprintf.o)
                0x00001208                vsnprintf
 .text.printf   0x00001264       0x54 c:/nxp/mcuxpressoide_10.2.1_795/ide/tools/bin/../lib/gcc/arm-none-eabi/7.2.1/../../../../arm-none-eabi/lib/thumb/v7-m\libcr_c.a(fpprintf.o)
                0x00001264                printf
 .text._initio  0x000012b8       0x78 c:/nxp/mcuxpressoide_10.2.1_795/ide/tools/bin/../lib/gcc/arm-none-eabi/7.2.1/../../../../arm-none-eabi/lib/thumb/v7-m\libcr_c.a(initio.o)
                0x000012b8                _initio
 .text.__vfprintf
                0x00001330      0xb98 c:/nxp/mcuxpressoide_10.2.1_795/ide/tools/bin/../lib/gcc/arm-none-eabi/7.2.1/../../../../arm-none-eabi/lib/thumb/v7-m\libcr_c.a(printf.o)
                0x00001330                __vfprintf
 .text.setvbuf  0x00001ec8       0x40 c:/nxp/mcuxpressoide_10.2.1_795/ide/tools/bin/../lib/gcc/arm-none-eabi/7.2.1/../../../../arm-none-eabi/lib/thumb/v7-m\libcr_c.a(setvbuf.o)
                0x00001ec8                setvbuf
 .text.strlen   0x00001f08       0x4a c:/nxp/mcuxpressoide_10.2.1_795/ide/tools/bin/../lib/gcc/arm-none-eabi/7.2.1/../../../../arm-none-eabi/lib/thumb/v7-m\libcr_c.a(strlen.o)
                0x00001f08                strlen
 .text.memset   0x00001f52        0x4 c:/nxp/mcuxpressoide_10.2.1_795/ide/tools/bin/../lib/gcc/arm-none-eabi/7.2.1/../../../../arm-none-eabi/lib/thumb/v7-m\libcr_c.a(memset.o)
                0x00001f52                memset
 .text._deferredlazyseek
                0x00001f56       0x40 c:/nxp/mcuxpressoide_10.2.1_795/ide/tools/bin/../lib/gcc/arm-none-eabi/7.2.1/../../../../arm-none-eabi/lib/thumb/v7-m\libcr_c.a(_deferredlazyseek.o)
                0x00001f56                _deferredlazyseek
 .text.__flsbuf
                0x00001f96      0x140 c:/nxp/mcuxpressoide_10.2.1_795/ide/tools/bin/../lib/gcc/arm-none-eabi/7.2.1/../../../../arm-none-eabi/lib/thumb/v7-m\libcr_c.a(_deferredlazyseek.o)
                0x00001f96                __flsbuf
 .text._fdopen  0x000020d6       0x68 c:/nxp/mcuxpressoide_10.2.1_795/ide/tools/bin/../lib/gcc/arm-none-eabi/7.2.1/../../../../arm-none-eabi/lib/thumb/v7-m\libcr_c.a(_fdopen.o)
                0x000020d6                _fdopen
 .text._fflush  0x0000213e       0x52 c:/nxp/mcuxpressoide_10.2.1_795/ide/tools/bin/../lib/gcc/arm-none-eabi/7.2.1/../../../../arm-none-eabi/lib/thumb/v7-m\libcr_c.a(_fflush.o)
                0x0000213e                _fflush
 .text._frexpl  0x00002190       0x56 c:/nxp/mcuxpressoide_10.2.1_795/ide/tools/bin/../lib/gcc/arm-none-eabi/7.2.1/../../../../arm-none-eabi/lib/thumb/v7-m\libcr_c.a(_frexpl.o)
                0x00002190                _frexpl
 *fill*         0x000021e6        0x2 ff
 .text._ldexpl  0x000021e8       0x4c c:/nxp/mcuxpressoide_10.2.1_795/ide/tools/bin/../lib/gcc/arm-none-eabi/7.2.1/../../../../arm-none-eabi/lib/thumb/v7-m\libcr_c.a(_ldexpl.o)
                0x000021e8                _ldexpl
 .text._Cwritebuf
                0x00002234       0x6c c:/nxp/mcuxpressoide_10.2.1_795/ide/tools/bin/../lib/gcc/arm-none-eabi/7.2.1/../../../../arm-none-eabi/lib/thumb/v7-m\libcr_c.a(_writebuf.o)
                0x00002234                _Cwritebuf
 .text.malloc   0x000022a0       0xc8 c:/nxp/mcuxpressoide_10.2.1_795/ide/tools/bin/../lib/gcc/arm-none-eabi/7.2.1/../../../../arm-none-eabi/lib/thumb/v7-m\libcr_c.a(alloc.o)
                0x000022a0                malloc
 .text.free     0x00002368       0x30 c:/nxp/mcuxpressoide_10.2.1_795/ide/tools/bin/../lib/gcc/arm-none-eabi/7.2.1/../../../../arm-none-eabi/lib/thumb/v7-m\libcr_c.a(alloc.o)
                0x00002368                free
 .text._Csys_alloc
                0x00002398       0x20 c:/nxp/mcuxpressoide_10.2.1_795/ide/tools/bin/../lib/gcc/arm-none-eabi/7.2.1/../../../../arm-none-eabi/lib/thumb/v7-m\libcr_c.a(alloc.o)
                0x00002398                _Csys_alloc
 .text.fclose   0x000023b8       0x58 c:/nxp/mcuxpressoide_10.2.1_795/ide/tools/bin/../lib/gcc/arm-none-eabi/7.2.1/../../../../arm-none-eabi/lib/thumb/v7-m\libcr_c.a(fclose.o)
                0x000023b8                fclose
 .text.fflush   0x00002410       0x44 c:/nxp/mcuxpressoide_10.2.1_795/ide/tools/bin/../lib/gcc/arm-none-eabi/7.2.1/../../../../arm-none-eabi/lib/thumb/v7-m\libcr_c.a(fflush.o)
                0x00002410                fflush
 .text.fseek    0x00002454      0x100 c:/nxp/mcuxpressoide_10.2.1_795/ide/tools/bin/../lib/gcc/arm-none-eabi/7.2.1/../../../../arm-none-eabi/lib/thumb/v7-m\libcr_c.a(fseek.o)
                0x00002454                fseek
 .text.ftell    0x00002554       0x44 c:/nxp/mcuxpressoide_10.2.1_795/ide/tools/bin/../lib/gcc/arm-none-eabi/7.2.1/../../../../arm-none-eabi/lib/thumb/v7-m\libcr_c.a(ftell.o)
                0x00002554                ftell
 .text.remove   0x00002598       0x14 c:/nxp/mcuxpressoide_10.2.1_795/ide/tools/bin/../lib/gcc/arm-none-eabi/7.2.1/../../../../arm-none-eabi/lib/thumb/v7-m\libcr_c.a(remove.o)
                0x00002598                remove
 .text._sbrk    0x000025ac       0x3c c:/nxp/mcuxpressoide_10.2.1_795/ide/tools/bin/../lib/gcc/arm-none-eabi/7.2.1/../../../../arm-none-eabi/lib/thumb/v7-m\libcr_c.a(_cr_sbrk.o)
                0x000025ac                _sbrk
 .text._do_fflush
                0x000025e8       0x40 c:/nxp/mcuxpressoide_10.2.1_795/ide/tools/bin/../lib/gcc/arm-none-eabi/7.2.1/../../../../arm-none-eabi/lib/thumb/v7-m\libcr_c.a(_do_fflush.o)
                0x000025e8                _do_fflush
 .text.__check_heap_overflow
                0x00002628       0x18 c:/nxp/mcuxpressoide_10.2.1_795/ide/tools/bin/../lib/gcc/arm-none-eabi/7.2.1/../../../../arm-none-eabi/lib/thumb/v7-m\libcr_c.a(_cr_check_heap.o)
                0x00002628                __check_heap_overflow
 .text.__aeabi_dmul
                0x00002640      0x10c c:/nxp/mcuxpressoide_10.2.1_795/ide/tools/bin/../lib/gcc/arm-none-eabi/7.2.1/thumb/v7-m\libcr_eabihelpers.a(double.o)
                0x00002640                __aeabi_dmul
 .text.__aeabi_ddiv
                0x0000274c      0x130 c:/nxp/mcuxpressoide_10.2.1_795/ide/tools/bin/../lib/gcc/arm-none-eabi/7.2.1/thumb/v7-m\libcr_eabihelpers.a(double.o)
                0x0000274c                __aeabi_ddiv
 .text.__aeabi_dsub
                0x0000287c      0x1b0 c:/nxp/mcuxpressoide_10.2.1_795/ide/tools/bin/../lib/gcc/arm-none-eabi/7.2.1/thumb/v7-m\libcr_eabihelpers.a(double.o)
                0x0000287c                __aeabi_dsub
 .text.__aeabi_dadd
                0x00002a2c      0x10c c:/nxp/mcuxpressoide_10.2.1_795/ide/tools/bin/../lib/gcc/arm-none-eabi/7.2.1/thumb/v7-m\libcr_eabihelpers.a(double.o)
                0x00002a2c                __aeabi_dadd
 .text.__aeabi_d2iz
                0x00002b38       0x40 c:/nxp/mcuxpressoide_10.2.1_795/ide/tools/bin/../lib/gcc/arm-none-eabi/7.2.1/thumb/v7-m\libcr_eabihelpers.a(double.o)
                0x00002b38                __aeabi_d2iz
 .text.__bhs_ui2d
                0x00002b78       0x46 c:/nxp/mcuxpressoide_10.2.1_795/ide/tools/bin/../lib/gcc/arm-none-eabi/7.2.1/thumb/v7-m\libcr_eabihelpers.a(double.o)
                0x00002b78                __bhs_ui2d
 .text.__aeabi_i2d
                0x00002bbe       0x12 c:/nxp/mcuxpressoide_10.2.1_795/ide/tools/bin/../lib/gcc/arm-none-eabi/7.2.1/thumb/v7-m\libcr_eabihelpers.a(double.o)
                0x00002bbe                __aeabi_i2d
 .text.__aeabi_dcmpeq
                0x00002bd0       0x2c c:/nxp/mcuxpressoide_10.2.1_795/ide/tools/bin/../lib/gcc/arm-none-eabi/7.2.1/thumb/v7-m\libcr_eabihelpers.a(double.o)
                0x00002bd0                __aeabi_dcmpeq
 .text.__aeabi_dcmplt
                0x00002bfc       0x54 c:/nxp/mcuxpressoide_10.2.1_795/ide/tools/bin/../lib/gcc/arm-none-eabi/7.2.1/thumb/v7-m\libcr_eabihelpers.a(double.o)
                0x00002bfc                __aeabi_dcmplt
 .text.__aeabi_dcmple
                0x00002c50       0x54 c:/nxp/mcuxpressoide_10.2.1_795/ide/tools/bin/../lib/gcc/arm-none-eabi/7.2.1/thumb/v7-m\libcr_eabihelpers.a(double.o)
                0x00002c50                __aeabi_dcmple
 .text.__aeabi_dcmpge
                0x00002ca4       0x54 c:/nxp/mcuxpressoide_10.2.1_795/ide/tools/bin/../lib/gcc/arm-none-eabi/7.2.1/thumb/v7-m\libcr_eabihelpers.a(double.o)
                0x00002ca4                __aeabi_dcmpge
 .text.__aeabi_memset_lowlevel
                0x00002cf8       0x32 c:/nxp/mcuxpressoide_10.2.1_795/ide/tools/bin/../lib/gcc/arm-none-eabi/7.2.1/thumb/v7-m\libcr_eabihelpers.a(memcpy.o)
                0x00002cf8                __aeabi_lowlevel_memset
 *fill*         0x00002d2a        0x2 ff
 .text.__sys_appexit
                0x00002d2c        0xc c:/nxp/mcuxpressoide_10.2.1_795/ide/tools/bin/../lib/gcc/arm-none-eabi/7.2.1/../../../../arm-none-eabi/lib/thumb/v7-m\libcr_semihost.a(__sys_appexit.o)
                0x00002d2c                __sys_appexit
                0x00002d2c                __exit
 .text.__sys_close
                0x00002d38        0xc c:/nxp/mcuxpressoide_10.2.1_795/ide/tools/bin/../lib/gcc/arm-none-eabi/7.2.1/../../../../arm-none-eabi/lib/thumb/v7-m\libcr_semihost.a(__sys_close.o)
                0x00002d38                __sys_close
 .text.__sys_flen
                0x00002d44        0xc c:/nxp/mcuxpressoide_10.2.1_795/ide/tools/bin/../lib/gcc/arm-none-eabi/7.2.1/../../../../arm-none-eabi/lib/thumb/v7-m\libcr_semihost.a(__sys_flen.o)
                0x00002d44                __sys_flen
 .text.__sys_istty
                0x00002d50        0xc c:/nxp/mcuxpressoide_10.2.1_795/ide/tools/bin/../lib/gcc/arm-none-eabi/7.2.1/../../../../arm-none-eabi/lib/thumb/v7-m\libcr_semihost.a(__sys_istty.o)
                0x00002d50                __sys_istty
 .text.__sys_remove
                0x00002d5c        0xc c:/nxp/mcuxpressoide_10.2.1_795/ide/tools/bin/../lib/gcc/arm-none-eabi/7.2.1/../../../../arm-none-eabi/lib/thumb/v7-m\libcr_semihost.a(__sys_remove.o)
                0x00002d5c                __sys_remove
 .text.__sys_seek
                0x00002d68        0xc c:/nxp/mcuxpressoide_10.2.1_795/ide/tools/bin/../lib/gcc/arm-none-eabi/7.2.1/../../../../arm-none-eabi/lib/thumb/v7-m\libcr_semihost.a(__sys_seek.o)
                0x00002d68                __sys_seek
 .text.__sys_tmpnam
                0x00002d74        0xc c:/nxp/mcuxpressoide_10.2.1_795/ide/tools/bin/../lib/gcc/arm-none-eabi/7.2.1/../../../../arm-none-eabi/lib/thumb/v7-m\libcr_semihost.a(__sys_tmpnam.o)
                0x00002d74                __sys_tmpnam
 .text.__sys_write
                0x00002d80        0xc c:/nxp/mcuxpressoide_10.2.1_795/ide/tools/bin/../lib/gcc/arm-none-eabi/7.2.1/../../../../arm-none-eabi/lib/thumb/v7-m\libcr_semihost.a(__sys_write.o)
                0x00002d80                __sys_write
 *(.rodata .rodata.* .constdata .constdata.*)
 .rodata        0x00002d8c       0x11 ./src/Lab_3.o
 *fill*         0x00002d9d        0x3 ff
 .rodata        0x00002da0       0x30 C:\SE\SE1819\Debug\libSE1819.a(lcd.o)
 .rodata.fp_display.str1.1
                0x00002dd0       0x34 c:/nxp/mcuxpressoide_10.2.1_795/ide/tools/bin/../lib/gcc/arm-none-eabi/7.2.1/../../../../arm-none-eabi/lib/thumb/v7-m\libcr_c.a(fpprintf.o)
                                 0x35 (size before relaxing)
 .rodata._initio.str1.1
                0x00002e04        0x4 c:/nxp/mcuxpressoide_10.2.1_795/ide/tools/bin/../lib/gcc/arm-none-eabi/7.2.1/../../../../arm-none-eabi/lib/thumb/v7-m\libcr_c.a(initio.o)
 .rodata.__vfprintf.str1.1
                0x00002e08       0x31 c:/nxp/mcuxpressoide_10.2.1_795/ide/tools/bin/../lib/gcc/arm-none-eabi/7.2.1/../../../../arm-none-eabi/lib/thumb/v7-m\libcr_c.a(printf.o)
                                 0x38 (size before relaxing)
 .rodata._Csys_alloc.str1.1
                0x00002e39       0x18 c:/nxp/mcuxpressoide_10.2.1_795/ide/tools/bin/../lib/gcc/arm-none-eabi/7.2.1/../../../../arm-none-eabi/lib/thumb/v7-m\libcr_c.a(alloc.o)
 *fill*         0x00002e51        0x7 ff
 .rodata.__huge_vall
                0x00002e58        0x8 c:/nxp/mcuxpressoide_10.2.1_795/ide/tools/bin/../lib/gcc/arm-none-eabi/7.2.1/../../../../arm-none-eabi/lib/thumb/v7-m\libcr_c.a(_hugeval.o)
                0x00002e58                __huge_vall
 .rodata.__num_Ciob_streams
                0x00002e60        0x4 c:/nxp/mcuxpressoide_10.2.1_795/ide/tools/bin/../lib/gcc/arm-none-eabi/7.2.1/../../../../arm-none-eabi/lib/thumb/v7-m\libcr_semihost.a(__ciob.o)
                0x00002e60                __num_Ciob_streams
                0x00002e64                . = ALIGN (0x4)

.glue_7         0x00002e64        0x0
 .glue_7        0x00002e64        0x0 linker stubs

.glue_7t        0x00002e64        0x0
 .glue_7t       0x00002e64        0x0 linker stubs

.vfp11_veneer   0x00002e64        0x0
 .vfp11_veneer  0x00002e64        0x0 linker stubs

.v4_bx          0x00002e64        0x0
 .v4_bx         0x00002e64        0x0 linker stubs

.iplt           0x00002e64        0x0
 .iplt          0x00002e64        0x0 ./src/Lab_3.o

.rel.dyn        0x00002e64        0x0
 .rel.iplt      0x00002e64        0x0 ./src/Lab_3.o

.ARM.extab
 *(.ARM.extab* .gnu.linkonce.armextab.*)
                0x00002e64                __exidx_start = .

.ARM.exidx
 *(.ARM.exidx* .gnu.linkonce.armexidx.*)
                0x00002e64                __exidx_end = .
                0x00002e64                _etext = .

.data_RAM2      0x2007c000        0x0 load address 0x00002e64
 FILL mask 0xff
                [!provide]                PROVIDE (__start_data_RAM2, .)
 *(.ramfunc.$RAM2)
 *(.ramfunc.$RamAHB32)
 *(.data.$RAM2*)
 *(.data.$RamAHB32*)
                0x2007c000                . = ALIGN (0x4)
                [!provide]                PROVIDE (__end_data_RAM2, .)

.uninit_RESERVED
                0x10000000        0x0
 *(.bss.$RESERVED*)
                0x10000000                . = ALIGN (0x4)
                0x10000000                _end_uninit_RESERVED = .

.data           0x10000000        0x4 load address 0x00002e64
 FILL mask 0xff
                0x10000000                _data = .
 *(vtable)
 *(.ramfunc*)
 *(.data*)
 .data.SystemCoreClock
                0x10000000        0x4 C:\SE\CMSIS_CORE_LPC17xx\Debug\libCMSIS_CORE_LPC17xx.a(system_LPC17xx.o)
                0x10000000                SystemCoreClock
                0x10000004                . = ALIGN (0x4)
                0x10000004                _edata = .

.igot.plt       0x10000004        0x0 load address 0x00002e68
 .igot.plt      0x10000004        0x0 ./src/Lab_3.o

.bss_RAM2       0x2007c000        0x0
                [!provide]                PROVIDE (__start_bss_RAM2, .)
 *(.bss.$RAM2*)
 *(.bss.$RamAHB32*)
                0x2007c000                . = ALIGN ((. != 0x0)?0x4:0x1)
                [!provide]                PROVIDE (__end_bss_RAM2, .)

.bss            0x10000004      0x1f0
                0x10000004                _bss = .
 *(.bss*)
 .bss.milli     0x10000004        0x4 C:\SE\SE1819\Debug\libSE1819.a(wait.o)
                0x10000004                milli
 .bss.errno     0x10000008        0x4 c:/nxp/mcuxpressoide_10.2.1_795/ide/tools/bin/../lib/gcc/arm-none-eabi/7.2.1/../../../../arm-none-eabi/lib/thumb/v7-m\libcr_c.a(errno.o)
                0x10000008                errno
 .bss.__end_of_heap
                0x1000000c        0x4 c:/nxp/mcuxpressoide_10.2.1_795/ide/tools/bin/../lib/gcc/arm-none-eabi/7.2.1/../../../../arm-none-eabi/lib/thumb/v7-m\libcr_c.a(__init_alloc.o)
                0x1000000c                __end_of_heap
 .bss.__heaps   0x10000010        0x4 c:/nxp/mcuxpressoide_10.2.1_795/ide/tools/bin/../lib/gcc/arm-none-eabi/7.2.1/../../../../arm-none-eabi/lib/thumb/v7-m\libcr_c.a(__init_alloc.o)
                0x10000010                __heaps
 .bss.__Ciob    0x10000014      0x1e0 c:/nxp/mcuxpressoide_10.2.1_795/ide/tools/bin/../lib/gcc/arm-none-eabi/7.2.1/../../../../arm-none-eabi/lib/thumb/v7-m\libcr_semihost.a(__ciob.o)
                0x10000014                __Ciob
 *(COMMON)
                0x100001f4                . = ALIGN (0x4)
                0x100001f4                _ebss = .
                [!provide]                PROVIDE (end, .)

.noinit_RAM2    0x2007c000        0x0
 *(.noinit.$RAM2*)
 *(.noinit.$RamAHB32*)
                0x2007c000                . = ALIGN (0x4)

.noinit         0x100001f4        0x0
                0x100001f4                _noinit = .
 *(.noinit*)
                0x100001f4                . = ALIGN (0x4)
                0x100001f4                _end_noinit = .
                0x100001f4                PROVIDE (_pvHeapStart, DEFINED (__user_heap_base)?__user_heap_base:.)
                0x10008000                PROVIDE (_vStackTop, DEFINED (__user_stack_top)?__user_stack_top:(__top_RamLoc32 - 0x0))
                0xefff74de                PROVIDE (__valid_user_code_checksum, (0x0 - ((((((_vStackTop + (ResetISR + 0x1)) + (NMI_Handler + 0x1)) + (HardFault_Handler + 0x1)) + (DEFINED (MemManage_Handler)?MemManage_Handler:0x0 + 0x1)) + (DEFINED (BusFault_Handler)?BusFault_Handler:0x0 + 0x1)) + (DEFINED (UsageFault_Handler)?UsageFault_Handler:0x0 + 0x1))))
                0x00000000                _image_start = LOADADDR (.text)
                0x00002e68                _image_end = (LOADADDR (.data) + SIZEOF (.data))
                0x00002e68                _image_size = (_image_end - _image_start)
OUTPUT(Lab_3.axf elf32-littlearm)

.debug_info     0x00000000     0x143f
 .debug_info    0x00000000      0x1eb ./src/Lab_3.o
 .debug_info    0x000001eb      0x255 ./src/cr_startup_lpc175x_6x.o
 .debug_info    0x00000440       0x3f ./src/crp.o
 .debug_info    0x0000047f      0x69a C:\SE\SE1819\Debug\libSE1819.a(lcd.o)
 .debug_info    0x00000b19      0x5d9 C:\SE\SE1819\Debug\libSE1819.a(wait.o)
 .debug_info    0x000010f2      0x34d C:\SE\CMSIS_CORE_LPC17xx\Debug\libCMSIS_CORE_LPC17xx.a(system_LPC17xx.o)

.debug_abbrev   0x00000000      0x684
 .debug_abbrev  0x00000000       0xc2 ./src/Lab_3.o
 .debug_abbrev  0x000000c2      0x114 ./src/cr_startup_lpc175x_6x.o
 .debug_abbrev  0x000001d6       0x36 ./src/crp.o
 .debug_abbrev  0x0000020c      0x196 C:\SE\SE1819\Debug\libSE1819.a(lcd.o)
 .debug_abbrev  0x000003a2      0x1da C:\SE\SE1819\Debug\libSE1819.a(wait.o)
 .debug_abbrev  0x0000057c      0x108 C:\SE\CMSIS_CORE_LPC17xx\Debug\libCMSIS_CORE_LPC17xx.a(system_LPC17xx.o)

.debug_aranges  0x00000000      0x188
 .debug_aranges
                0x00000000       0x20 ./src/Lab_3.o
 .debug_aranges
                0x00000020       0x80 ./src/cr_startup_lpc175x_6x.o
 .debug_aranges
                0x000000a0       0x18 ./src/crp.o
 .debug_aranges
                0x000000b8       0x68 C:\SE\SE1819\Debug\libSE1819.a(lcd.o)
 .debug_aranges
                0x00000120       0x40 C:\SE\SE1819\Debug\libSE1819.a(wait.o)
 .debug_aranges
                0x00000160       0x28 C:\SE\CMSIS_CORE_LPC17xx\Debug\libCMSIS_CORE_LPC17xx.a(system_LPC17xx.o)

.debug_ranges   0x00000000      0x120
 .debug_ranges  0x00000000       0x10 ./src/Lab_3.o
 .debug_ranges  0x00000010       0x70 ./src/cr_startup_lpc175x_6x.o
 .debug_ranges  0x00000080       0x58 C:\SE\SE1819\Debug\libSE1819.a(lcd.o)
 .debug_ranges  0x000000d8       0x30 C:\SE\SE1819\Debug\libSE1819.a(wait.o)
 .debug_ranges  0x00000108       0x18 C:\SE\CMSIS_CORE_LPC17xx\Debug\libCMSIS_CORE_LPC17xx.a(system_LPC17xx.o)

.debug_macro    0x00000000     0x39e7
 .debug_macro   0x00000000       0xa8 ./src/Lab_3.o
 .debug_macro   0x000000a8      0xa6c ./src/Lab_3.o
 .debug_macro   0x00000b14       0x1c ./src/Lab_3.o
 .debug_macro   0x00000b30       0x3a ./src/Lab_3.o
 .debug_macro   0x00000b6a       0x10 ./src/Lab_3.o
 .debug_macro   0x00000b7a      0x12d ./src/Lab_3.o
 .debug_macro   0x00000ca7      0x5b2 ./src/Lab_3.o
 .debug_macro   0x00001259       0x2d ./src/Lab_3.o
 .debug_macro   0x00001286      0xbb1 ./src/Lab_3.o
 .debug_macro   0x00001e37      0x2c7 ./src/Lab_3.o
 .debug_macro   0x000020fe       0x82 ./src/Lab_3.o
 .debug_macro   0x00002180       0xa0 ./src/Lab_3.o
 .debug_macro   0x00002220       0x1d ./src/cr_startup_lpc175x_6x.o
 .debug_macro   0x0000223d       0x1a ./src/crp.o
 .debug_macro   0x00002257       0x34 ./src/crp.o
 .debug_macro   0x0000228b       0xb9 C:\SE\SE1819\Debug\libSE1819.a(lcd.o)
 .debug_macro   0x00002344      0xa6c C:\SE\SE1819\Debug\libSE1819.a(lcd.o)
 .debug_macro   0x00002db0       0x16 C:\SE\SE1819\Debug\libSE1819.a(lcd.o)
 .debug_macro   0x00002dc6       0x10 C:\SE\SE1819\Debug\libSE1819.a(lcd.o)
 .debug_macro   0x00002dd6       0x78 C:\SE\SE1819\Debug\libSE1819.a(wait.o)
 .debug_macro   0x00002e4e      0x12d C:\SE\CMSIS_CORE_LPC17xx\Debug\libCMSIS_CORE_LPC17xx.a(system_LPC17xx.o)
 .debug_macro   0x00002f7b      0xa6c C:\SE\CMSIS_CORE_LPC17xx\Debug\libCMSIS_CORE_LPC17xx.a(system_LPC17xx.o)

.debug_line     0x00000000      0x97f
 .debug_line    0x00000000      0x1ff ./src/Lab_3.o
 .debug_line    0x000001ff       0xd3 ./src/cr_startup_lpc175x_6x.o
 .debug_line    0x000002d2       0x75 ./src/crp.o
 .debug_line    0x00000347      0x274 C:\SE\SE1819\Debug\libSE1819.a(lcd.o)
 .debug_line    0x000005bb      0x1cb C:\SE\SE1819\Debug\libSE1819.a(wait.o)
 .debug_line    0x00000786      0x1f9 C:\SE\CMSIS_CORE_LPC17xx\Debug\libCMSIS_CORE_LPC17xx.a(system_LPC17xx.o)

.debug_str      0x00000000     0xb176
 .debug_str     0x00000000     0xa3ca ./src/Lab_3.o
                               0xa45d (size before relaxing)
 .debug_str     0x0000a3ca      0x1d6 ./src/cr_startup_lpc175x_6x.o
                               0x2ead (size before relaxing)
 .debug_str     0x0000a5a0       0xe9 ./src/crp.o
                               0x2dba (size before relaxing)
 .debug_str     0x0000a689      0x2ec C:\SE\SE1819\Debug\libSE1819.a(lcd.o)
                               0xa2e7 (size before relaxing)
 .debug_str     0x0000a975      0x31a C:\SE\SE1819\Debug\libSE1819.a(wait.o)
                               0xa057 (size before relaxing)
 .debug_str     0x0000ac8f      0x4e7 C:\SE\CMSIS_CORE_LPC17xx\Debug\libCMSIS_CORE_LPC17xx.a(system_LPC17xx.o)
                               0xa135 (size before relaxing)

.comment        0x00000000       0x7e
 .comment       0x00000000       0x7e ./src/Lab_3.o
                                 0x7f (size before relaxing)
 .comment       0x0000007e       0x7f ./src/cr_startup_lpc175x_6x.o
 .comment       0x0000007e       0x7f ./src/crp.o
 .comment       0x0000007e       0x7f C:\SE\SE1819\Debug\libSE1819.a(lcd.o)
 .comment       0x0000007e       0x7f C:\SE\SE1819\Debug\libSE1819.a(wait.o)
 .comment       0x0000007e       0x7f C:\SE\CMSIS_CORE_LPC17xx\Debug\libCMSIS_CORE_LPC17xx.a(system_LPC17xx.o)
 .comment       0x0000007e       0x7f c:/nxp/mcuxpressoide_10.2.1_795/ide/tools/bin/../lib/gcc/arm-none-eabi/7.2.1/../../../../arm-none-eabi/lib/thumb/v7-m\libcr_semihost.a(_cr__main.o)
 .comment       0x0000007e       0x7f c:/nxp/mcuxpressoide_10.2.1_795/ide/tools/bin/../lib/gcc/arm-none-eabi/7.2.1/../../../../arm-none-eabi/lib/thumb/v7-m\libcr_c.a(fpprintf.o)
 .comment       0x0000007e       0x7f c:/nxp/mcuxpressoide_10.2.1_795/ide/tools/bin/../lib/gcc/arm-none-eabi/7.2.1/../../../../arm-none-eabi/lib/thumb/v7-m\libcr_c.a(initio.o)
 .comment       0x0000007e       0x7f c:/nxp/mcuxpressoide_10.2.1_795/ide/tools/bin/../lib/gcc/arm-none-eabi/7.2.1/../../../../arm-none-eabi/lib/thumb/v7-m\libcr_c.a(printf.o)
 .comment       0x0000007e       0x7f c:/nxp/mcuxpressoide_10.2.1_795/ide/tools/bin/../lib/gcc/arm-none-eabi/7.2.1/../../../../arm-none-eabi/lib/thumb/v7-m\libcr_c.a(setvbuf.o)
 .comment       0x0000007e       0x7f c:/nxp/mcuxpressoide_10.2.1_795/ide/tools/bin/../lib/gcc/arm-none-eabi/7.2.1/../../../../arm-none-eabi/lib/thumb/v7-m\libcr_c.a(strlen.o)
 .comment       0x0000007e       0x7f c:/nxp/mcuxpressoide_10.2.1_795/ide/tools/bin/../lib/gcc/arm-none-eabi/7.2.1/../../../../arm-none-eabi/lib/thumb/v7-m\libcr_c.a(memset.o)
 .comment       0x0000007e       0x7f c:/nxp/mcuxpressoide_10.2.1_795/ide/tools/bin/../lib/gcc/arm-none-eabi/7.2.1/../../../../arm-none-eabi/lib/thumb/v7-m\libcr_c.a(_deferredlazyseek.o)
 .comment       0x0000007e       0x7f c:/nxp/mcuxpressoide_10.2.1_795/ide/tools/bin/../lib/gcc/arm-none-eabi/7.2.1/../../../../arm-none-eabi/lib/thumb/v7-m\libcr_c.a(_fdopen.o)
 .comment       0x0000007e       0x7f c:/nxp/mcuxpressoide_10.2.1_795/ide/tools/bin/../lib/gcc/arm-none-eabi/7.2.1/../../../../arm-none-eabi/lib/thumb/v7-m\libcr_c.a(_fflush.o)
 .comment       0x0000007e       0x7f c:/nxp/mcuxpressoide_10.2.1_795/ide/tools/bin/../lib/gcc/arm-none-eabi/7.2.1/../../../../arm-none-eabi/lib/thumb/v7-m\libcr_c.a(_frexpl.o)
 .comment       0x0000007e       0x7f c:/nxp/mcuxpressoide_10.2.1_795/ide/tools/bin/../lib/gcc/arm-none-eabi/7.2.1/../../../../arm-none-eabi/lib/thumb/v7-m\libcr_c.a(_ldexpl.o)
 .comment       0x0000007e       0x7f c:/nxp/mcuxpressoide_10.2.1_795/ide/tools/bin/../lib/gcc/arm-none-eabi/7.2.1/../../../../arm-none-eabi/lib/thumb/v7-m\libcr_c.a(_writebuf.o)
 .comment       0x0000007e       0x7f c:/nxp/mcuxpressoide_10.2.1_795/ide/tools/bin/../lib/gcc/arm-none-eabi/7.2.1/../../../../arm-none-eabi/lib/thumb/v7-m\libcr_c.a(alloc.o)
 .comment       0x0000007e       0x7f c:/nxp/mcuxpressoide_10.2.1_795/ide/tools/bin/../lib/gcc/arm-none-eabi/7.2.1/../../../../arm-none-eabi/lib/thumb/v7-m\libcr_c.a(errno.o)
 .comment       0x0000007e       0x7f c:/nxp/mcuxpressoide_10.2.1_795/ide/tools/bin/../lib/gcc/arm-none-eabi/7.2.1/../../../../arm-none-eabi/lib/thumb/v7-m\libcr_c.a(fclose.o)
 .comment       0x0000007e       0x7f c:/nxp/mcuxpressoide_10.2.1_795/ide/tools/bin/../lib/gcc/arm-none-eabi/7.2.1/../../../../arm-none-eabi/lib/thumb/v7-m\libcr_c.a(fflush.o)
 .comment       0x0000007e       0x7f c:/nxp/mcuxpressoide_10.2.1_795/ide/tools/bin/../lib/gcc/arm-none-eabi/7.2.1/../../../../arm-none-eabi/lib/thumb/v7-m\libcr_c.a(fseek.o)
 .comment       0x0000007e       0x7f c:/nxp/mcuxpressoide_10.2.1_795/ide/tools/bin/../lib/gcc/arm-none-eabi/7.2.1/../../../../arm-none-eabi/lib/thumb/v7-m\libcr_c.a(ftell.o)
 .comment       0x0000007e       0x7f c:/nxp/mcuxpressoide_10.2.1_795/ide/tools/bin/../lib/gcc/arm-none-eabi/7.2.1/../../../../arm-none-eabi/lib/thumb/v7-m\libcr_c.a(remove.o)
 .comment       0x0000007e       0x7f c:/nxp/mcuxpressoide_10.2.1_795/ide/tools/bin/../lib/gcc/arm-none-eabi/7.2.1/../../../../arm-none-eabi/lib/thumb/v7-m\libcr_c.a(__init_alloc.o)
 .comment       0x0000007e       0x7f c:/nxp/mcuxpressoide_10.2.1_795/ide/tools/bin/../lib/gcc/arm-none-eabi/7.2.1/../../../../arm-none-eabi/lib/thumb/v7-m\libcr_c.a(_cr_sbrk.o)
 .comment       0x0000007e       0x7f c:/nxp/mcuxpressoide_10.2.1_795/ide/tools/bin/../lib/gcc/arm-none-eabi/7.2.1/../../../../arm-none-eabi/lib/thumb/v7-m\libcr_c.a(_do_fflush.o)
 .comment       0x0000007e       0x7f c:/nxp/mcuxpressoide_10.2.1_795/ide/tools/bin/../lib/gcc/arm-none-eabi/7.2.1/../../../../arm-none-eabi/lib/thumb/v7-m\libcr_c.a(_hugeval.o)
 .comment       0x0000007e       0x7f c:/nxp/mcuxpressoide_10.2.1_795/ide/tools/bin/../lib/gcc/arm-none-eabi/7.2.1/../../../../arm-none-eabi/lib/thumb/v7-m\libcr_c.a(_cr_check_heap.o)
 .comment       0x0000007e       0x7f c:/nxp/mcuxpressoide_10.2.1_795/ide/tools/bin/../lib/gcc/arm-none-eabi/7.2.1/thumb/v7-m\libcr_eabihelpers.a(double.o)
 .comment       0x0000007e       0x7f c:/nxp/mcuxpressoide_10.2.1_795/ide/tools/bin/../lib/gcc/arm-none-eabi/7.2.1/../../../../arm-none-eabi/lib/thumb/v7-m\libcr_semihost.a(__ciob.o)

.ARM.attributes
                0x00000000       0x31
 .ARM.attributes
                0x00000000       0x33 ./src/Lab_3.o
 .ARM.attributes
                0x00000033       0x33 ./src/cr_startup_lpc175x_6x.o
 .ARM.attributes
                0x00000066       0x33 ./src/crp.o
 .ARM.attributes
                0x00000099       0x33 C:\SE\SE1819\Debug\libSE1819.a(lcd.o)
 .ARM.attributes
                0x000000cc       0x33 C:\SE\SE1819\Debug\libSE1819.a(wait.o)
 .ARM.attributes
                0x000000ff       0x33 C:\SE\CMSIS_CORE_LPC17xx\Debug\libCMSIS_CORE_LPC17xx.a(system_LPC17xx.o)
 .ARM.attributes
                0x00000132       0x33 c:/nxp/mcuxpressoide_10.2.1_795/ide/tools/bin/../lib/gcc/arm-none-eabi/7.2.1/../../../../arm-none-eabi/lib/thumb/v7-m\libcr_semihost.a(_cr__main.o)
 .ARM.attributes
                0x00000165       0x33 c:/nxp/mcuxpressoide_10.2.1_795/ide/tools/bin/../lib/gcc/arm-none-eabi/7.2.1/../../../../arm-none-eabi/lib/thumb/v7-m\libcr_c.a(fpprintf.o)
 .ARM.attributes
                0x00000198       0x33 c:/nxp/mcuxpressoide_10.2.1_795/ide/tools/bin/../lib/gcc/arm-none-eabi/7.2.1/../../../../arm-none-eabi/lib/thumb/v7-m\libcr_c.a(initio.o)
 .ARM.attributes
                0x000001cb       0x33 c:/nxp/mcuxpressoide_10.2.1_795/ide/tools/bin/../lib/gcc/arm-none-eabi/7.2.1/../../../../arm-none-eabi/lib/thumb/v7-m\libcr_c.a(printf.o)
 .ARM.attributes
                0x000001fe       0x33 c:/nxp/mcuxpressoide_10.2.1_795/ide/tools/bin/../lib/gcc/arm-none-eabi/7.2.1/../../../../arm-none-eabi/lib/thumb/v7-m\libcr_c.a(setvbuf.o)
 .ARM.attributes
                0x00000231       0x33 c:/nxp/mcuxpressoide_10.2.1_795/ide/tools/bin/../lib/gcc/arm-none-eabi/7.2.1/../../../../arm-none-eabi/lib/thumb/v7-m\libcr_c.a(strlen.o)
 .ARM.attributes
                0x00000264       0x33 c:/nxp/mcuxpressoide_10.2.1_795/ide/tools/bin/../lib/gcc/arm-none-eabi/7.2.1/../../../../arm-none-eabi/lib/thumb/v7-m\libcr_c.a(memset.o)
 .ARM.attributes
                0x00000297       0x33 c:/nxp/mcuxpressoide_10.2.1_795/ide/tools/bin/../lib/gcc/arm-none-eabi/7.2.1/../../../../arm-none-eabi/lib/thumb/v7-m\libcr_c.a(_deferredlazyseek.o)
 .ARM.attributes
                0x000002ca       0x33 c:/nxp/mcuxpressoide_10.2.1_795/ide/tools/bin/../lib/gcc/arm-none-eabi/7.2.1/../../../../arm-none-eabi/lib/thumb/v7-m\libcr_c.a(_fdopen.o)
 .ARM.attributes
                0x000002fd       0x33 c:/nxp/mcuxpressoide_10.2.1_795/ide/tools/bin/../lib/gcc/arm-none-eabi/7.2.1/../../../../arm-none-eabi/lib/thumb/v7-m\libcr_c.a(_fflush.o)
 .ARM.attributes
                0x00000330       0x33 c:/nxp/mcuxpressoide_10.2.1_795/ide/tools/bin/../lib/gcc/arm-none-eabi/7.2.1/../../../../arm-none-eabi/lib/thumb/v7-m\libcr_c.a(_frexpl.o)
 .ARM.attributes
                0x00000363       0x33 c:/nxp/mcuxpressoide_10.2.1_795/ide/tools/bin/../lib/gcc/arm-none-eabi/7.2.1/../../../../arm-none-eabi/lib/thumb/v7-m\libcr_c.a(_ldexpl.o)
 .ARM.attributes
                0x00000396       0x33 c:/nxp/mcuxpressoide_10.2.1_795/ide/tools/bin/../lib/gcc/arm-none-eabi/7.2.1/../../../../arm-none-eabi/lib/thumb/v7-m\libcr_c.a(_writebuf.o)
 .ARM.attributes
                0x000003c9       0x33 c:/nxp/mcuxpressoide_10.2.1_795/ide/tools/bin/../lib/gcc/arm-none-eabi/7.2.1/../../../../arm-none-eabi/lib/thumb/v7-m\libcr_c.a(alloc.o)
 .ARM.attributes
                0x000003fc       0x33 c:/nxp/mcuxpressoide_10.2.1_795/ide/tools/bin/../lib/gcc/arm-none-eabi/7.2.1/../../../../arm-none-eabi/lib/thumb/v7-m\libcr_c.a(errno.o)
 .ARM.attributes
                0x0000042f       0x33 c:/nxp/mcuxpressoide_10.2.1_795/ide/tools/bin/../lib/gcc/arm-none-eabi/7.2.1/../../../../arm-none-eabi/lib/thumb/v7-m\libcr_c.a(fclose.o)
 .ARM.attributes
                0x00000462       0x33 c:/nxp/mcuxpressoide_10.2.1_795/ide/tools/bin/../lib/gcc/arm-none-eabi/7.2.1/../../../../arm-none-eabi/lib/thumb/v7-m\libcr_c.a(fflush.o)
 .ARM.attributes
                0x00000495       0x33 c:/nxp/mcuxpressoide_10.2.1_795/ide/tools/bin/../lib/gcc/arm-none-eabi/7.2.1/../../../../arm-none-eabi/lib/thumb/v7-m\libcr_c.a(fseek.o)
 .ARM.attributes
                0x000004c8       0x33 c:/nxp/mcuxpressoide_10.2.1_795/ide/tools/bin/../lib/gcc/arm-none-eabi/7.2.1/../../../../arm-none-eabi/lib/thumb/v7-m\libcr_c.a(ftell.o)
 .ARM.attributes
                0x000004fb       0x33 c:/nxp/mcuxpressoide_10.2.1_795/ide/tools/bin/../lib/gcc/arm-none-eabi/7.2.1/../../../../arm-none-eabi/lib/thumb/v7-m\libcr_c.a(remove.o)
 .ARM.attributes
                0x0000052e       0x33 c:/nxp/mcuxpressoide_10.2.1_795/ide/tools/bin/../lib/gcc/arm-none-eabi/7.2.1/../../../../arm-none-eabi/lib/thumb/v7-m\libcr_c.a(__init_alloc.o)
 .ARM.attributes
                0x00000561       0x33 c:/nxp/mcuxpressoide_10.2.1_795/ide/tools/bin/../lib/gcc/arm-none-eabi/7.2.1/../../../../arm-none-eabi/lib/thumb/v7-m\libcr_c.a(_cr_sbrk.o)
 .ARM.attributes
                0x00000594       0x33 c:/nxp/mcuxpressoide_10.2.1_795/ide/tools/bin/../lib/gcc/arm-none-eabi/7.2.1/../../../../arm-none-eabi/lib/thumb/v7-m\libcr_c.a(_do_fflush.o)
 .ARM.attributes
                0x000005c7       0x33 c:/nxp/mcuxpressoide_10.2.1_795/ide/tools/bin/../lib/gcc/arm-none-eabi/7.2.1/../../../../arm-none-eabi/lib/thumb/v7-m\libcr_c.a(_hugeval.o)
 .ARM.attributes
                0x000005fa       0x33 c:/nxp/mcuxpressoide_10.2.1_795/ide/tools/bin/../lib/gcc/arm-none-eabi/7.2.1/../../../../arm-none-eabi/lib/thumb/v7-m\libcr_c.a(_cr_check_heap.o)
 .ARM.attributes
                0x0000062d       0x33 c:/nxp/mcuxpressoide_10.2.1_795/ide/tools/bin/../lib/gcc/arm-none-eabi/7.2.1/thumb/v7-m\libcr_eabihelpers.a(double.o)
 .ARM.attributes
                0x00000660       0x21 c:/nxp/mcuxpressoide_10.2.1_795/ide/tools/bin/../lib/gcc/arm-none-eabi/7.2.1/thumb/v7-m\libcr_eabihelpers.a(memcpy.o)
 .ARM.attributes
                0x00000681       0x33 c:/nxp/mcuxpressoide_10.2.1_795/ide/tools/bin/../lib/gcc/arm-none-eabi/7.2.1/../../../../arm-none-eabi/lib/thumb/v7-m\libcr_semihost.a(__ciob.o)
 .ARM.attributes
                0x000006b4       0x21 c:/nxp/mcuxpressoide_10.2.1_795/ide/tools/bin/../lib/gcc/arm-none-eabi/7.2.1/../../../../arm-none-eabi/lib/thumb/v7-m\libcr_semihost.a(__sys_appexit.o)
 .ARM.attributes
                0x000006d5       0x21 c:/nxp/mcuxpressoide_10.2.1_795/ide/tools/bin/../lib/gcc/arm-none-eabi/7.2.1/../../../../arm-none-eabi/lib/thumb/v7-m\libcr_semihost.a(__sys_close.o)
 .ARM.attributes
                0x000006f6       0x21 c:/nxp/mcuxpressoide_10.2.1_795/ide/tools/bin/../lib/gcc/arm-none-eabi/7.2.1/../../../../arm-none-eabi/lib/thumb/v7-m\libcr_semihost.a(__sys_flen.o)
 .ARM.attributes
                0x00000717       0x21 c:/nxp/mcuxpressoide_10.2.1_795/ide/tools/bin/../lib/gcc/arm-none-eabi/7.2.1/../../../../arm-none-eabi/lib/thumb/v7-m\libcr_semihost.a(__sys_istty.o)
 .ARM.attributes
                0x00000738       0x21 c:/nxp/mcuxpressoide_10.2.1_795/ide/tools/bin/../lib/gcc/arm-none-eabi/7.2.1/../../../../arm-none-eabi/lib/thumb/v7-m\libcr_semihost.a(__sys_remove.o)
 .ARM.attributes
                0x00000759       0x21 c:/nxp/mcuxpressoide_10.2.1_795/ide/tools/bin/../lib/gcc/arm-none-eabi/7.2.1/../../../../arm-none-eabi/lib/thumb/v7-m\libcr_semihost.a(__sys_seek.o)
 .ARM.attributes
                0x0000077a       0x21 c:/nxp/mcuxpressoide_10.2.1_795/ide/tools/bin/../lib/gcc/arm-none-eabi/7.2.1/../../../../arm-none-eabi/lib/thumb/v7-m\libcr_semihost.a(__sys_tmpnam.o)
 .ARM.attributes
                0x0000079b       0x21 c:/nxp/mcuxpressoide_10.2.1_795/ide/tools/bin/../lib/gcc/arm-none-eabi/7.2.1/../../../../arm-none-eabi/lib/thumb/v7-m\libcr_semihost.a(__sys_write.o)

.debug_frame    0x00000000      0x41c
 .debug_frame   0x00000000       0x2c ./src/Lab_3.o
 .debug_frame   0x0000002c      0x170 ./src/cr_startup_lpc175x_6x.o
 .debug_frame   0x0000019c      0x184 C:\SE\SE1819\Debug\libSE1819.a(lcd.o)
 .debug_frame   0x00000320       0xc0 C:\SE\SE1819\Debug\libSE1819.a(wait.o)
 .debug_frame   0x000003e0       0x3c C:\SE\CMSIS_CORE_LPC17xx\Debug\libCMSIS_CORE_LPC17xx.a(system_LPC17xx.o)
