20:48:44 **** Build of configuration Debug for project Lab_3 ****
make -r -j4 all 
Building file: ../src/Lab_3.c
Invoking: MCU C Compiler
arm-none-eabi-gcc -DDEBUG -D__CODE_RED -DCORE_M3 -D__USE_CMSIS=CMSIS_CORE_LPC17xx -D__LPC17XX__ -D__REDLIB__ -I"C:\SE\SE1819\inc" -I"C:\SE\Lab_3\inc" -I"C:\SE\CMSIS_CORE_LPC17xx\inc" -O0 -fno-common -g3 -Wall -c -fmessage-length=0 -fno-builtin -ffunction-sections -fdata-sections -mcpu=cortex-m3 -mthumb -specs=redlib.specs -MMD -MP -MF"src/Lab_3.d" -MT"src/Lab_3.o" -MT"src/Lab_3.d" -o "src/Lab_3.o" "../src/Lab_3.c"
Finished building: ../src/Lab_3.c
 
Building target: Lab_3.axf
Invoking: MCU Linker
arm-none-eabi-gcc -nostdlib -L"C:\SE\SE1819\Debug" -L"C:\SE\CMSIS_CORE_LPC17xx\Debug" -Xlinker -Map="Lab_3.map" -Xlinker --gc-sections -Xlinker -print-memory-usage -mcpu=cortex-m3 -mthumb -T "Lab_3_Debug.ld" -o "Lab_3.axf"  ./src/Lab_3.o ./src/cr_startup_lpc175x_6x.o ./src/crp.o   -lSE1819 -lCMSIS_CORE_LPC17xx
Memory region         Used Size  Region Size  %age Used
       MFlash512:       11880 B       512 KB      2.27%
        RamLoc32:         500 B        32 KB      1.53%
        RamAHB32:          0 GB        32 KB      0.00%
Finished building target: Lab_3.axf
 
make --no-print-directory post-build
Performing post-build steps
arm-none-eabi-size "Lab_3.axf"; # arm-none-eabi-objcopy -v -O binary "Lab_3.axf" "Lab_3.bin" ; # checksum -p LPC1769 -d "Lab_3.bin";
   text	   data	    bss	    dec	    hex	filename
  11876	      4	    496	  12376	   3058	Lab_3.axf
 

20:48:45 Build Finished (took 627ms)

