20:48:44 **** Build of configuration Debug for project Lab_1 ****
make -r -j4 all 
Building target: Lab_1.axf
Invoking: MCU Linker
arm-none-eabi-gcc -nostdlib -L"C:\SE\CMSIS_CORE_LPC17xx\Debug" -L"C:\SE\SE1819\Debug" -Xlinker -Map="Lab_1.map" -Xlinker --gc-sections -Xlinker -print-memory-usage -mcpu=cortex-m3 -mthumb -T "Lab_1_Debug.ld" -o "Lab_1.axf"  ./src/Lab_1.o ./src/cr_startup_lpc175x_6x.o ./src/crp.o   -lCMSIS_CORE_LPC17xx -lSE1819
Memory region         Used Size  Region Size  %age Used
       MFlash512:        2868 B       512 KB      0.55%
        RamLoc32:         500 B        32 KB      1.53%
        RamAHB32:          0 GB        32 KB      0.00%
Finished building target: Lab_1.axf
 
make --no-print-directory post-build
Performing post-build steps
arm-none-eabi-size "Lab_1.axf"; # arm-none-eabi-objcopy -v -O binary "Lab_1.axf" "Lab_1.bin" ; # checksum -p LPC1769 -d "Lab_1.bin";
   text	   data	    bss	    dec	    hex	filename
   2864	      4	    496	   3364	    d24	Lab_1.axf
 

20:48:44 Build Finished (took 438ms)

